Archive member included to satisfy reference by file (symbol)

d:/intelfpga_lite/17.1/nios2eds/bin/gnu/h-x86_64-mingw32/bin/../lib/gcc/nios2-elf/5.3.0\libgcc.a(addsf3.o)
                              obj/default/main.o (__addsf3)
d:/intelfpga_lite/17.1/nios2eds/bin/gnu/h-x86_64-mingw32/bin/../lib/gcc/nios2-elf/5.3.0\libgcc.a(divsf3.o)
                              obj/default/main.o (__divsf3)
d:/intelfpga_lite/17.1/nios2eds/bin/gnu/h-x86_64-mingw32/bin/../lib/gcc/nios2-elf/5.3.0\libgcc.a(gesf2.o)
                              obj/default/main.o (__gesf2)
d:/intelfpga_lite/17.1/nios2eds/bin/gnu/h-x86_64-mingw32/bin/../lib/gcc/nios2-elf/5.3.0\libgcc.a(lesf2.o)
                              obj/default/main.o (__lesf2)
d:/intelfpga_lite/17.1/nios2eds/bin/gnu/h-x86_64-mingw32/bin/../lib/gcc/nios2-elf/5.3.0\libgcc.a(mulsf3.o)
                              obj/default/main.o (__mulsf3)
d:/intelfpga_lite/17.1/nios2eds/bin/gnu/h-x86_64-mingw32/bin/../lib/gcc/nios2-elf/5.3.0\libgcc.a(subsf3.o)
                              obj/default/main.o (__subsf3)
d:/intelfpga_lite/17.1/nios2eds/bin/gnu/h-x86_64-mingw32/bin/../lib/gcc/nios2-elf/5.3.0\libgcc.a(fixsfsi.o)
                              obj/default/main.o (__fixsfsi)
d:/intelfpga_lite/17.1/nios2eds/bin/gnu/h-x86_64-mingw32/bin/../lib/gcc/nios2-elf/5.3.0\libgcc.a(floatsisf.o)
                              obj/default/main.o (__floatsisf)
d:/intelfpga_lite/17.1/nios2eds/bin/gnu/h-x86_64-mingw32/bin/../lib/gcc/nios2-elf/5.3.0\libgcc.a(adddf3.o)
                              obj/default/main.o (__adddf3)
d:/intelfpga_lite/17.1/nios2eds/bin/gnu/h-x86_64-mingw32/bin/../lib/gcc/nios2-elf/5.3.0\libgcc.a(muldf3.o)
                              obj/default/main.o (__muldf3)
d:/intelfpga_lite/17.1/nios2eds/bin/gnu/h-x86_64-mingw32/bin/../lib/gcc/nios2-elf/5.3.0\libgcc.a(extendsfdf2.o)
                              obj/default/main.o (__extendsfdf2)
d:/intelfpga_lite/17.1/nios2eds/bin/gnu/h-x86_64-mingw32/bin/../lib/gcc/nios2-elf/5.3.0\libgcc.a(truncdfsf2.o)
                              obj/default/main.o (__truncdfsf2)
d:/intelfpga_lite/17.1/nios2eds/bin/gnu/h-x86_64-mingw32/bin/../lib/gcc/nios2-elf/5.3.0\libgcc.a(_clzsi2.o)
                              d:/intelfpga_lite/17.1/nios2eds/bin/gnu/h-x86_64-mingw32/bin/../lib/gcc/nios2-elf/5.3.0\libgcc.a(addsf3.o) (__clzsi2)
d:/intelfpga_lite/17.1/nios2eds/bin/gnu/h-x86_64-mingw32/bin/../lib/gcc/nios2-elf/5.3.0\libgcc.a(_clz.o)
                              d:/intelfpga_lite/17.1/nios2eds/bin/gnu/h-x86_64-mingw32/bin/../lib/gcc/nios2-elf/5.3.0\libgcc.a(_clzsi2.o) (__clz_tab)
d:/intelfpga_lite/17.1/nios2eds/bin/gnu/h-x86_64-mingw32/bin/../lib/gcc/nios2-elf/5.3.0/../../../../../H-x86_64-mingw32/nios2-elf/lib\libc.a(lib_a-rand.o)
                              obj/default/main.o (srand)
d:/intelfpga_lite/17.1/nios2eds/bin/gnu/h-x86_64-mingw32/bin/../lib/gcc/nios2-elf/5.3.0/../../../../../H-x86_64-mingw32/nios2-elf/lib\libc.a(lib_a-time.o)
                              obj/default/main.o (time)
d:/intelfpga_lite/17.1/nios2eds/bin/gnu/h-x86_64-mingw32/bin/../lib/gcc/nios2-elf/5.3.0/../../../../../H-x86_64-mingw32/nios2-elf/lib\libc.a(lib_a-gettimeofdayr.o)
                              d:/intelfpga_lite/17.1/nios2eds/bin/gnu/h-x86_64-mingw32/bin/../lib/gcc/nios2-elf/5.3.0/../../../../../H-x86_64-mingw32/nios2-elf/lib\libc.a(lib_a-time.o) (_gettimeofday_r)
d:/intelfpga_lite/17.1/nios2eds/bin/gnu/h-x86_64-mingw32/bin/../lib/gcc/nios2-elf/5.3.0/../../../../../H-x86_64-mingw32/nios2-elf/lib\libc.a(lib_a-impure.o)
                              d:/intelfpga_lite/17.1/nios2eds/bin/gnu/h-x86_64-mingw32/bin/../lib/gcc/nios2-elf/5.3.0/../../../../../H-x86_64-mingw32/nios2-elf/lib\libc.a(lib_a-rand.o) (_impure_ptr)
d:/intelfpga_lite/17.1/nios2eds/bin/gnu/h-x86_64-mingw32/bin/../lib/gcc/nios2-elf/5.3.0/../../../../../H-x86_64-mingw32/nios2-elf/lib\libc.a(lib_a-int_errno.o)
                              d:/intelfpga_lite/17.1/nios2eds/bin/gnu/h-x86_64-mingw32/bin/../lib/gcc/nios2-elf/5.3.0/../../../../../H-x86_64-mingw32/nios2-elf/lib\libc.a(lib_a-gettimeofdayr.o) (errno)
d:/intelfpga_lite/17.1/nios2eds/bin/gnu/h-x86_64-mingw32/bin/../lib/gcc/nios2-elf/5.3.0\libgcc.a(_muldi3.o)
                              d:/intelfpga_lite/17.1/nios2eds/bin/gnu/h-x86_64-mingw32/bin/../lib/gcc/nios2-elf/5.3.0/../../../../../H-x86_64-mingw32/nios2-elf/lib\libc.a(lib_a-rand.o) (__muldi3)
../ECE_178_Project_app_bsp/\libhal_bsp.a(alt_gettod.o)
                              d:/intelfpga_lite/17.1/nios2eds/bin/gnu/h-x86_64-mingw32/bin/../lib/gcc/nios2-elf/5.3.0/../../../../../H-x86_64-mingw32/nios2-elf/lib\libc.a(lib_a-gettimeofdayr.o) (gettimeofday)
../ECE_178_Project_app_bsp/\libhal_bsp.a(alt_load.o)
                              ../ECE_178_Project_app_bsp//obj/HAL/src/crt0.o (alt_load)
../ECE_178_Project_app_bsp/\libhal_bsp.a(alt_main.o)
                              ../ECE_178_Project_app_bsp//obj/HAL/src/crt0.o (alt_main)
[...]
Memory Configuration

Name             Origin             Length             Attributes
reset            0x0000000000000000 0x0000000000000020
sdram_controller 0x0000000000000020 0x0000000007ffffe0
*default*        0x0000000000000000 0xffffffffffffffff

Linker script and memory map

LOAD ../ECE_178_Project_app_bsp//obj/HAL/src/crt0.o
LOAD obj/default/main.o
LOAD obj/default/piezo.o
LOAD d:/intelfpga_lite/17.1/nios2eds/bin/gnu/h-x86_64-mingw32/bin/../lib/gcc/nios2-elf/5.3.0/../../../../../H-x86_64-mingw32/nios2-elf/lib\libstdc++.a
LOAD d:/intelfpga_lite/17.1/nios2eds/bin/gnu/h-x86_64-mingw32/bin/../lib/gcc/nios2-elf/5.3.0/../../../../../H-x86_64-mingw32/nios2-elf/lib\libm.a
LOAD d:/intelfpga_lite/17.1/nios2eds/bin/gnu/h-x86_64-mingw32/bin/../lib/gcc/nios2-elf/5.3.0\libgcc.a
START GROUP
LOAD d:/intelfpga_lite/17.1/nios2eds/bin/gnu/h-x86_64-mingw32/bin/../lib/gcc/nios2-elf/5.3.0/../../../../../H-x86_64-mingw32/nios2-elf/lib\libc.a
LOAD d:/intelfpga_lite/17.1/nios2eds/bin/gnu/h-x86_64-mingw32/bin/../lib/gcc/nios2-elf/5.3.0\libgcc.a
LOAD ../ECE_178_Project_app_bsp/\libhal_bsp.a
LOAD d:/intelfpga_lite/17.1/nios2eds/bin/gnu/h-x86_64-mingw32/bin/../lib/gcc/nios2-elf/5.3.0/../../../../../H-x86_64-mingw32/nios2-elf/lib\libm.a
END GROUP
LOAD d:/intelfpga_lite/17.1/nios2eds/bin/gnu/h-x86_64-mingw32/bin/../lib/gcc/nios2-elf/5.3.0\libgcc.a
                0x0000000000000000                __alt_mem_sdram_controller = 0x0

.entry          0x0000000000000000       0x20
 *(.entry)
 .entry         0x0000000000000000       0x20 ../ECE_178_Project_app_bsp//obj/HAL/src/crt0.o
                0x0000000000000000                __reset

.exceptions     0x0000000000000020      0x1a4
                0x0000000000000020                PROVIDE (__ram_exceptions_start, ABSOLUTE (.))
                0x0000000000000020                . = ALIGN (0x20)
 *(.irq)
 *(.exceptions.entry.label)
 .exceptions.entry.label
                0x0000000000000020        0x0 ../ECE_178_Project_app_bsp/\libhal_bsp.a(alt_irq_entry.o)
                0x0000000000000020                alt_irq_entry
 .exceptions.entry.label
                0x0000000000000020        0x0 ../ECE_178_Project_app_bsp/\libhal_bsp.a(alt_exception_entry.o)
                0x0000000000000020                alt_exception
 *(.exceptions.entry.user)
 *(.exceptions.entry.ecc_fatal)
 *(.exceptions.entry)
 .exceptions.entry
                0x0000000000000020       0x54 ../ECE_178_Project_app_bsp/\libhal_bsp.a(alt_exception_entry.o)
 *(.exceptions.irqtest.user)
 *(.exceptions.irqtest)
 .exceptions.irqtest
                0x0000000000000074       0x10 ../ECE_178_Project_app_bsp/\libhal_bsp.a(alt_irq_entry.o)
 *(.exceptions.irqhandler.user)
 *(.exceptions.irqhandler)
 .exceptions.irqhandler
                0x0000000000000084        0x4 ../ECE_178_Project_app_bsp/\libhal_bsp.a(alt_irq_entry.o)
 *(.exceptions.irqreturn.user)
 *(.exceptions.irqreturn)
 .exceptions.irqreturn
                0x0000000000000088        0x4 ../ECE_178_Project_app_bsp/\libhal_bsp.a(alt_irq_entry.o)
 *(.exceptions.notirq.label)
 .exceptions.notirq.label
                0x000000000000008c        0x0 ../ECE_178_Project_app_bsp/\libhal_bsp.a(alt_irq_entry.o)
 *(.exceptions.notirq.user)
 *(.exceptions.notirq)
 .exceptions.notirq
                0x000000000000008c        0x8 ../ECE_178_Project_app_bsp/\libhal_bsp.a(alt_exception_entry.o)
 *(.exceptions.soft.user)
 *(.exceptions.soft)
 *(.exceptions.unknown.user)
 *(.exceptions.unknown)
 .exceptions.unknown
                0x0000000000000094        0x4 ../ECE_178_Project_app_bsp/\libhal_bsp.a(alt_exception_entry.o)
 *(.exceptions.exit.label)
 .exceptions.exit.label
                0x0000000000000098        0x0 ../ECE_178_Project_app_bsp/\libhal_bsp.a(alt_irq_entry.o)
 .exceptions.exit.label
                0x0000000000000098        0x0 ../ECE_178_Project_app_bsp/\libhal_bsp.a(alt_exception_entry.o)
 *(.exceptions.exit.user)
 *(.exceptions.exit)
 .exceptions.exit
                0x0000000000000098       0x54 ../ECE_178_Project_app_bsp/\libhal_bsp.a(alt_exception_entry.o)
 *(.exceptions)
 .exceptions    0x00000000000000ec       0xd8 ../ECE_178_Project_app_bsp/\libhal_bsp.a(alt_irq_handler.o)
                0x00000000000000ec                alt_irq_handler
                0x00000000000001c4                PROVIDE (__ram_exceptions_end, ABSOLUTE (.))
                0x0000000000000020                PROVIDE (__flash_exceptions_start, LOADADDR (.exceptions))

.text           0x00000000000001c4     0xc5b4
                [!provide]                        PROVIDE (stext, ABSOLUTE (.))
 *(.interp)
 *(.hash)
 *(.dynsym)
 *(.dynstr)
 *(.gnu.version)
 *(.gnu.version_d)
 *(.gnu.version_r)
 *(.rel.init)
 *(.rela.init)
 *(.rel.text .rel.text.* .rel.gnu.linkonce.t.*)
 *(.rela.text .rela.text.* .rela.gnu.linkonce.t.*)
 *(.rel.fini)
 *(.rela.fini)
 *(.rel.rodata .rel.rodata.* .rel.gnu.linkonce.r.*)
 *(.rela.rodata .rela.rodata.* .rela.gnu.linkonce.r.*)
 *(.rel.data .rel.data.* .rel.gnu.linkonce.d.*)
 *(.rela.data .rela.data.* .rela.gnu.linkonce.d.*)
 *(.rel.tdata .rel.tdata.* .rel.gnu.linkonce.td.*)
 *(.rela.tdata .rela.tdata.* .rela.gnu.linkonce.td.*)
 *(.rel.tbss .rel.tbss.* .rel.gnu.linkonce.tb.*)
 *(.rela.tbss .rela.tbss.* .rela.gnu.linkonce.tb.*)
 *(.rel.ctors)
 *(.rela.ctors)
 *(.rel.dtors)
 *(.rela.dtors)
 *(.rel.got)
 *(.rela.got)
 *(.rel.sdata .rel.sdata.* .rel.gnu.linkonce.s.*)
 *(.rela.sdata .rela.sdata.* .rela.gnu.linkonce.s.*)
 *(.rel.sbss .rel.sbss.* .rel.gnu.linkonce.sb.*)
 *(.rela.sbss .rela.sbss.* .rela.gnu.linkonce.sb.*)
 *(.rel.sdata2 .rel.sdata2.* .rel.gnu.linkonce.s2.*)
 *(.rela.sdata2 .rela.sdata2.* .rela.gnu.linkonce.s2.*)
 *(.rel.sbss2 .rel.sbss2.* .rel.gnu.linkonce.sb2.*)
 *(.rela.sbss2 .rela.sbss2.* .rela.gnu.linkonce.sb2.*)
 *(.rel.bss .rel.bss.* .rel.gnu.linkonce.b.*)
 *(.rela.bss .rela.bss.* .rela.gnu.linkonce.b.*)
 *(.rel.plt)
 *(.rela.plt)
 *(.rel.dyn)
 *(.init)
 *(.plt)
 *(.text .stub .text.* .gnu.linkonce.t.*)
 .text          0x00000000000001c4       0x4c ../ECE_178_Project_app_bsp//obj/HAL/src/crt0.o
                0x00000000000001c4                _start
 .text          0x0000000000000210     0x164c obj/default/main.o
                0x0000000000000210                main
                0x00000000000003f4                timer_2_isr
                0x00000000000004ec                update_timer_2
                0x0000000000000658                timer_3_isr
                0x00000000000006a0                inPaddleBound
                0x000000000000075c                resetObjects
                0x0000000000000970                updateBallPos
                0x0000000000000cb4                updatePaddlePos
                0x0000000000000f48                draw
                0x0000000000000f9c                drawBall
                0x000000000000122c                drawPaddles
 .text          0x000000000000185c      0x390 obj/default/piezo.o
                0x000000000000185c                timer_0_int_init
                0x00000000000018b0                timer_0_isr
                0x0000000000001928                update_timer_0
                0x00000000000019ac                stop_timer_0
                0x00000000000019ec                timer_1_int_init
                0x0000000000001a40                timer_1_isr
                0x0000000000001a88                update_timer_1
                0x0000000000001b44                play_note
 .text          0x0000000000001bec      0x4c8 d:/intelfpga_lite/17.1/nios2eds/bin/gnu/h-x86_64-mingw32/bin/../lib/gcc/nios2-elf/5.3.0\libgcc.a(addsf3.o)
                0x0000000000001bec                __addsf3
 .text          0x00000000000020b4      0x440 d:/intelfpga_lite/17.1/nios2eds/bin/gnu/h-x86_64-mingw32/bin/../lib/gcc/nios2-elf/5.3.0\libgcc.a(divsf3.o)
                0x00000000000020b4                __divsf3
 .text          0x00000000000024f4       0xbc d:/intelfpga_lite/17.1/nios2eds/bin/gnu/h-x86_64-mingw32/bin/../lib/gcc/nios2-elf/5.3.0\libgcc.a(gesf2.o)
                0x00000000000024f4                __gesf2
                0x00000000000024f4                __gtsf2
 .text          0x00000000000025b0       0xc8 d:/intelfpga_lite/17.1/nios2eds/bin/gnu/h-x86_64-mingw32/bin/../lib/gcc/nios2-elf/5.3.0\libgcc.a(lesf2.o)
                0x00000000000025b0                __ltsf2
                0x00000000000025b0                __lesf2
 .text          0x0000000000002678      0x3fc d:/intelfpga_lite/17.1/nios2eds/bin/gnu/h-x86_64-mingw32/bin/../lib/gcc/nios2-elf/5.3.0\libgcc.a(mulsf3.o)
                0x0000000000002678                __mulsf3
 .text          0x0000000000002a74      0x4e4 d:/intelfpga_lite/17.1/nios2eds/bin/gnu/h-x86_64-mingw32/bin/../lib/gcc/nios2-elf/5.3.0\libgcc.a(subsf3.o)
                0x0000000000002a74                __subsf3
 .text          0x0000000000002f58       0x70 d:/intelfpga_lite/17.1/nios2eds/bin/gnu/h-x86_64-mingw32/bin/../lib/gcc/nios2-elf/5.3.0\libgcc.a(fixsfsi.o)
                0x0000000000002f58                __fixsfsi
 .text          0x0000000000002fc8      0x124 d:/intelfpga_lite/17.1/nios2eds/bin/gnu/h-x86_64-mingw32/bin/../lib/gcc/nios2-elf/5.3.0\libgcc.a(floatsisf.o)
                0x0000000000002fc8                __floatsisf
 .text          0x00000000000030ec      0x8ac d:/intelfpga_lite/17.1/nios2eds/bin/gnu/h-x86_64-mingw32/bin/../lib/gcc/nios2-elf/5.3.0\libgcc.a(adddf3.o)
                0x00000000000030ec                __adddf3
 .text          0x0000000000003998      0x718 d:/intelfpga_lite/17.1/nios2eds/bin/gnu/h-x86_64-mingw32/bin/../lib/gcc/nios2-elf/5.3.0\libgcc.a(muldf3.o)
                0x0000000000003998                __muldf3
 .text          0x00000000000040b0      0x110 d:/intelfpga_lite/17.1/nios2eds/bin/gnu/h-x86_64-mingw32/bin/../lib/gcc/nios2-elf/5.3.0\libgcc.a(extendsfdf2.o)
                0x00000000000040b0                __extendsfdf2
 .text          0x00000000000041c0      0x1a8 d:/intelfpga_lite/17.1/nios2eds/bin/gnu/h-x86_64-mingw32/bin/../lib/gcc/nios2-elf/5.3.0\libgcc.a(truncdfsf2.o)
                0x00000000000041c0                __truncdfsf2
 .text          0x0000000000004368       0x64 d:/intelfpga_lite/17.1/nios2eds/bin/gnu/h-x86_64-mingw32/bin/../lib/gcc/nios2-elf/5.3.0\libgcc.a(_clzsi2.o)
                0x0000000000004368                __clzsi2
 .text          0x00000000000043cc        0x0 d:/intelfpga_lite/17.1/nios2eds/bin/gnu/h-x86_64-mingw32/bin/../lib/gcc/nios2-elf/5.3.0\libgcc.a(_clz.o)
 .text          0x00000000000043cc        0x0 d:/intelfpga_lite/17.1/nios2eds/bin/gnu/h-x86_64-mingw32/bin/../lib/gcc/nios2-elf/5.3.0/../../../../../H-x86_64-mingw32/nios2-elf/lib\libc.a(lib_a-rand.o)
 .text.srand    0x00000000000043cc       0x18 d:/intelfpga_lite/17.1/nios2eds/bin/gnu/h-x86_64-mingw32/bin/../lib/gcc/nios2-elf/5.3.0/../../../../../H-x86_64-mingw32/nios2-elf/lib\libc.a(lib_a-rand.o)
                0x00000000000043cc                srand
 .text.rand     0x00000000000043e4       0x64 d:/intelfpga_lite/17.1/nios2eds/bin/gnu/h-x86_64-mingw32/bin/../lib/gcc/nios2-elf/5.3.0/../../../../../H-x86_64-mingw32/nios2-elf/lib\libc.a(lib_a-rand.o)
                0x00000000000043e4                rand
 .text          0x0000000000004448        0x0 d:/intelfpga_lite/17.1/nios2eds/bin/gnu/h-x86_64-mingw32/bin/../lib/gcc/nios2-elf/5.3.0/../../../../../H-x86_64-mingw32/nios2-elf/lib\libc.a(lib_a-time.o)
 .text.time     0x0000000000004448       0x50 d:/intelfpga_lite/17.1/nios2eds/bin/gnu/h-x86_64-mingw32/bin/../lib/gcc/nios2-elf/5.3.0/../../../../../H-x86_64-mingw32/nios2-elf/lib\libc.a(lib_a-time.o)
                0x0000000000004448                time
 .text          0x0000000000004498        0x0 d:/intelfpga_lite/17.1/nios2eds/bin/gnu/h-x86_64-mingw32/bin/../lib/gcc/nios2-elf/5.3.0/../../../../../H-x86_64-mingw32/nios2-elf/lib\libc.a(lib_a-gettimeofdayr.o)
 .text._gettimeofday_r
                0x0000000000004498       0x5c d:/intelfpga_lite/17.1/nios2eds/bin/gnu/h-x86_64-mingw32/bin/../lib/gcc/nios2-elf/5.3.0/../../../../../H-x86_64-mingw32/nios2-elf/lib\libc.a(lib_a-gettimeofdayr.o)
                0x0000000000004498                _gettimeofday_r
 .text          0x00000000000044f4        0x0 d:/intelfpga_lite/17.1/nios2eds/bin/gnu/h-x86_64-mingw32/bin/../lib/gcc/nios2-elf/5.3.0/../../../../../H-x86_64-mingw32/nios2-elf/lib\libc.a(lib_a-impure.o)
 .text          0x00000000000044f4        0x0 d:/intelfpga_lite/17.1/nios2eds/bin/gnu/h-x86_64-mingw32/bin/../lib/gcc/nios2-elf/5.3.0/../../../../../H-x86_64-mingw32/nios2-elf/lib\libc.a(lib_a-int_errno.o)
 .text          0x00000000000044f4       0x60 d:/intelfpga_lite/17.1/nios2eds/bin/gnu/h-x86_64-mingw32/bin/../lib/gcc/nios2-elf/5.3.0\libgcc.a(_muldi3.o)
                0x00000000000044f4                __muldi3
 .text          0x0000000000004554      0x1d4 ../ECE_178_Project_app_bsp/\libhal_bsp.a(alt_gettod.o)
                0x0000000000004554                gettimeofday
 .text          0x0000000000004728       0xec ../ECE_178_Project_app_bsp/\libhal_bsp.a(alt_load.o)
                0x0000000000004790                alt_load
 .text          0x0000000000004814       0x7c ../ECE_178_Project_app_bsp/\libhal_bsp.a(alt_main.o)
                0x0000000000004814                alt_main
 .text          0x0000000000004890      0x1a4 ../ECE_178_Project_app_bsp/\libhal_bsp.a(alt_tick.o)
                0x0000000000004890                alt_alarm_stop
                0x000000000000492c                alt_tick
 .text          0x0000000000004a34      0x3a0 ../ECE_178_Project_app_bsp/\libhal_bsp.a(alt_sys_init.o)
                0x0000000000004a68                alt_irq_init
                0x0000000000004aa0                alt_sys_init
 .text          0x0000000000004dd4     0x42c8 ../ECE_178_Project_app_bsp/\libhal_bsp.a(Altera_UP_SD_Card_Avalon_Interface.o)
                0x0000000000004dd4                Write_Sector_Data
                0x0000000000004e88                Save_Modified_Sector
                0x0000000000004ed4                Read_Sector_Data
                0x0000000000004fac                get_cluster_flag
                0x0000000000005060                mark_cluster
                0x0000000000005140                Check_for_Master_Boot_Record
                0x00000000000052e4                Read_File_Record_At_Offset
                0x0000000000005560                Write_File_Record_At_Offset
                0x00000000000057ec                Check_for_DOS_FAT
                0x0000000000005e6c                Look_for_FAT16
                0x0000000000005f58                filename_to_upper_case
                0x000000000000601c                check_file_name_for_FAT16_compliance
                0x0000000000006288                get_dir_divider_location
                0x0000000000006340                match_file_record_to_name_ext
                0x00000000000065dc                get_home_directory_cluster_for_file
                0x0000000000006b14                find_file_in_directory
                0x0000000000006f88                find_first_empty_cluster
                0x0000000000007134                find_first_empty_record_in_a_subdirectory
                0x0000000000007380                find_first_empty_record_in_root_directory
                0x00000000000074ac                convert_filename_to_name_extension
                0x0000000000007638                create_file
                0x0000000000007900                copy_file_record_name_to_string
                0x0000000000007a48                alt_up_sd_card_open_dev
                0x0000000000007b04                alt_up_sd_card_is_Present
                0x0000000000007bc8                alt_up_sd_card_is_FAT16
                0x0000000000007c34                alt_up_sd_card_find_first
                0x0000000000007d04                alt_up_sd_card_find_next
                0x00000000000080bc                alt_up_sd_card_fopen
                0x0000000000008438                alt_up_sd_card_set_attributes
                0x00000000000084c0                alt_up_sd_card_get_attributes
                0x0000000000008548                alt_up_sd_card_read
                0x00000000000088c0                alt_up_sd_card_write
                0x0000000000008ee0                alt_up_sd_card_fclose
 .text          0x000000000000909c      0x164 ../ECE_178_Project_app_bsp/\libhal_bsp.a(altera_avalon_jtag_uart_fd.o)
                0x000000000000909c                altera_avalon_jtag_uart_read_fd
                0x00000000000090fc                altera_avalon_jtag_uart_write_fd
                0x000000000000915c                altera_avalon_jtag_uart_close_fd
                0x00000000000091ac                altera_avalon_jtag_uart_ioctl_fd
 .text          0x0000000000009200      0x3cc ../ECE_178_Project_app_bsp/\libhal_bsp.a(altera_avalon_jtag_uart_init.o)
                0x0000000000009200                altera_avalon_jtag_uart_init
                0x0000000000009564                altera_avalon_jtag_uart_close
 .text          0x00000000000095cc       0xf0 ../ECE_178_Project_app_bsp/\libhal_bsp.a(altera_avalon_jtag_uart_ioctl.o)
                0x00000000000095cc                altera_avalon_jtag_uart_ioctl
 .text          0x00000000000096bc      0x21c ../ECE_178_Project_app_bsp/\libhal_bsp.a(altera_avalon_jtag_uart_read.o)
                0x00000000000096bc                altera_avalon_jtag_uart_read
 .text          0x00000000000098d8      0x224 ../ECE_178_Project_app_bsp/\libhal_bsp.a(altera_avalon_jtag_uart_write.o)
                0x00000000000098d8                altera_avalon_jtag_uart_write
 .text          0x0000000000009afc       0xf0 ../ECE_178_Project_app_bsp/\libhal_bsp.a(altera_avalon_timer_sc.o)
                0x0000000000009b78                alt_avalon_timer_sc_init
 .text          0x0000000000009bec      0x390 ../ECE_178_Project_app_bsp/\libhal_bsp.a(altera_up_avalon_rs232.o)
                0x0000000000009bec                alt_up_rs232_enable_read_interrupt
                0x0000000000009c48                alt_up_rs232_disable_read_interrupt
                0x0000000000009ca8                alt_up_rs232_get_used_space_in_read_FIFO
                0x0000000000009ce8                alt_up_rs232_get_available_space_in_write_FIFO
                0x0000000000009d24                alt_up_rs232_check_parity
                0x0000000000009d68                alt_up_rs232_write_data
                0x0000000000009da8                alt_up_rs232_read_data
                0x0000000000009e1c                alt_up_rs232_read_fd
                0x0000000000009eac                alt_up_rs232_write_fd
                0x0000000000009f40                alt_up_rs232_open_dev
 .text          0x0000000000009f7c      0xeb4 ../ECE_178_Project_app_bsp/\libhal_bsp.a(altera_up_avalon_video_pixel_buffer_dma.o)
                0x0000000000009f7c                alt_up_pixel_buffer_dma_open_dev
                0x0000000000009fb8                alt_up_pixel_buffer_dma_draw
                0x000000000000a14c                alt_up_pixel_buffer_dma_change_back_buffer_address
                0x000000000000a1a8                alt_up_pixel_buffer_dma_swap_buffers
                0x000000000000a208                alt_up_pixel_buffer_dma_check_swap_buffers_status
                0x000000000000a23c                alt_up_pixel_buffer_dma_clear_screen
                0x000000000000a364                alt_up_pixel_buffer_dma_draw_box
                0x000000000000a640                alt_up_pixel_buffer_dma_draw_hline
                0x000000000000a850                alt_up_pixel_buffer_dma_draw_vline
                0x000000000000aa9c                alt_up_pixel_buffer_dma_draw_rectangle
                0x000000000000ab64                helper_plot_pixel
                0x000000000000abe8                alt_up_pixel_buffer_dma_draw_line
 .text          0x000000000000ae30      0x12c ../ECE_178_Project_app_bsp/\libhal_bsp.a(alt_alarm_start.o)
                0x000000000000ae30                alt_alarm_start
 .text          0x000000000000af5c      0x10c ../ECE_178_Project_app_bsp/\libhal_bsp.a(alt_close.o)
                0x000000000000af98                close
 .text          0x000000000000b068       0x48 ../ECE_178_Project_app_bsp/\libhal_bsp.a(alt_dcache_flush_all.o)
                0x000000000000b068                alt_dcache_flush_all
 .text          0x000000000000b0b0       0x2c ../ECE_178_Project_app_bsp/\libhal_bsp.a(alt_dev.o)
 .text          0x000000000000b0dc       0xe0 ../ECE_178_Project_app_bsp/\libhal_bsp.a(alt_dev_llist_insert.o)
                0x000000000000b118                alt_dev_llist_insert
 .text          0x000000000000b1bc       0x60 ../ECE_178_Project_app_bsp/\libhal_bsp.a(alt_do_ctors.o)
                0x000000000000b1bc                _do_ctors
 .text          0x000000000000b21c       0x60 ../ECE_178_Project_app_bsp/\libhal_bsp.a(alt_do_dtors.o)
                0x000000000000b21c                _do_dtors
 .text          0x000000000000b27c        0x0 ../ECE_178_Project_app_bsp/\libhal_bsp.a(alt_errno.o)
 .text          0x000000000000b27c       0x90 ../ECE_178_Project_app_bsp/\libhal_bsp.a(alt_find_dev.o)
                0x000000000000b27c                alt_find_dev
 .text          0x000000000000b30c       0x34 ../ECE_178_Project_app_bsp/\libhal_bsp.a(alt_icache_flush_all.o)
                0x000000000000b30c                alt_icache_flush_all
 .text          0x000000000000b340      0x140 ../ECE_178_Project_app_bsp/\libhal_bsp.a(alt_io_redirect.o)
                0x000000000000b404                alt_io_redirect
 .text          0x000000000000b480      0x180 ../ECE_178_Project_app_bsp/\libhal_bsp.a(alt_irq_register.o)
                0x000000000000b480                alt_irq_register
 .text          0x000000000000b600        0x0 ../ECE_178_Project_app_bsp/\libhal_bsp.a(alt_irq_vars.o)
 .text          0x000000000000b600      0x254 ../ECE_178_Project_app_bsp/\libhal_bsp.a(alt_open.o)
                0x000000000000b700                open
 .text          0x000000000000b854       0x64 ../ECE_178_Project_app_bsp/\libhal_bsp.a(alt_release_fd.o)
                0x000000000000b854                alt_release_fd
 .text          0x000000000000b8b8       0x24 ../ECE_178_Project_app_bsp/\libhal_bsp.a(altera_nios2_qsys_irq.o)
                0x000000000000b8b8                altera_nios2_qsys_irq_init
 .text          0x000000000000b8dc      0x108 ../ECE_178_Project_app_bsp/\libhal_bsp.a(alt_find_file.o)
                0x000000000000b8dc                alt_find_file
 .text          0x000000000000b9e4       0xa4 ../ECE_178_Project_app_bsp/\libhal_bsp.a(alt_get_fd.o)
                0x000000000000b9e4                alt_get_fd
 .text          0x000000000000ba88       0x90 ../ECE_178_Project_app_bsp/\libhal_bsp.a(alt_icache_flush.o)
                0x000000000000ba88                alt_icache_flush
 .text          0x000000000000bb18        0x0 ../ECE_178_Project_app_bsp/\libhal_bsp.a(alt_irq_entry.o)
 .text          0x000000000000bb18        0x0 ../ECE_178_Project_app_bsp/\libhal_bsp.a(alt_irq_handler.o)
 .text          0x000000000000bb18        0x0 ../ECE_178_Project_app_bsp/\libhal_bsp.a(alt_exception_entry.o)
 .text          0x000000000000bb18        0x0 d:/intelfpga_lite/17.1/nios2eds/bin/gnu/h-x86_64-mingw32/bin/../lib/gcc/nios2-elf/5.3.0/../../../../../H-x86_64-mingw32/nios2-elf/lib\libc.a(lib_a-atexit.o)
 .text.atexit   0x000000000000bb18       0x14 d:/intelfpga_lite/17.1/nios2eds/bin/gnu/h-x86_64-mingw32/bin/../lib/gcc/nios2-elf/5.3.0/../../../../../H-x86_64-mingw32/nios2-elf/lib\libc.a(lib_a-atexit.o)
                0x000000000000bb18                atexit
 .text          0x000000000000bb2c        0x0 d:/intelfpga_lite/17.1/nios2eds/bin/gnu/h-x86_64-mingw32/bin/../lib/gcc/nios2-elf/5.3.0/../../../../../H-x86_64-mingw32/nios2-elf/lib\libc.a(lib_a-exit.o)
 .text.exit     0x000000000000bb2c       0x38 d:/intelfpga_lite/17.1/nios2eds/bin/gnu/h-x86_64-mingw32/bin/../lib/gcc/nios2-elf/5.3.0/../../../../../H-x86_64-mingw32/nios2-elf/lib\libc.a(lib_a-exit.o)
                0x000000000000bb2c                exit
 .text          0x000000000000bb64        0x0 d:/intelfpga_lite/17.1/nios2eds/bin/gnu/h-x86_64-mingw32/bin/../lib/gcc/nios2-elf/5.3.0/../../../../../H-x86_64-mingw32/nios2-elf/lib\libc.a(lib_a-memcmp.o)
 .text.memcmp   0x000000000000bb64       0x7c d:/intelfpga_lite/17.1/nios2eds/bin/gnu/h-x86_64-mingw32/bin/../lib/gcc/nios2-elf/5.3.0/../../../../../H-x86_64-mingw32/nios2-elf/lib\libc.a(lib_a-memcmp.o)
                0x000000000000bb64                memcmp
 .text          0x000000000000bbe0        0x0 d:/intelfpga_lite/17.1/nios2eds/bin/gnu/h-x86_64-mingw32/bin/../lib/gcc/nios2-elf/5.3.0/../../../../../H-x86_64-mingw32/nios2-elf/lib\libc.a(lib_a-memcpy.o)
 .text.memcpy   0x000000000000bbe0      0x148 d:/intelfpga_lite/17.1/nios2eds/bin/gnu/h-x86_64-mingw32/bin/../lib/gcc/nios2-elf/5.3.0/../../../../../H-x86_64-mingw32/nios2-elf/lib\libc.a(lib_a-memcpy.o)
                0x000000000000bbe0                memcpy
 .text          0x000000000000bd28        0x0 d:/intelfpga_lite/17.1/nios2eds/bin/gnu/h-x86_64-mingw32/bin/../lib/gcc/nios2-elf/5.3.0/../../../../../H-x86_64-mingw32/nios2-elf/lib\libc.a(lib_a-strlen.o)
 .text.strlen   0x000000000000bd28       0x98 d:/intelfpga_lite/17.1/nios2eds/bin/gnu/h-x86_64-mingw32/bin/../lib/gcc/nios2-elf/5.3.0/../../../../../H-x86_64-mingw32/nios2-elf/lib\libc.a(lib_a-strlen.o)
                0x000000000000bd28                strlen
 .text          0x000000000000bdc0        0x0 d:/intelfpga_lite/17.1/nios2eds/bin/gnu/h-x86_64-mingw32/bin/../lib/gcc/nios2-elf/5.3.0/../../../../../H-x86_64-mingw32/nios2-elf/lib\libc.a(lib_a-__atexit.o)
 .text.__register_exitproc
                0x000000000000bdc0      0x118 d:/intelfpga_lite/17.1/nios2eds/bin/gnu/h-x86_64-mingw32/bin/../lib/gcc/nios2-elf/5.3.0/../../../../../H-x86_64-mingw32/nios2-elf/lib\libc.a(lib_a-__atexit.o)
                0x000000000000bdc0                __register_exitproc
 .text          0x000000000000bed8        0x0 d:/intelfpga_lite/17.1/nios2eds/bin/gnu/h-x86_64-mingw32/bin/../lib/gcc/nios2-elf/5.3.0/../../../../../H-x86_64-mingw32/nios2-elf/lib\libc.a(lib_a-__call_atexit.o)
 .text.__call_exitprocs
                0x000000000000bed8      0x180 d:/intelfpga_lite/17.1/nios2eds/bin/gnu/h-x86_64-mingw32/bin/../lib/gcc/nios2-elf/5.3.0/../../../../../H-x86_64-mingw32/nios2-elf/lib\libc.a(lib_a-__call_atexit.o)
                0x000000000000bed8                __call_exitprocs
 .text          0x000000000000c058      0x538 d:/intelfpga_lite/17.1/nios2eds/bin/gnu/h-x86_64-mingw32/bin/../lib/gcc/nios2-elf/5.3.0\libgcc.a(_umoddi3.o)
                0x000000000000c058                __umoddi3
 .text          0x000000000000c590      0x1b4 d:/intelfpga_lite/17.1/nios2eds/bin/gnu/h-x86_64-mingw32/bin/../lib/gcc/nios2-elf/5.3.0\libgcc.a(lib2-divmod.o)
                0x000000000000c590                __divsi3
                0x000000000000c614                __modsi3
                0x000000000000c688                __udivsi3
                0x000000000000c6ec                __umodsi3
 .text          0x000000000000c744       0x34 ../ECE_178_Project_app_bsp/\libhal_bsp.a(alt_exit.o)
                0x000000000000c744                _exit
 *(.gnu.warning.*)
 *(.fini)
                [!provide]                        PROVIDE (__etext, ABSOLUTE (.))
                [!provide]                        PROVIDE (_etext, ABSOLUTE (.))
                [!provide]                        PROVIDE (etext, ABSOLUTE (.))
 *(.eh_frame_hdr)
                0x000000000000c778                . = ALIGN (0x4)
                [!provide]                        PROVIDE (__preinit_array_start, ABSOLUTE (.))
 *(.preinit_array)
                [!provide]                        PROVIDE (__preinit_array_end, ABSOLUTE (.))
                [!provide]                        PROVIDE (__init_array_start, ABSOLUTE (.))
 *(.init_array)
                [!provide]                        PROVIDE (__init_array_end, ABSOLUTE (.))
                [!provide]                        PROVIDE (__fini_array_start, ABSOLUTE (.))
 *(.fini_array)
                [!provide]                        PROVIDE (__fini_array_end, ABSOLUTE (.))
 *(.eh_frame)
 *(.gcc_except_table .gcc_except_table.*)
 *(.dynamic)
                0x000000000000c778                PROVIDE (__CTOR_LIST__, ABSOLUTE (.))
 *(.ctors)
 *(SORT(.ctors.*))
                0x000000000000c778                PROVIDE (__CTOR_END__, ABSOLUTE (.))
                0x000000000000c778                PROVIDE (__DTOR_LIST__, ABSOLUTE (.))
 *(.dtors)
 *(SORT(.dtors.*))
                0x000000000000c778                PROVIDE (__DTOR_END__, ABSOLUTE (.))
 *(.jcr)
                0x000000000000c778                . = ALIGN (0x4)

.rodata         0x000000000000c778      0x1b4
                0x000000000000c778                PROVIDE (__ram_rodata_start, ABSOLUTE (.))
                0x000000000000c778                . = ALIGN (0x4)
 *(.rodata .rodata.* .gnu.linkonce.r.*)
 .rodata        0x000000000000c778       0x33 obj/default/main.o
 .rodata        0x000000000000c7ab      0x100 d:/intelfpga_lite/17.1/nios2eds/bin/gnu/h-x86_64-mingw32/bin/../lib/gcc/nios2-elf/5.3.0\libgcc.a(_clz.o)
                0x000000000000c7ab                __clz_tab
 *fill*         0x000000000000c8ab        0x1 
 .rodata.str1.4
                0x000000000000c8ac        0x4 d:/intelfpga_lite/17.1/nios2eds/bin/gnu/h-x86_64-mingw32/bin/../lib/gcc/nios2-elf/5.3.0/../../../../../H-x86_64-mingw32/nios2-elf/lib\libc.a(lib_a-impure.o)
                                          0x2 (size before relaxing)
 .rodata        0x000000000000c8b0        0xf ../ECE_178_Project_app_bsp/\libhal_bsp.a(alt_main.o)
 *fill*         0x000000000000c8bf        0x1 
 .rodata        0x000000000000c8c0       0x5d ../ECE_178_Project_app_bsp/\libhal_bsp.a(alt_sys_init.o)
 *fill*         0x000000000000c91d        0x3 
 .rodata        0x000000000000c920        0xa ../ECE_178_Project_app_bsp/\libhal_bsp.a(alt_dev.o)
 *(.rodata1)
                0x000000000000c92c                . = ALIGN (0x4)
 *fill*         0x000000000000c92a        0x2 
                0x000000000000c92c                PROVIDE (__ram_rodata_end, ABSOLUTE (.))
                0x000000000000c778                PROVIDE (__flash_rodata_start, LOADADDR (.rodata))

.rwdata         0x000000000000c92c     0x1b04 load address 0x000000000000e430
                0x000000000000c92c                PROVIDE (__ram_rwdata_start, ABSOLUTE (.))
                0x000000000000c92c                . = ALIGN (0x4)
 *(.got.plt)
 *(.got)
 *(.data1)
 *(.data .data.* .gnu.linkonce.d.*)
 .data          0x000000000000c92c        0x0 ../ECE_178_Project_app_bsp//obj/HAL/src/crt0.o
 .data          0x000000000000c92c      0x3a4 obj/default/main.o
                0x000000000000c9c0                pokemon_song_index
                0x000000000000cb48                pokemon_song_duration
 .data          0x000000000000ccd0        0x0 obj/default/piezo.o
 .data          0x000000000000ccd0        0x0 d:/intelfpga_lite/17.1/nios2eds/bin/gnu/h-x86_64-mingw32/bin/../lib/gcc/nios2-elf/5.3.0\libgcc.a(addsf3.o)
 .data          0x000000000000ccd0        0x0 d:/intelfpga_lite/17.1/nios2eds/bin/gnu/h-x86_64-mingw32/bin/../lib/gcc/nios2-elf/5.3.0\libgcc.a(divsf3.o)
 .data          0x000000000000ccd0        0x0 d:/intelfpga_lite/17.1/nios2eds/bin/gnu/h-x86_64-mingw32/bin/../lib/gcc/nios2-elf/5.3.0\libgcc.a(gesf2.o)
 .data          0x000000000000ccd0        0x0 d:/intelfpga_lite/17.1/nios2eds/bin/gnu/h-x86_64-mingw32/bin/../lib/gcc/nios2-elf/5.3.0\libgcc.a(lesf2.o)
 .data          0x000000000000ccd0        0x0 d:/intelfpga_lite/17.1/nios2eds/bin/gnu/h-x86_64-mingw32/bin/../lib/gcc/nios2-elf/5.3.0\libgcc.a(mulsf3.o)
 .data          0x000000000000ccd0        0x0 d:/intelfpga_lite/17.1/nios2eds/bin/gnu/h-x86_64-mingw32/bin/../lib/gcc/nios2-elf/5.3.0\libgcc.a(subsf3.o)
 .data          0x000000000000ccd0        0x0 d:/intelfpga_lite/17.1/nios2eds/bin/gnu/h-x86_64-mingw32/bin/../lib/gcc/nios2-elf/5.3.0\libgcc.a(fixsfsi.o)
 .data          0x000000000000ccd0        0x0 d:/intelfpga_lite/17.1/nios2eds/bin/gnu/h-x86_64-mingw32/bin/../lib/gcc/nios2-elf/5.3.0\libgcc.a(floatsisf.o)
 .data          0x000000000000ccd0        0x0 d:/intelfpga_lite/17.1/nios2eds/bin/gnu/h-x86_64-mingw32/bin/../lib/gcc/nios2-elf/5.3.0\libgcc.a(adddf3.o)
 .data          0x000000000000ccd0        0x0 d:/intelfpga_lite/17.1/nios2eds/bin/gnu/h-x86_64-mingw32/bin/../lib/gcc/nios2-elf/5.3.0\libgcc.a(muldf3.o)
 .data          0x000000000000ccd0        0x0 d:/intelfpga_lite/17.1/nios2eds/bin/gnu/h-x86_64-mingw32/bin/../lib/gcc/nios2-elf/5.3.0\libgcc.a(extendsfdf2.o)
 .data          0x000000000000ccd0        0x0 d:/intelfpga_lite/17.1/nios2eds/bin/gnu/h-x86_64-mingw32/bin/../lib/gcc/nios2-elf/5.3.0\libgcc.a(truncdfsf2.o)
 .data          0x000000000000ccd0        0x0 d:/intelfpga_lite/17.1/nios2eds/bin/gnu/h-x86_64-mingw32/bin/../lib/gcc/nios2-elf/5.3.0\libgcc.a(_clzsi2.o)
 .data          0x000000000000ccd0        0x0 d:/intelfpga_lite/17.1/nios2eds/bin/gnu/h-x86_64-mingw32/bin/../lib/gcc/nios2-elf/5.3.0\libgcc.a(_clz.o)
 .data          0x000000000000ccd0        0x0 d:/intelfpga_lite/17.1/nios2eds/bin/gnu/h-x86_64-mingw32/bin/../lib/gcc/nios2-elf/5.3.0/../../../../../H-x86_64-mingw32/nios2-elf/lib\libc.a(lib_a-rand.o)
 .data          0x000000000000ccd0        0x0 d:/intelfpga_lite/17.1/nios2eds/bin/gnu/h-x86_64-mingw32/bin/../lib/gcc/nios2-elf/5.3.0/../../../../../H-x86_64-mingw32/nios2-elf/lib\libc.a(lib_a-time.o)
 .data          0x000000000000ccd0        0x0 d:/intelfpga_lite/17.1/nios2eds/bin/gnu/h-x86_64-mingw32/bin/../lib/gcc/nios2-elf/5.3.0/../../../../../H-x86_64-mingw32/nios2-elf/lib\libc.a(lib_a-gettimeofdayr.o)
 .data          0x000000000000ccd0        0x0 d:/intelfpga_lite/17.1/nios2eds/bin/gnu/h-x86_64-mingw32/bin/../lib/gcc/nios2-elf/5.3.0/../../../../../H-x86_64-mingw32/nios2-elf/lib\libc.a(lib_a-impure.o)
 .data.impure_data
                0x000000000000ccd0      0x424 d:/intelfpga_lite/17.1/nios2eds/bin/gnu/h-x86_64-mingw32/bin/../lib/gcc/nios2-elf/5.3.0/../../../../../H-x86_64-mingw32/nios2-elf/lib\libc.a(lib_a-impure.o)
 .data          0x000000000000d0f4        0x0 d:/intelfpga_lite/17.1/nios2eds/bin/gnu/h-x86_64-mingw32/bin/../lib/gcc/nios2-elf/5.3.0/../../../../../H-x86_64-mingw32/nios2-elf/lib\libc.a(lib_a-int_errno.o)
 .data          0x000000000000d0f4        0x0 d:/intelfpga_lite/17.1/nios2eds/bin/gnu/h-x86_64-mingw32/bin/../lib/gcc/nios2-elf/5.3.0\libgcc.a(_muldi3.o)
 .data          0x000000000000d0f4        0x0 ../ECE_178_Project_app_bsp/\libhal_bsp.a(alt_gettod.o)
 .data          0x000000000000d0f4        0x0 ../ECE_178_Project_app_bsp/\libhal_bsp.a(alt_load.o)
 .data          0x000000000000d0f4        0x0 ../ECE_178_Project_app_bsp/\libhal_bsp.a(alt_main.o)
 .data          0x000000000000d0f4        0x0 ../ECE_178_Project_app_bsp/\libhal_bsp.a(alt_tick.o)
 .data          0x000000000000d0f4     0x1150 ../ECE_178_Project_app_bsp/\libhal_bsp.a(alt_sys_init.o)
 .data          0x000000000000e244        0x0 ../ECE_178_Project_app_bsp/\libhal_bsp.a(Altera_UP_SD_Card_Avalon_Interface.o)
 .data          0x000000000000e244        0x0 ../ECE_178_Project_app_bsp/\libhal_bsp.a(altera_avalon_jtag_uart_fd.o)
 .data          0x000000000000e244        0x0 ../ECE_178_Project_app_bsp/\libhal_bsp.a(altera_avalon_jtag_uart_init.o)
 .data          0x000000000000e244        0x0 ../ECE_178_Project_app_bsp/\libhal_bsp.a(altera_avalon_jtag_uart_ioctl.o)
 .data          0x000000000000e244        0x0 ../ECE_178_Project_app_bsp/\libhal_bsp.a(altera_avalon_jtag_uart_read.o)
 .data          0x000000000000e244        0x0 ../ECE_178_Project_app_bsp/\libhal_bsp.a(altera_avalon_jtag_uart_write.o)
 .data          0x000000000000e244        0x0 ../ECE_178_Project_app_bsp/\libhal_bsp.a(altera_avalon_timer_sc.o)
 .data          0x000000000000e244        0x0 ../ECE_178_Project_app_bsp/\libhal_bsp.a(altera_up_avalon_rs232.o)
 .data          0x000000000000e244        0x0 ../ECE_178_Project_app_bsp/\libhal_bsp.a(altera_up_avalon_video_pixel_buffer_dma.o)
 .data          0x000000000000e244        0x0 ../ECE_178_Project_app_bsp/\libhal_bsp.a(alt_alarm_start.o)
 .data          0x000000000000e244        0x0 ../ECE_178_Project_app_bsp/\libhal_bsp.a(alt_close.o)
 .data          0x000000000000e244        0x0 ../ECE_178_Project_app_bsp/\libhal_bsp.a(alt_dcache_flush_all.o)
 .data          0x000000000000e244      0x1a8 ../ECE_178_Project_app_bsp/\libhal_bsp.a(alt_dev.o)
                0x000000000000e244                alt_dev_null
                0x000000000000e26c                alt_fd_list
 .data          0x000000000000e3ec        0x0 ../ECE_178_Project_app_bsp/\libhal_bsp.a(alt_dev_llist_insert.o)
 .data          0x000000000000e3ec        0x0 ../ECE_178_Project_app_bsp/\libhal_bsp.a(alt_do_ctors.o)
 .data          0x000000000000e3ec        0x0 ../ECE_178_Project_app_bsp/\libhal_bsp.a(alt_do_dtors.o)
 .data          0x000000000000e3ec        0x0 ../ECE_178_Project_app_bsp/\libhal_bsp.a(alt_errno.o)
 .data          0x000000000000e3ec        0x0 ../ECE_178_Project_app_bsp/\libhal_bsp.a(alt_find_dev.o)
 .data          0x000000000000e3ec        0x0 ../ECE_178_Project_app_bsp/\libhal_bsp.a(alt_icache_flush_all.o)
 .data          0x000000000000e3ec        0x0 ../ECE_178_Project_app_bsp/\libhal_bsp.a(alt_io_redirect.o)
 .data          0x000000000000e3ec        0x0 ../ECE_178_Project_app_bsp/\libhal_bsp.a(alt_irq_register.o)
 .data          0x000000000000e3ec        0x0 ../ECE_178_Project_app_bsp/\libhal_bsp.a(alt_irq_vars.o)
 .data          0x000000000000e3ec        0x0 ../ECE_178_Project_app_bsp/\libhal_bsp.a(alt_open.o)
 .data          0x000000000000e3ec        0x0 ../ECE_178_Project_app_bsp/\libhal_bsp.a(alt_release_fd.o)
 .data          0x000000000000e3ec        0x0 ../ECE_178_Project_app_bsp/\libhal_bsp.a(altera_nios2_qsys_irq.o)
 .data          0x000000000000e3ec        0x0 ../ECE_178_Project_app_bsp/\libhal_bsp.a(alt_find_file.o)
 .data          0x000000000000e3ec        0x0 ../ECE_178_Project_app_bsp/\libhal_bsp.a(alt_get_fd.o)
 .data          0x000000000000e3ec        0x0 ../ECE_178_Project_app_bsp/\libhal_bsp.a(alt_icache_flush.o)
 .data          0x000000000000e3ec        0x0 ../ECE_178_Project_app_bsp/\libhal_bsp.a(alt_irq_entry.o)
 .data          0x000000000000e3ec        0x0 ../ECE_178_Project_app_bsp/\libhal_bsp.a(alt_irq_handler.o)
 .data          0x000000000000e3ec        0x0 ../ECE_178_Project_app_bsp/\libhal_bsp.a(alt_exception_entry.o)
 .data          0x000000000000e3ec        0x0 d:/intelfpga_lite/17.1/nios2eds/bin/gnu/h-x86_64-mingw32/bin/../lib/gcc/nios2-elf/5.3.0/../../../../../H-x86_64-mingw32/nios2-elf/lib\libc.a(lib_a-atexit.o)
 .data          0x000000000000e3ec        0x0 d:/intelfpga_lite/17.1/nios2eds/bin/gnu/h-x86_64-mingw32/bin/../lib/gcc/nios2-elf/5.3.0/../../../../../H-x86_64-mingw32/nios2-elf/lib\libc.a(lib_a-exit.o)
 .data          0x000000000000e3ec        0x0 d:/intelfpga_lite/17.1/nios2eds/bin/gnu/h-x86_64-mingw32/bin/../lib/gcc/nios2-elf/5.3.0/../../../../../H-x86_64-mingw32/nios2-elf/lib\libc.a(lib_a-memcmp.o)
 .data          0x000000000000e3ec        0x0 d:/intelfpga_lite/17.1/nios2eds/bin/gnu/h-x86_64-mingw32/bin/../lib/gcc/nios2-elf/5.3.0/../../../../../H-x86_64-mingw32/nios2-elf/lib\libc.a(lib_a-memcpy.o)
 .data          0x000000000000e3ec        0x0 d:/intelfpga_lite/17.1/nios2eds/bin/gnu/h-x86_64-mingw32/bin/../lib/gcc/nios2-elf/5.3.0/../../../../../H-x86_64-mingw32/nios2-elf/lib\libc.a(lib_a-strlen.o)
 .data          0x000000000000e3ec        0x0 d:/intelfpga_lite/17.1/nios2eds/bin/gnu/h-x86_64-mingw32/bin/../lib/gcc/nios2-elf/5.3.0/../../../../../H-x86_64-mingw32/nios2-elf/lib\libc.a(lib_a-__atexit.o)
 .data          0x000000000000e3ec        0x0 d:/intelfpga_lite/17.1/nios2eds/bin/gnu/h-x86_64-mingw32/bin/../lib/gcc/nios2-elf/5.3.0/../../../../../H-x86_64-mingw32/nios2-elf/lib\libc.a(lib_a-__call_atexit.o)
 .data          0x000000000000e3ec        0x0 d:/intelfpga_lite/17.1/nios2eds/bin/gnu/h-x86_64-mingw32/bin/../lib/gcc/nios2-elf/5.3.0\libgcc.a(_umoddi3.o)
 .data          0x000000000000e3ec        0x0 d:/intelfpga_lite/17.1/nios2eds/bin/gnu/h-x86_64-mingw32/bin/../lib/gcc/nios2-elf/5.3.0\libgcc.a(lib2-divmod.o)
 .data          0x000000000000e3ec        0x0 ../ECE_178_Project_app_bsp/\libhal_bsp.a(alt_exit.o)
                0x00000000000163ec                _gp = ABSOLUTE ((. + 0x8000))
                [!provide]                        PROVIDE (gp, _gp)
 *(.rwdata .rwdata.*)
 *(.sdata .sdata.* .gnu.linkonce.s.*)
 .sdata         0x000000000000e3ec       0x18 obj/default/main.o
                0x000000000000e3ec                paddleW
                0x000000000000e3f0                paddleH
                0x000000000000e3f4                paddleSpeed
                0x000000000000e3f8                ballSize
                0x000000000000e3fc                tempo
                0x000000000000e400                song_length
 .sdata._global_impure_ptr
                0x000000000000e404        0x4 d:/intelfpga_lite/17.1/nios2eds/bin/gnu/h-x86_64-mingw32/bin/../lib/gcc/nios2-elf/5.3.0/../../../../../H-x86_64-mingw32/nios2-elf/lib\libc.a(lib_a-impure.o)
                0x000000000000e404                _global_impure_ptr
 .sdata._impure_ptr
                0x000000000000e408        0x4 d:/intelfpga_lite/17.1/nios2eds/bin/gnu/h-x86_64-mingw32/bin/../lib/gcc/nios2-elf/5.3.0/../../../../../H-x86_64-mingw32/nios2-elf/lib\libc.a(lib_a-impure.o)
                0x000000000000e408                _impure_ptr
 .sdata         0x000000000000e40c        0x8 ../ECE_178_Project_app_bsp/\libhal_bsp.a(alt_tick.o)
                0x000000000000e40c                alt_alarm_list
 .sdata         0x000000000000e414       0x14 ../ECE_178_Project_app_bsp/\libhal_bsp.a(alt_dev.o)
                0x000000000000e414                alt_fs_list
                0x000000000000e41c                alt_dev_list
                0x000000000000e424                alt_max_fd
 .sdata         0x000000000000e428        0x4 ../ECE_178_Project_app_bsp/\libhal_bsp.a(alt_errno.o)
                0x000000000000e428                alt_errno
 .sdata         0x000000000000e42c        0x4 ../ECE_178_Project_app_bsp/\libhal_bsp.a(alt_irq_vars.o)
                0x000000000000e42c                alt_priority_mask
 *(.sdata2 .sdata2.* .gnu.linkonce.s2.*)
                0x000000000000e430                . = ALIGN (0x4)
                0x000000000000e430                _edata = ABSOLUTE (.)
                [!provide]                        PROVIDE (edata, ABSOLUTE (.))
                0x000000000000e430                PROVIDE (__ram_rwdata_end, ABSOLUTE (.))
                0x000000000000e430                PROVIDE (__flash_rwdata_start, LOADADDR (.rwdata))

.bss            0x000000000000ff34      0x730
                0x000000000000ff34                __bss_start = ABSOLUTE (.)
                [!provide]                        PROVIDE (__sbss_start, ABSOLUTE (.))
                [!provide]                        PROVIDE (___sbss_start, ABSOLUTE (.))
 *(.dynsbss)
 *(.sbss .sbss.* .gnu.linkonce.sb.*)
 .sbss          0x000000000000ff34       0x10 obj/default/main.o
                0x000000000000ff34                scoreL
                0x000000000000ff38                scoreR
                0x000000000000ff3c                song_ptr
                0x000000000000ff40                note
 .sbss          0x000000000000ff44       0x56 obj/default/main.o
                0x000000000000ff44                vbx
                0x000000000000ff48                sd_card_dev
                0x000000000000ff4c                xb1
                0x000000000000ff50                xl1
                0x000000000000ff54                xb0
                0x000000000000ff58                xr0
                0x000000000000ff5c                yb0
                0x000000000000ff60                vby
                0x000000000000ff64                vry
                0x000000000000ff68                yl0
                0x000000000000ff6c                xl0
                0x000000000000ff70                vrx
                0x000000000000ff74                yb1
                0x000000000000ff78                sd_card_handle
                0x000000000000ff7c                xr1
                0x000000000000ff80                yl1
                0x000000000000ff84                pixel_buffer_dev
                0x000000000000ff88                vlx
                0x000000000000ff8c                yr0
                0x000000000000ff90                vly
                0x000000000000ff94                yr1
                0x000000000000ff98                config
 *fill*         0x000000000000ff9a        0x2 
 .sbss          0x000000000000ff9c        0x4 d:/intelfpga_lite/17.1/nios2eds/bin/gnu/h-x86_64-mingw32/bin/../lib/gcc/nios2-elf/5.3.0/../../../../../H-x86_64-mingw32/nios2-elf/lib\libc.a(lib_a-int_errno.o)
                0x000000000000ff9c                errno
 .sbss          0x000000000000ffa0       0x10 ../ECE_178_Project_app_bsp/\libhal_bsp.a(alt_gettod.o)
                0x000000000000ffa0                alt_timezone
                0x000000000000ffa8                alt_resettime
 .sbss          0x000000000000ffb0        0xc ../ECE_178_Project_app_bsp/\libhal_bsp.a(alt_main.o)
                0x000000000000ffb0                alt_argc
                0x000000000000ffb4                alt_argv
                0x000000000000ffb8                alt_envp
 .sbss          0x000000000000ffbc        0x8 ../ECE_178_Project_app_bsp/\libhal_bsp.a(alt_tick.o)
                0x000000000000ffbc                _alt_tick_rate
                0x000000000000ffc0                _alt_nticks
 .sbss          0x000000000000ffc4       0x34 ../ECE_178_Project_app_bsp/\libhal_bsp.a(Altera_UP_SD_Card_Avalon_Interface.o)
                0x000000000000ffc4                initialized
                0x000000000000ffc8                is_sd_card_formated_as_FAT16
                0x000000000000ffcc                aux_status_register
                0x000000000000ffd0                status_register
                0x000000000000ffd4                CSD_register_w0
                0x000000000000ffd8                command_register
                0x000000000000ffdc                command_argument_register
                0x000000000000ffe0                buffer_memory
                0x000000000000ffe4                fat_partition_offset_in_512_byte_sectors
                0x000000000000ffe8                fat_partition_size_in_512_byte_sectors
                0x000000000000ffec                device_pointer
                0x000000000000fff0                current_sector_modified
                0x000000000000fff4                current_sector_index
 .sbss          0x000000000000fff8        0x4 ../ECE_178_Project_app_bsp/\libhal_bsp.a(alt_irq_vars.o)
                0x000000000000fff8                alt_irq_active
 *(.sbss2 .sbss2.* .gnu.linkonce.sb2.*)
 *(.scommon)
                [!provide]                        PROVIDE (__sbss_end, ABSOLUTE (.))
                [!provide]                        PROVIDE (___sbss_end, ABSOLUTE (.))
 *(.dynbss)
 *(.bss .bss.* .gnu.linkonce.b.*)
 .bss           0x000000000000fffc        0x0 ../ECE_178_Project_app_bsp//obj/HAL/src/crt0.o
 .bss           0x000000000000fffc        0x0 obj/default/main.o
 .bss           0x000000000000fffc        0x0 obj/default/piezo.o
 .bss           0x000000000000fffc        0x0 d:/intelfpga_lite/17.1/nios2eds/bin/gnu/h-x86_64-mingw32/bin/../lib/gcc/nios2-elf/5.3.0\libgcc.a(addsf3.o)
 .bss           0x000000000000fffc        0x0 d:/intelfpga_lite/17.1/nios2eds/bin/gnu/h-x86_64-mingw32/bin/../lib/gcc/nios2-elf/5.3.0\libgcc.a(divsf3.o)
 .bss           0x000000000000fffc        0x0 d:/intelfpga_lite/17.1/nios2eds/bin/gnu/h-x86_64-mingw32/bin/../lib/gcc/nios2-elf/5.3.0\libgcc.a(gesf2.o)
 .bss           0x000000000000fffc        0x0 d:/intelfpga_lite/17.1/nios2eds/bin/gnu/h-x86_64-mingw32/bin/../lib/gcc/nios2-elf/5.3.0\libgcc.a(lesf2.o)
 .bss           0x000000000000fffc        0x0 d:/intelfpga_lite/17.1/nios2eds/bin/gnu/h-x86_64-mingw32/bin/../lib/gcc/nios2-elf/5.3.0\libgcc.a(mulsf3.o)
 .bss           0x000000000000fffc        0x0 d:/intelfpga_lite/17.1/nios2eds/bin/gnu/h-x86_64-mingw32/bin/../lib/gcc/nios2-elf/5.3.0\libgcc.a(subsf3.o)
 .bss           0x000000000000fffc        0x0 d:/intelfpga_lite/17.1/nios2eds/bin/gnu/h-x86_64-mingw32/bin/../lib/gcc/nios2-elf/5.3.0\libgcc.a(fixsfsi.o)
 .bss           0x000000000000fffc        0x0 d:/intelfpga_lite/17.1/nios2eds/bin/gnu/h-x86_64-mingw32/bin/../lib/gcc/nios2-elf/5.3.0\libgcc.a(floatsisf.o)
 .bss           0x000000000000fffc        0x0 d:/intelfpga_lite/17.1/nios2eds/bin/gnu/h-x86_64-mingw32/bin/../lib/gcc/nios2-elf/5.3.0\libgcc.a(adddf3.o)
 .bss           0x000000000000fffc        0x0 d:/intelfpga_lite/17.1/nios2eds/bin/gnu/h-x86_64-mingw32/bin/../lib/gcc/nios2-elf/5.3.0\libgcc.a(muldf3.o)
 .bss           0x000000000000fffc        0x0 d:/intelfpga_lite/17.1/nios2eds/bin/gnu/h-x86_64-mingw32/bin/../lib/gcc/nios2-elf/5.3.0\libgcc.a(extendsfdf2.o)
 .bss           0x000000000000fffc        0x0 d:/intelfpga_lite/17.1/nios2eds/bin/gnu/h-x86_64-mingw32/bin/../lib/gcc/nios2-elf/5.3.0\libgcc.a(truncdfsf2.o)
 .bss           0x000000000000fffc        0x0 d:/intelfpga_lite/17.1/nios2eds/bin/gnu/h-x86_64-mingw32/bin/../lib/gcc/nios2-elf/5.3.0\libgcc.a(_clzsi2.o)
 .bss           0x000000000000fffc        0x0 d:/intelfpga_lite/17.1/nios2eds/bin/gnu/h-x86_64-mingw32/bin/../lib/gcc/nios2-elf/5.3.0\libgcc.a(_clz.o)
 .bss           0x000000000000fffc        0x0 d:/intelfpga_lite/17.1/nios2eds/bin/gnu/h-x86_64-mingw32/bin/../lib/gcc/nios2-elf/5.3.0/../../../../../H-x86_64-mingw32/nios2-elf/lib\libc.a(lib_a-rand.o)
 .bss           0x000000000000fffc        0x0 d:/intelfpga_lite/17.1/nios2eds/bin/gnu/h-x86_64-mingw32/bin/../lib/gcc/nios2-elf/5.3.0/../../../../../H-x86_64-mingw32/nios2-elf/lib\libc.a(lib_a-time.o)
 .bss           0x000000000000fffc        0x0 d:/intelfpga_lite/17.1/nios2eds/bin/gnu/h-x86_64-mingw32/bin/../lib/gcc/nios2-elf/5.3.0/../../../../../H-x86_64-mingw32/nios2-elf/lib\libc.a(lib_a-gettimeofdayr.o)
 .bss           0x000000000000fffc        0x0 d:/intelfpga_lite/17.1/nios2eds/bin/gnu/h-x86_64-mingw32/bin/../lib/gcc/nios2-elf/5.3.0/../../../../../H-x86_64-mingw32/nios2-elf/lib\libc.a(lib_a-impure.o)
 .bss           0x000000000000fffc        0x0 d:/intelfpga_lite/17.1/nios2eds/bin/gnu/h-x86_64-mingw32/bin/../lib/gcc/nios2-elf/5.3.0/../../../../../H-x86_64-mingw32/nios2-elf/lib\libc.a(lib_a-int_errno.o)
 .bss           0x000000000000fffc        0x0 d:/intelfpga_lite/17.1/nios2eds/bin/gnu/h-x86_64-mingw32/bin/../lib/gcc/nios2-elf/5.3.0\libgcc.a(_muldi3.o)
 .bss           0x000000000000fffc        0x0 ../ECE_178_Project_app_bsp/\libhal_bsp.a(alt_gettod.o)
 .bss           0x000000000000fffc        0x0 ../ECE_178_Project_app_bsp/\libhal_bsp.a(alt_load.o)
 .bss           0x000000000000fffc        0x0 ../ECE_178_Project_app_bsp/\libhal_bsp.a(alt_main.o)
 .bss           0x000000000000fffc        0x0 ../ECE_178_Project_app_bsp/\libhal_bsp.a(alt_tick.o)
 .bss           0x000000000000fffc        0x0 ../ECE_178_Project_app_bsp/\libhal_bsp.a(alt_sys_init.o)
 .bss           0x000000000000fffc        0x0 ../ECE_178_Project_app_bsp/\libhal_bsp.a(Altera_UP_SD_Card_Avalon_Interface.o)
 .bss           0x000000000000fffc        0x0 ../ECE_178_Project_app_bsp/\libhal_bsp.a(altera_avalon_jtag_uart_fd.o)
 .bss           0x000000000000fffc        0x0 ../ECE_178_Project_app_bsp/\libhal_bsp.a(altera_avalon_jtag_uart_init.o)
 .bss           0x000000000000fffc        0x0 ../ECE_178_Project_app_bsp/\libhal_bsp.a(altera_avalon_jtag_uart_ioctl.o)
 .bss           0x000000000000fffc        0x0 ../ECE_178_Project_app_bsp/\libhal_bsp.a(altera_avalon_jtag_uart_read.o)
 .bss           0x000000000000fffc        0x0 ../ECE_178_Project_app_bsp/\libhal_bsp.a(altera_avalon_jtag_uart_write.o)
 .bss           0x000000000000fffc        0x0 ../ECE_178_Project_app_bsp/\libhal_bsp.a(altera_avalon_timer_sc.o)
 .bss           0x000000000000fffc        0x0 ../ECE_178_Project_app_bsp/\libhal_bsp.a(altera_up_avalon_rs232.o)
 .bss           0x000000000000fffc        0x0 ../ECE_178_Project_app_bsp/\libhal_bsp.a(altera_up_avalon_video_pixel_buffer_dma.o)
 .bss           0x000000000000fffc        0x0 ../ECE_178_Project_app_bsp/\libhal_bsp.a(alt_alarm_start.o)
 .bss           0x000000000000fffc        0x0 ../ECE_178_Project_app_bsp/\libhal_bsp.a(alt_close.o)
 .bss           0x000000000000fffc        0x0 ../ECE_178_Project_app_bsp/\libhal_bsp.a(alt_dcache_flush_all.o)
 .bss           0x000000000000fffc        0x0 ../ECE_178_Project_app_bsp/\libhal_bsp.a(alt_dev.o)
 .bss           0x000000000000fffc        0x0 ../ECE_178_Project_app_bsp/\libhal_bsp.a(alt_dev_llist_insert.o)
 .bss           0x000000000000fffc        0x0 ../ECE_178_Project_app_bsp/\libhal_bsp.a(alt_do_ctors.o)
 .bss           0x000000000000fffc        0x0 ../ECE_178_Project_app_bsp/\libhal_bsp.a(alt_do_dtors.o)
 .bss           0x000000000000fffc        0x0 ../ECE_178_Project_app_bsp/\libhal_bsp.a(alt_errno.o)
 .bss           0x000000000000fffc        0x0 ../ECE_178_Project_app_bsp/\libhal_bsp.a(alt_find_dev.o)
 .bss           0x000000000000fffc        0x0 ../ECE_178_Project_app_bsp/\libhal_bsp.a(alt_icache_flush_all.o)
 .bss           0x000000000000fffc        0x0 ../ECE_178_Project_app_bsp/\libhal_bsp.a(alt_io_redirect.o)
 .bss           0x000000000000fffc        0x0 ../ECE_178_Project_app_bsp/\libhal_bsp.a(alt_irq_register.o)
 .bss           0x000000000000fffc        0x0 ../ECE_178_Project_app_bsp/\libhal_bsp.a(alt_irq_vars.o)
 .bss           0x000000000000fffc        0x0 ../ECE_178_Project_app_bsp/\libhal_bsp.a(alt_open.o)
 .bss           0x000000000000fffc        0x0 ../ECE_178_Project_app_bsp/\libhal_bsp.a(alt_release_fd.o)
 .bss           0x000000000000fffc        0x0 ../ECE_178_Project_app_bsp/\libhal_bsp.a(altera_nios2_qsys_irq.o)
 .bss           0x000000000000fffc        0x0 ../ECE_178_Project_app_bsp/\libhal_bsp.a(alt_find_file.o)
 .bss           0x000000000000fffc        0x0 ../ECE_178_Project_app_bsp/\libhal_bsp.a(alt_get_fd.o)
 .bss           0x000000000000fffc        0x0 ../ECE_178_Project_app_bsp/\libhal_bsp.a(alt_icache_flush.o)
 .bss           0x000000000000fffc        0x0 ../ECE_178_Project_app_bsp/\libhal_bsp.a(alt_irq_entry.o)
 .bss           0x000000000000fffc        0x0 ../ECE_178_Project_app_bsp/\libhal_bsp.a(alt_irq_handler.o)
 .bss           0x000000000000fffc        0x0 ../ECE_178_Project_app_bsp/\libhal_bsp.a(alt_exception_entry.o)
 .bss           0x000000000000fffc        0x0 d:/intelfpga_lite/17.1/nios2eds/bin/gnu/h-x86_64-mingw32/bin/../lib/gcc/nios2-elf/5.3.0/../../../../../H-x86_64-mingw32/nios2-elf/lib\libc.a(lib_a-atexit.o)
 .bss           0x000000000000fffc        0x0 d:/intelfpga_lite/17.1/nios2eds/bin/gnu/h-x86_64-mingw32/bin/../lib/gcc/nios2-elf/5.3.0/../../../../../H-x86_64-mingw32/nios2-elf/lib\libc.a(lib_a-exit.o)
 .bss           0x000000000000fffc        0x0 d:/intelfpga_lite/17.1/nios2eds/bin/gnu/h-x86_64-mingw32/bin/../lib/gcc/nios2-elf/5.3.0/../../../../../H-x86_64-mingw32/nios2-elf/lib\libc.a(lib_a-memcmp.o)
 .bss           0x000000000000fffc        0x0 d:/intelfpga_lite/17.1/nios2eds/bin/gnu/h-x86_64-mingw32/bin/../lib/gcc/nios2-elf/5.3.0/../../../../../H-x86_64-mingw32/nios2-elf/lib\libc.a(lib_a-memcpy.o)
 .bss           0x000000000000fffc        0x0 d:/intelfpga_lite/17.1/nios2eds/bin/gnu/h-x86_64-mingw32/bin/../lib/gcc/nios2-elf/5.3.0/../../../../../H-x86_64-mingw32/nios2-elf/lib\libc.a(lib_a-strlen.o)
 .bss           0x000000000000fffc        0x0 d:/intelfpga_lite/17.1/nios2eds/bin/gnu/h-x86_64-mingw32/bin/../lib/gcc/nios2-elf/5.3.0/../../../../../H-x86_64-mingw32/nios2-elf/lib\libc.a(lib_a-__atexit.o)
 .bss           0x000000000000fffc        0x0 d:/intelfpga_lite/17.1/nios2eds/bin/gnu/h-x86_64-mingw32/bin/../lib/gcc/nios2-elf/5.3.0/../../../../../H-x86_64-mingw32/nios2-elf/lib\libc.a(lib_a-__call_atexit.o)
 .bss           0x000000000000fffc        0x0 d:/intelfpga_lite/17.1/nios2eds/bin/gnu/h-x86_64-mingw32/bin/../lib/gcc/nios2-elf/5.3.0\libgcc.a(_umoddi3.o)
 .bss           0x000000000000fffc        0x0 d:/intelfpga_lite/17.1/nios2eds/bin/gnu/h-x86_64-mingw32/bin/../lib/gcc/nios2-elf/5.3.0\libgcc.a(lib2-divmod.o)
 .bss           0x000000000000fffc        0x0 ../ECE_178_Project_app_bsp/\libhal_bsp.a(alt_exit.o)
 *(COMMON)
 COMMON         0x000000000000fffc      0x568 ../ECE_178_Project_app_bsp/\libhal_bsp.a(Altera_UP_SD_Card_Avalon_Interface.o)
                0x000000000000fffc                search_data
                0x0000000000010010                boot_sector_data
                0x0000000000010064                active_files
 COMMON         0x0000000000010564      0x100 ../ECE_178_Project_app_bsp/\libhal_bsp.a(alt_irq_handler.o)
                0x0000000000010564                alt_irq
                0x0000000000010664                . = ALIGN (0x4)
                0x0000000000010664                __bss_end = ABSOLUTE (.)

.sdram_controller
                0x0000000000010664        0x0
                [!provide]                        PROVIDE (_alt_partition_sdram_controller_start, ABSOLUTE (.))
 *(.sdram_controller .sdram_controller. sdram_controller.*)
                0x0000000000010664                . = ALIGN (0x4)
                [!provide]                        PROVIDE (_alt_partition_sdram_controller_end, ABSOLUTE (.))
                0x0000000000010664                _end = ABSOLUTE (.)
                0x0000000000010664                end = ABSOLUTE (.)
                0x0000000000010664                __alt_stack_base = ABSOLUTE (.)
                [!provide]                        PROVIDE (_alt_partition_sdram_controller_load_addr, LOADADDR (.sdram_controller))

.stab
 *(.stab)

.stabstr
 *(.stabstr)

.stab.excl
 *(.stab.excl)

.stab.exclstr
 *(.stab.exclstr)

.stab.index
 *(.stab.index)

.stab.indexstr
 *(.stab.indexstr)

.comment        0x0000000000000000       0x23
 *(.comment)
 .comment       0x0000000000000000       0x23 obj/default/main.o
                                         0x24 (size before relaxing)
 .comment       0x0000000000000023       0x24 obj/default/piezo.o
 .comment       0x0000000000000023       0x24 d:/intelfpga_lite/17.1/nios2eds/bin/gnu/h-x86_64-mingw32/bin/../lib/gcc/nios2-elf/5.3.0\libgcc.a(addsf3.o)
 .comment       0x0000000000000023       0x24 d:/intelfpga_lite/17.1/nios2eds/bin/gnu/h-x86_64-mingw32/bin/../lib/gcc/nios2-elf/5.3.0\libgcc.a(divsf3.o)
 .comment       0x0000000000000023       0x24 d:/intelfpga_lite/17.1/nios2eds/bin/gnu/h-x86_64-mingw32/bin/../lib/gcc/nios2-elf/5.3.0\libgcc.a(gesf2.o)
 .comment       0x0000000000000023       0x24 d:/intelfpga_lite/17.1/nios2eds/bin/gnu/h-x86_64-mingw32/bin/../lib/gcc/nios2-elf/5.3.0\libgcc.a(lesf2.o)
 .comment       0x0000000000000023       0x24 d:/intelfpga_lite/17.1/nios2eds/bin/gnu/h-x86_64-mingw32/bin/../lib/gcc/nios2-elf/5.3.0\libgcc.a(mulsf3.o)
 .comment       0x0000000000000023       0x24 d:/intelfpga_lite/17.1/nios2eds/bin/gnu/h-x86_64-mingw32/bin/../lib/gcc/nios2-elf/5.3.0\libgcc.a(subsf3.o)
 .comment       0x0000000000000023       0x24 d:/intelfpga_lite/17.1/nios2eds/bin/gnu/h-x86_64-mingw32/bin/../lib/gcc/nios2-elf/5.3.0\libgcc.a(fixsfsi.o)
 .comment       0x0000000000000023       0x24 d:/intelfpga_lite/17.1/nios2eds/bin/gnu/h-x86_64-mingw32/bin/../lib/gcc/nios2-elf/5.3.0\libgcc.a(floatsisf.o)
 .comment       0x0000000000000023       0x24 d:/intelfpga_lite/17.1/nios2eds/bin/gnu/h-x86_64-mingw32/bin/../lib/gcc/nios2-elf/5.3.0\libgcc.a(adddf3.o)
 .comment       0x0000000000000023       0x24 d:/intelfpga_lite/17.1/nios2eds/bin/gnu/h-x86_64-mingw32/bin/../lib/gcc/nios2-elf/5.3.0\libgcc.a(muldf3.o)
 .comment       0x0000000000000023       0x24 d:/intelfpga_lite/17.1/nios2eds/bin/gnu/h-x86_64-mingw32/bin/../lib/gcc/nios2-elf/5.3.0\libgcc.a(extendsfdf2.o)
 .comment       0x0000000000000023       0x24 d:/intelfpga_lite/17.1/nios2eds/bin/gnu/h-x86_64-mingw32/bin/../lib/gcc/nios2-elf/5.3.0\libgcc.a(truncdfsf2.o)
 .comment       0x0000000000000023       0x24 d:/intelfpga_lite/17.1/nios2eds/bin/gnu/h-x86_64-mingw32/bin/../lib/gcc/nios2-elf/5.3.0\libgcc.a(_clzsi2.o)
 .comment       0x0000000000000023       0x24 d:/intelfpga_lite/17.1/nios2eds/bin/gnu/h-x86_64-mingw32/bin/../lib/gcc/nios2-elf/5.3.0\libgcc.a(_clz.o)
 .comment       0x0000000000000023       0x24 d:/intelfpga_lite/17.1/nios2eds/bin/gnu/h-x86_64-mingw32/bin/../lib/gcc/nios2-elf/5.3.0/../../../../../H-x86_64-mingw32/nios2-elf/lib\libc.a(lib_a-rand.o)
 .comment       0x0000000000000023       0x24 d:/intelfpga_lite/17.1/nios2eds/bin/gnu/h-x86_64-mingw32/bin/../lib/gcc/nios2-elf/5.3.0/../../../../../H-x86_64-mingw32/nios2-elf/lib\libc.a(lib_a-time.o)
 .comment       0x0000000000000023       0x24 d:/intelfpga_lite/17.1/nios2eds/bin/gnu/h-x86_64-mingw32/bin/../lib/gcc/nios2-elf/5.3.0/../../../../../H-x86_64-mingw32/nios2-elf/lib\libc.a(lib_a-gettimeofdayr.o)
 .comment       0x0000000000000023       0x24 d:/intelfpga_lite/17.1/nios2eds/bin/gnu/h-x86_64-mingw32/bin/../lib/gcc/nios2-elf/5.3.0/../../../../../H-x86_64-mingw32/nios2-elf/lib\libc.a(lib_a-impure.o)
 .comment       0x0000000000000023       0x24 d:/intelfpga_lite/17.1/nios2eds/bin/gnu/h-x86_64-mingw32/bin/../lib/gcc/nios2-elf/5.3.0/../../../../../H-x86_64-mingw32/nios2-elf/lib\libc.a(lib_a-int_errno.o)
 .comment       0x0000000000000023       0x24 d:/intelfpga_lite/17.1/nios2eds/bin/gnu/h-x86_64-mingw32/bin/../lib/gcc/nios2-elf/5.3.0\libgcc.a(_muldi3.o)
 .comment       0x0000000000000023       0x24 ../ECE_178_Project_app_bsp/\libhal_bsp.a(alt_gettod.o)
 .comment       0x0000000000000023       0x24 ../ECE_178_Project_app_bsp/\libhal_bsp.a(alt_load.o)
 .comment       0x0000000000000023       0x24 ../ECE_178_Project_app_bsp/\libhal_bsp.a(alt_main.o)
 .comment       0x0000000000000023       0x24 ../ECE_178_Project_app_bsp/\libhal_bsp.a(alt_tick.o)
 .comment       0x0000000000000023       0x24 ../ECE_178_Project_app_bsp/\libhal_bsp.a(alt_sys_init.o)
 .comment       0x0000000000000023       0x24 ../ECE_178_Project_app_bsp/\libhal_bsp.a(Altera_UP_SD_Card_Avalon_Interface.o)
 .comment       0x0000000000000023       0x24 ../ECE_178_Project_app_bsp/\libhal_bsp.a(altera_avalon_jtag_uart_fd.o)
 .comment       0x0000000000000023       0x24 ../ECE_178_Project_app_bsp/\libhal_bsp.a(altera_avalon_jtag_uart_init.o)
 .comment       0x0000000000000023       0x24 ../ECE_178_Project_app_bsp/\libhal_bsp.a(altera_avalon_jtag_uart_ioctl.o)
 .comment       0x0000000000000023       0x24 ../ECE_178_Project_app_bsp/\libhal_bsp.a(altera_avalon_jtag_uart_read.o)
 .comment       0x0000000000000023       0x24 ../ECE_178_Project_app_bsp/\libhal_bsp.a(altera_avalon_jtag_uart_write.o)
 .comment       0x0000000000000023       0x24 ../ECE_178_Project_app_bsp/\libhal_bsp.a(altera_avalon_timer_sc.o)
 .comment       0x0000000000000023       0x24 ../ECE_178_Project_app_bsp/\libhal_bsp.a(altera_up_avalon_rs232.o)
 .comment       0x0000000000000023       0x24 ../ECE_178_Project_app_bsp/\libhal_bsp.a(altera_up_avalon_video_pixel_buffer_dma.o)
 .comment       0x0000000000000023       0x24 ../ECE_178_Project_app_bsp/\libhal_bsp.a(alt_alarm_start.o)
 .comment       0x0000000000000023       0x24 ../ECE_178_Project_app_bsp/\libhal_bsp.a(alt_close.o)
 .comment       0x0000000000000023       0x24 ../ECE_178_Project_app_bsp/\libhal_bsp.a(alt_dcache_flush_all.o)
 .comment       0x0000000000000023       0x24 ../ECE_178_Project_app_bsp/\libhal_bsp.a(alt_dev.o)
 .comment       0x0000000000000023       0x24 ../ECE_178_Project_app_bsp/\libhal_bsp.a(alt_dev_llist_insert.o)
 .comment       0x0000000000000023       0x24 ../ECE_178_Project_app_bsp/\libhal_bsp.a(alt_do_ctors.o)
 .comment       0x0000000000000023       0x24 ../ECE_178_Project_app_bsp/\libhal_bsp.a(alt_do_dtors.o)
 .comment       0x0000000000000023       0x24 ../ECE_178_Project_app_bsp/\libhal_bsp.a(alt_errno.o)
 .comment       0x0000000000000023       0x24 ../ECE_178_Project_app_bsp/\libhal_bsp.a(alt_find_dev.o)
 .comment       0x0000000000000023       0x24 ../ECE_178_Project_app_bsp/\libhal_bsp.a(alt_icache_flush_all.o)
 .comment       0x0000000000000023       0x24 ../ECE_178_Project_app_bsp/\libhal_bsp.a(alt_io_redirect.o)
 .comment       0x0000000000000023       0x24 ../ECE_178_Project_app_bsp/\libhal_bsp.a(alt_irq_register.o)
 .comment       0x0000000000000023       0x24 ../ECE_178_Project_app_bsp/\libhal_bsp.a(alt_irq_vars.o)
 .comment       0x0000000000000023       0x24 ../ECE_178_Project_app_bsp/\libhal_bsp.a(alt_open.o)
 .comment       0x0000000000000023       0x24 ../ECE_178_Project_app_bsp/\libhal_bsp.a(alt_release_fd.o)
 .comment       0x0000000000000023       0x24 ../ECE_178_Project_app_bsp/\libhal_bsp.a(altera_nios2_qsys_irq.o)
 .comment       0x0000000000000023       0x24 ../ECE_178_Project_app_bsp/\libhal_bsp.a(alt_find_file.o)
 .comment       0x0000000000000023       0x24 ../ECE_178_Project_app_bsp/\libhal_bsp.a(alt_get_fd.o)
 .comment       0x0000000000000023       0x24 ../ECE_178_Project_app_bsp/\libhal_bsp.a(alt_icache_flush.o)
 .comment       0x0000000000000023       0x24 ../ECE_178_Project_app_bsp/\libhal_bsp.a(alt_irq_handler.o)
 .comment       0x0000000000000023       0x24 d:/intelfpga_lite/17.1/nios2eds/bin/gnu/h-x86_64-mingw32/bin/../lib/gcc/nios2-elf/5.3.0/../../../../../H-x86_64-mingw32/nios2-elf/lib\libc.a(lib_a-atexit.o)
 .comment       0x0000000000000023       0x24 d:/intelfpga_lite/17.1/nios2eds/bin/gnu/h-x86_64-mingw32/bin/../lib/gcc/nios2-elf/5.3.0/../../../../../H-x86_64-mingw32/nios2-elf/lib\libc.a(lib_a-exit.o)
 .comment       0x0000000000000023       0x24 d:/intelfpga_lite/17.1/nios2eds/bin/gnu/h-x86_64-mingw32/bin/../lib/gcc/nios2-elf/5.3.0/../../../../../H-x86_64-mingw32/nios2-elf/lib\libc.a(lib_a-memcmp.o)
 .comment       0x0000000000000023       0x24 d:/intelfpga_lite/17.1/nios2eds/bin/gnu/h-x86_64-mingw32/bin/../lib/gcc/nios2-elf/5.3.0/../../../../../H-x86_64-mingw32/nios2-elf/lib\libc.a(lib_a-memcpy.o)
 .comment       0x0000000000000023       0x24 d:/intelfpga_lite/17.1/nios2eds/bin/gnu/h-x86_64-mingw32/bin/../lib/gcc/nios2-elf/5.3.0/../../../../../H-x86_64-mingw32/nios2-elf/lib\libc.a(lib_a-strlen.o)
 .comment       0x0000000000000023       0x24 d:/intelfpga_lite/17.1/nios2eds/bin/gnu/h-x86_64-mingw32/bin/../lib/gcc/nios2-elf/5.3.0/../../../../../H-x86_64-mingw32/nios2-elf/lib\libc.a(lib_a-__atexit.o)
 .comment       0x0000000000000023       0x24 d:/intelfpga_lite/17.1/nios2eds/bin/gnu/h-x86_64-mingw32/bin/../lib/gcc/nios2-elf/5.3.0/../../../../../H-x86_64-mingw32/nios2-elf/lib\libc.a(lib_a-__call_atexit.o)
 .comment       0x0000000000000023       0x24 d:/intelfpga_lite/17.1/nios2eds/bin/gnu/h-x86_64-mingw32/bin/../lib/gcc/nios2-elf/5.3.0\libgcc.a(_umoddi3.o)
 .comment       0x0000000000000023       0x24 d:/intelfpga_lite/17.1/nios2eds/bin/gnu/h-x86_64-mingw32/bin/../lib/gcc/nios2-elf/5.3.0\libgcc.a(lib2-divmod.o)
 .comment       0x0000000000000023       0x24 ../ECE_178_Project_app_bsp/\libhal_bsp.a(alt_exit.o)

.debug
 *(.debug)

.line
 *(.line)

.debug_srcinfo
 *(.debug_srcinfo)

.debug_sfnames
 *(.debug_sfnames)

.debug_aranges  0x0000000000000000      0x8b0
 *(.debug_aranges)
 .debug_aranges
                0x0000000000000000       0x28 ../ECE_178_Project_app_bsp//obj/HAL/src/crt0.o
 .debug_aranges
                0x0000000000000028       0x20 obj/default/main.o
 .debug_aranges
                0x0000000000000048       0x20 obj/default/piezo.o
 .debug_aranges
                0x0000000000000068       0x20 d:/intelfpga_lite/17.1/nios2eds/bin/gnu/h-x86_64-mingw32/bin/../lib/gcc/nios2-elf/5.3.0\libgcc.a(addsf3.o)
 .debug_aranges
                0x0000000000000088       0x20 d:/intelfpga_lite/17.1/nios2eds/bin/gnu/h-x86_64-mingw32/bin/../lib/gcc/nios2-elf/5.3.0\libgcc.a(divsf3.o)
 .debug_aranges
                0x00000000000000a8       0x20 d:/intelfpga_lite/17.1/nios2eds/bin/gnu/h-x86_64-mingw32/bin/../lib/gcc/nios2-elf/5.3.0\libgcc.a(gesf2.o)
 .debug_aranges
                0x00000000000000c8       0x20 d:/intelfpga_lite/17.1/nios2eds/bin/gnu/h-x86_64-mingw32/bin/../lib/gcc/nios2-elf/5.3.0\libgcc.a(lesf2.o)
 .debug_aranges
                0x00000000000000e8       0x20 d:/intelfpga_lite/17.1/nios2eds/bin/gnu/h-x86_64-mingw32/bin/../lib/gcc/nios2-elf/5.3.0\libgcc.a(mulsf3.o)
 .debug_aranges
                0x0000000000000108       0x20 d:/intelfpga_lite/17.1/nios2eds/bin/gnu/h-x86_64-mingw32/bin/../lib/gcc/nios2-elf/5.3.0\libgcc.a(subsf3.o)
 .debug_aranges
                0x0000000000000128       0x20 d:/intelfpga_lite/17.1/nios2eds/bin/gnu/h-x86_64-mingw32/bin/../lib/gcc/nios2-elf/5.3.0\libgcc.a(fixsfsi.o)
 .debug_aranges
                0x0000000000000148       0x20 d:/intelfpga_lite/17.1/nios2eds/bin/gnu/h-x86_64-mingw32/bin/../lib/gcc/nios2-elf/5.3.0\libgcc.a(floatsisf.o)
 .debug_aranges
                0x0000000000000168       0x20 d:/intelfpga_lite/17.1/nios2eds/bin/gnu/h-x86_64-mingw32/bin/../lib/gcc/nios2-elf/5.3.0\libgcc.a(adddf3.o)
 .debug_aranges
                0x0000000000000188       0x20 d:/intelfpga_lite/17.1/nios2eds/bin/gnu/h-x86_64-mingw32/bin/../lib/gcc/nios2-elf/5.3.0\libgcc.a(muldf3.o)
 .debug_aranges
                0x00000000000001a8       0x20 d:/intelfpga_lite/17.1/nios2eds/bin/gnu/h-x86_64-mingw32/bin/../lib/gcc/nios2-elf/5.3.0\libgcc.a(extendsfdf2.o)
 .debug_aranges
                0x00000000000001c8       0x20 d:/intelfpga_lite/17.1/nios2eds/bin/gnu/h-x86_64-mingw32/bin/../lib/gcc/nios2-elf/5.3.0\libgcc.a(truncdfsf2.o)
 .debug_aranges
                0x00000000000001e8       0x20 d:/intelfpga_lite/17.1/nios2eds/bin/gnu/h-x86_64-mingw32/bin/../lib/gcc/nios2-elf/5.3.0\libgcc.a(_clzsi2.o)
 .debug_aranges
                0x0000000000000208       0x18 d:/intelfpga_lite/17.1/nios2eds/bin/gnu/h-x86_64-mingw32/bin/../lib/gcc/nios2-elf/5.3.0\libgcc.a(_clz.o)
 .debug_aranges
                0x0000000000000220       0x28 d:/intelfpga_lite/17.1/nios2eds/bin/gnu/h-x86_64-mingw32/bin/../lib/gcc/nios2-elf/5.3.0/../../../../../H-x86_64-mingw32/nios2-elf/lib\libc.a(lib_a-rand.o)
 .debug_aranges
                0x0000000000000248       0x20 d:/intelfpga_lite/17.1/nios2eds/bin/gnu/h-x86_64-mingw32/bin/../lib/gcc/nios2-elf/5.3.0/../../../../../H-x86_64-mingw32/nios2-elf/lib\libc.a(lib_a-time.o)
 .debug_aranges
                0x0000000000000268       0x20 d:/intelfpga_lite/17.1/nios2eds/bin/gnu/h-x86_64-mingw32/bin/../lib/gcc/nios2-elf/5.3.0/../../../../../H-x86_64-mingw32/nios2-elf/lib\libc.a(lib_a-gettimeofdayr.o)
 .debug_aranges
                0x0000000000000288       0x18 d:/intelfpga_lite/17.1/nios2eds/bin/gnu/h-x86_64-mingw32/bin/../lib/gcc/nios2-elf/5.3.0/../../../../../H-x86_64-mingw32/nios2-elf/lib\libc.a(lib_a-impure.o)
 .debug_aranges
                0x00000000000002a0       0x18 d:/intelfpga_lite/17.1/nios2eds/bin/gnu/h-x86_64-mingw32/bin/../lib/gcc/nios2-elf/5.3.0/../../../../../H-x86_64-mingw32/nios2-elf/lib\libc.a(lib_a-int_errno.o)
 .debug_aranges
                0x00000000000002b8       0x20 d:/intelfpga_lite/17.1/nios2eds/bin/gnu/h-x86_64-mingw32/bin/../lib/gcc/nios2-elf/5.3.0\libgcc.a(_muldi3.o)
 .debug_aranges
                0x00000000000002d8       0x20 ../ECE_178_Project_app_bsp/\libhal_bsp.a(alt_gettod.o)
 .debug_aranges
                0x00000000000002f8       0x20 ../ECE_178_Project_app_bsp/\libhal_bsp.a(alt_load.o)
 .debug_aranges
                0x0000000000000318       0x20 ../ECE_178_Project_app_bsp/\libhal_bsp.a(alt_main.o)
 .debug_aranges
                0x0000000000000338       0x20 ../ECE_178_Project_app_bsp/\libhal_bsp.a(alt_tick.o)
 .debug_aranges
                0x0000000000000358       0x20 ../ECE_178_Project_app_bsp/\libhal_bsp.a(alt_sys_init.o)
 .debug_aranges
                0x0000000000000378       0x20 ../ECE_178_Project_app_bsp/\libhal_bsp.a(Altera_UP_SD_Card_Avalon_Interface.o)
 .debug_aranges
                0x0000000000000398       0x20 ../ECE_178_Project_app_bsp/\libhal_bsp.a(altera_avalon_jtag_uart_fd.o)
 .debug_aranges
                0x00000000000003b8       0x20 ../ECE_178_Project_app_bsp/\libhal_bsp.a(altera_avalon_jtag_uart_init.o)
 .debug_aranges
                0x00000000000003d8       0x20 ../ECE_178_Project_app_bsp/\libhal_bsp.a(altera_avalon_jtag_uart_ioctl.o)
 .debug_aranges
                0x00000000000003f8       0x20 ../ECE_178_Project_app_bsp/\libhal_bsp.a(altera_avalon_jtag_uart_read.o)
 .debug_aranges
                0x0000000000000418       0x20 ../ECE_178_Project_app_bsp/\libhal_bsp.a(altera_avalon_jtag_uart_write.o)
 .debug_aranges
                0x0000000000000438       0x20 ../ECE_178_Project_app_bsp/\libhal_bsp.a(altera_avalon_timer_sc.o)
 .debug_aranges
                0x0000000000000458       0x20 ../ECE_178_Project_app_bsp/\libhal_bsp.a(altera_up_avalon_rs232.o)
 .debug_aranges
                0x0000000000000478       0x20 ../ECE_178_Project_app_bsp/\libhal_bsp.a(altera_up_avalon_video_pixel_buffer_dma.o)
 .debug_aranges
                0x0000000000000498       0x20 ../ECE_178_Project_app_bsp/\libhal_bsp.a(alt_alarm_start.o)
 .debug_aranges
                0x00000000000004b8       0x20 ../ECE_178_Project_app_bsp/\libhal_bsp.a(alt_close.o)
 .debug_aranges
                0x00000000000004d8       0x20 ../ECE_178_Project_app_bsp/\libhal_bsp.a(alt_dcache_flush_all.o)
 .debug_aranges
                0x00000000000004f8       0x20 ../ECE_178_Project_app_bsp/\libhal_bsp.a(alt_dev.o)
 .debug_aranges
                0x0000000000000518       0x20 ../ECE_178_Project_app_bsp/\libhal_bsp.a(alt_dev_llist_insert.o)
 .debug_aranges
                0x0000000000000538       0x20 ../ECE_178_Project_app_bsp/\libhal_bsp.a(alt_do_ctors.o)
 .debug_aranges
                0x0000000000000558       0x20 ../ECE_178_Project_app_bsp/\libhal_bsp.a(alt_do_dtors.o)
 .debug_aranges
                0x0000000000000578       0x18 ../ECE_178_Project_app_bsp/\libhal_bsp.a(alt_errno.o)
 .debug_aranges
                0x0000000000000590       0x20 ../ECE_178_Project_app_bsp/\libhal_bsp.a(alt_find_dev.o)
 .debug_aranges
                0x00000000000005b0       0x20 ../ECE_178_Project_app_bsp/\libhal_bsp.a(alt_icache_flush_all.o)
 .debug_aranges
                0x00000000000005d0       0x20 ../ECE_178_Project_app_bsp/\libhal_bsp.a(alt_io_redirect.o)
 .debug_aranges
                0x00000000000005f0       0x20 ../ECE_178_Project_app_bsp/\libhal_bsp.a(alt_irq_register.o)
 .debug_aranges
                0x0000000000000610       0x18 ../ECE_178_Project_app_bsp/\libhal_bsp.a(alt_irq_vars.o)
 .debug_aranges
                0x0000000000000628       0x20 ../ECE_178_Project_app_bsp/\libhal_bsp.a(alt_open.o)
 .debug_aranges
                0x0000000000000648       0x20 ../ECE_178_Project_app_bsp/\libhal_bsp.a(alt_release_fd.o)
 .debug_aranges
                0x0000000000000668       0x20 ../ECE_178_Project_app_bsp/\libhal_bsp.a(altera_nios2_qsys_irq.o)
 .debug_aranges
                0x0000000000000688       0x20 ../ECE_178_Project_app_bsp/\libhal_bsp.a(alt_find_file.o)
 .debug_aranges
                0x00000000000006a8       0x20 ../ECE_178_Project_app_bsp/\libhal_bsp.a(alt_get_fd.o)
 .debug_aranges
                0x00000000000006c8       0x20 ../ECE_178_Project_app_bsp/\libhal_bsp.a(alt_icache_flush.o)
 .debug_aranges
                0x00000000000006e8       0x30 ../ECE_178_Project_app_bsp/\libhal_bsp.a(alt_irq_entry.o)
 .debug_aranges
                0x0000000000000718       0x20 ../ECE_178_Project_app_bsp/\libhal_bsp.a(alt_irq_handler.o)
 .debug_aranges
                0x0000000000000738       0x38 ../ECE_178_Project_app_bsp/\libhal_bsp.a(alt_exception_entry.o)
 .debug_aranges
                0x0000000000000770       0x20 d:/intelfpga_lite/17.1/nios2eds/bin/gnu/h-x86_64-mingw32/bin/../lib/gcc/nios2-elf/5.3.0/../../../../../H-x86_64-mingw32/nios2-elf/lib\libc.a(lib_a-atexit.o)
 .debug_aranges
                0x0000000000000790       0x20 d:/intelfpga_lite/17.1/nios2eds/bin/gnu/h-x86_64-mingw32/bin/../lib/gcc/nios2-elf/5.3.0/../../../../../H-x86_64-mingw32/nios2-elf/lib\libc.a(lib_a-exit.o)
 .debug_aranges
                0x00000000000007b0       0x20 d:/intelfpga_lite/17.1/nios2eds/bin/gnu/h-x86_64-mingw32/bin/../lib/gcc/nios2-elf/5.3.0/../../../../../H-x86_64-mingw32/nios2-elf/lib\libc.a(lib_a-memcmp.o)
 .debug_aranges
                0x00000000000007d0       0x20 d:/intelfpga_lite/17.1/nios2eds/bin/gnu/h-x86_64-mingw32/bin/../lib/gcc/nios2-elf/5.3.0/../../../../../H-x86_64-mingw32/nios2-elf/lib\libc.a(lib_a-memcpy.o)
 .debug_aranges
                0x00000000000007f0       0x20 d:/intelfpga_lite/17.1/nios2eds/bin/gnu/h-x86_64-mingw32/bin/../lib/gcc/nios2-elf/5.3.0/../../../../../H-x86_64-mingw32/nios2-elf/lib\libc.a(lib_a-strlen.o)
 .debug_aranges
                0x0000000000000810       0x20 d:/intelfpga_lite/17.1/nios2eds/bin/gnu/h-x86_64-mingw32/bin/../lib/gcc/nios2-elf/5.3.0/../../../../../H-x86_64-mingw32/nios2-elf/lib\libc.a(lib_a-__atexit.o)
 .debug_aranges
                0x0000000000000830       0x20 d:/intelfpga_lite/17.1/nios2eds/bin/gnu/h-x86_64-mingw32/bin/../lib/gcc/nios2-elf/5.3.0/../../../../../H-x86_64-mingw32/nios2-elf/lib\libc.a(lib_a-__call_atexit.o)
 .debug_aranges
                0x0000000000000850       0x20 d:/intelfpga_lite/17.1/nios2eds/bin/gnu/h-x86_64-mingw32/bin/../lib/gcc/nios2-elf/5.3.0\libgcc.a(_umoddi3.o)
 .debug_aranges
                0x0000000000000870       0x20 d:/intelfpga_lite/17.1/nios2eds/bin/gnu/h-x86_64-mingw32/bin/../lib/gcc/nios2-elf/5.3.0\libgcc.a(lib2-divmod.o)
 .debug_aranges
                0x0000000000000890       0x20 ../ECE_178_Project_app_bsp/\libhal_bsp.a(alt_exit.o)

.debug_pubnames
 *(.debug_pubnames)

.debug_info     0x0000000000000000     0xf44f
 *(.debug_info .gnu.linkonce.wi.*)
 .debug_info    0x0000000000000000       0x85 ../ECE_178_Project_app_bsp//obj/HAL/src/crt0.o
 .debug_info    0x0000000000000085      0x800 obj/default/main.o
 .debug_info    0x0000000000000885      0x221 obj/default/piezo.o
 .debug_info    0x0000000000000aa6      0x2b7 d:/intelfpga_lite/17.1/nios2eds/bin/gnu/h-x86_64-mingw32/bin/../lib/gcc/nios2-elf/5.3.0\libgcc.a(addsf3.o)
 .debug_info    0x0000000000000d5d      0x2b7 d:/intelfpga_lite/17.1/nios2eds/bin/gnu/h-x86_64-mingw32/bin/../lib/gcc/nios2-elf/5.3.0\libgcc.a(divsf3.o)
 .debug_info    0x0000000000001014      0x1d3 d:/intelfpga_lite/17.1/nios2eds/bin/gnu/h-x86_64-mingw32/bin/../lib/gcc/nios2-elf/5.3.0\libgcc.a(gesf2.o)
 .debug_info    0x00000000000011e7      0x1d5 d:/intelfpga_lite/17.1/nios2eds/bin/gnu/h-x86_64-mingw32/bin/../lib/gcc/nios2-elf/5.3.0\libgcc.a(lesf2.o)
 .debug_info    0x00000000000013bc      0x31d d:/intelfpga_lite/17.1/nios2eds/bin/gnu/h-x86_64-mingw32/bin/../lib/gcc/nios2-elf/5.3.0\libgcc.a(mulsf3.o)
 .debug_info    0x00000000000016d9      0x2b7 d:/intelfpga_lite/17.1/nios2eds/bin/gnu/h-x86_64-mingw32/bin/../lib/gcc/nios2-elf/5.3.0\libgcc.a(subsf3.o)
 .debug_info    0x0000000000001990      0x18b d:/intelfpga_lite/17.1/nios2eds/bin/gnu/h-x86_64-mingw32/bin/../lib/gcc/nios2-elf/5.3.0\libgcc.a(fixsfsi.o)
 .debug_info    0x0000000000001b1b      0x1c7 d:/intelfpga_lite/17.1/nios2eds/bin/gnu/h-x86_64-mingw32/bin/../lib/gcc/nios2-elf/5.3.0\libgcc.a(floatsisf.o)
 .debug_info    0x0000000000001ce2      0x4a2 d:/intelfpga_lite/17.1/nios2eds/bin/gnu/h-x86_64-mingw32/bin/../lib/gcc/nios2-elf/5.3.0\libgcc.a(adddf3.o)
 .debug_info    0x0000000000002184      0x5f5 d:/intelfpga_lite/17.1/nios2eds/bin/gnu/h-x86_64-mingw32/bin/../lib/gcc/nios2-elf/5.3.0\libgcc.a(muldf3.o)
 .debug_info    0x0000000000002779      0x248 d:/intelfpga_lite/17.1/nios2eds/bin/gnu/h-x86_64-mingw32/bin/../lib/gcc/nios2-elf/5.3.0\libgcc.a(extendsfdf2.o)
 .debug_info    0x00000000000029c1      0x248 d:/intelfpga_lite/17.1/nios2eds/bin/gnu/h-x86_64-mingw32/bin/../lib/gcc/nios2-elf/5.3.0\libgcc.a(truncdfsf2.o)
 .debug_info    0x0000000000002c09      0x124 d:/intelfpga_lite/17.1/nios2eds/bin/gnu/h-x86_64-mingw32/bin/../lib/gcc/nios2-elf/5.3.0\libgcc.a(_clzsi2.o)
 .debug_info    0x0000000000002d2d       0xb2 d:/intelfpga_lite/17.1/nios2eds/bin/gnu/h-x86_64-mingw32/bin/../lib/gcc/nios2-elf/5.3.0\libgcc.a(_clz.o)
 .debug_info    0x0000000000002ddf      0x8d7 d:/intelfpga_lite/17.1/nios2eds/bin/gnu/h-x86_64-mingw32/bin/../lib/gcc/nios2-elf/5.3.0/../../../../../H-x86_64-mingw32/nios2-elf/lib\libc.a(lib_a-rand.o)
 .debug_info    0x00000000000036b6      0x917 d:/intelfpga_lite/17.1/nios2eds/bin/gnu/h-x86_64-mingw32/bin/../lib/gcc/nios2-elf/5.3.0/../../../../../H-x86_64-mingw32/nios2-elf/lib\libc.a(lib_a-time.o)
 .debug_info    0x0000000000003fcd      0x938 d:/intelfpga_lite/17.1/nios2eds/bin/gnu/h-x86_64-mingw32/bin/../lib/gcc/nios2-elf/5.3.0/../../../../../H-x86_64-mingw32/nios2-elf/lib\libc.a(lib_a-gettimeofdayr.o)
 .debug_info    0x0000000000004905      0x8a1 d:/intelfpga_lite/17.1/nios2eds/bin/gnu/h-x86_64-mingw32/bin/../lib/gcc/nios2-elf/5.3.0/../../../../../H-x86_64-mingw32/nios2-elf/lib\libc.a(lib_a-impure.o)
 .debug_info    0x00000000000051a6       0x8a d:/intelfpga_lite/17.1/nios2eds/bin/gnu/h-x86_64-mingw32/bin/../lib/gcc/nios2-elf/5.3.0/../../../../../H-x86_64-mingw32/nios2-elf/lib\libc.a(lib_a-int_errno.o)
 .debug_info    0x0000000000005230      0x1eb d:/intelfpga_lite/17.1/nios2eds/bin/gnu/h-x86_64-mingw32/bin/../lib/gcc/nios2-elf/5.3.0\libgcc.a(_muldi3.o)
 .debug_info    0x000000000000541b      0x1d9 ../ECE_178_Project_app_bsp/\libhal_bsp.a(alt_gettod.o)
 .debug_info    0x00000000000055f4      0x145 ../ECE_178_Project_app_bsp/\libhal_bsp.a(alt_load.o)
 .debug_info    0x0000000000005739      0x157 ../ECE_178_Project_app_bsp/\libhal_bsp.a(alt_main.o)
 .debug_info    0x0000000000005890      0x2af ../ECE_178_Project_app_bsp/\libhal_bsp.a(alt_tick.o)
 .debug_info    0x0000000000005b3f      0x6de ../ECE_178_Project_app_bsp/\libhal_bsp.a(alt_sys_init.o)
 .debug_info    0x000000000000621d     0x1798 ../ECE_178_Project_app_bsp/\libhal_bsp.a(Altera_UP_SD_Card_Avalon_Interface.o)
 .debug_info    0x00000000000079b5      0x52e ../ECE_178_Project_app_bsp/\libhal_bsp.a(altera_avalon_jtag_uart_fd.o)
 .debug_info    0x0000000000007ee3      0x3c3 ../ECE_178_Project_app_bsp/\libhal_bsp.a(altera_avalon_jtag_uart_init.o)
 .debug_info    0x00000000000082a6      0x280 ../ECE_178_Project_app_bsp/\libhal_bsp.a(altera_avalon_jtag_uart_ioctl.o)
 .debug_info    0x0000000000008526      0x35b ../ECE_178_Project_app_bsp/\libhal_bsp.a(altera_avalon_jtag_uart_read.o)
 .debug_info    0x0000000000008881      0x356 ../ECE_178_Project_app_bsp/\libhal_bsp.a(altera_avalon_jtag_uart_write.o)
 .debug_info    0x0000000000008bd7      0x249 ../ECE_178_Project_app_bsp/\libhal_bsp.a(altera_avalon_timer_sc.o)
 .debug_info    0x0000000000008e20      0x568 ../ECE_178_Project_app_bsp/\libhal_bsp.a(altera_up_avalon_rs232.o)
 .debug_info    0x0000000000009388      0xaa3 ../ECE_178_Project_app_bsp/\libhal_bsp.a(altera_up_avalon_video_pixel_buffer_dma.o)
 .debug_info    0x0000000000009e2b      0x2e2 ../ECE_178_Project_app_bsp/\libhal_bsp.a(alt_alarm_start.o)
 .debug_info    0x000000000000a10d      0x321 ../ECE_178_Project_app_bsp/\libhal_bsp.a(alt_close.o)
 .debug_info    0x000000000000a42e       0xa5 ../ECE_178_Project_app_bsp/\libhal_bsp.a(alt_dcache_flush_all.o)
 .debug_info    0x000000000000a4d3      0x49c ../ECE_178_Project_app_bsp/\libhal_bsp.a(alt_dev.o)
 .debug_info    0x000000000000a96f      0x1a9 ../ECE_178_Project_app_bsp/\libhal_bsp.a(alt_dev_llist_insert.o)
 .debug_info    0x000000000000ab18       0x83 ../ECE_178_Project_app_bsp/\libhal_bsp.a(alt_do_ctors.o)
 .debug_info    0x000000000000ab9b       0x83 ../ECE_178_Project_app_bsp/\libhal_bsp.a(alt_do_dtors.o)
 .debug_info    0x000000000000ac1e       0xa6 ../ECE_178_Project_app_bsp/\libhal_bsp.a(alt_errno.o)
 .debug_info    0x000000000000acc4      0x2e9 ../ECE_178_Project_app_bsp/\libhal_bsp.a(alt_find_dev.o)
 .debug_info    0x000000000000afad       0x92 ../ECE_178_Project_app_bsp/\libhal_bsp.a(alt_icache_flush_all.o)
 .debug_info    0x000000000000b03f      0x4a5 ../ECE_178_Project_app_bsp/\libhal_bsp.a(alt_io_redirect.o)
 .debug_info    0x000000000000b4e4      0x329 ../ECE_178_Project_app_bsp/\libhal_bsp.a(alt_irq_register.o)
 .debug_info    0x000000000000b80d       0x88 ../ECE_178_Project_app_bsp/\libhal_bsp.a(alt_irq_vars.o)
 .debug_info    0x000000000000b895      0x3bb ../ECE_178_Project_app_bsp/\libhal_bsp.a(alt_open.o)
 .debug_info    0x000000000000bc50      0x2b0 ../ECE_178_Project_app_bsp/\libhal_bsp.a(alt_release_fd.o)
 .debug_info    0x000000000000bf00       0xb8 ../ECE_178_Project_app_bsp/\libhal_bsp.a(altera_nios2_qsys_irq.o)
 .debug_info    0x000000000000bfb8      0x2e6 ../ECE_178_Project_app_bsp/\libhal_bsp.a(alt_find_file.o)
 .debug_info    0x000000000000c29e      0x310 ../ECE_178_Project_app_bsp/\libhal_bsp.a(alt_get_fd.o)
 .debug_info    0x000000000000c5ae       0xdc ../ECE_178_Project_app_bsp/\libhal_bsp.a(alt_icache_flush.o)
 .debug_info    0x000000000000c68a       0x8e ../ECE_178_Project_app_bsp/\libhal_bsp.a(alt_irq_entry.o)
 .debug_info    0x000000000000c718      0x1a7 ../ECE_178_Project_app_bsp/\libhal_bsp.a(alt_irq_handler.o)
 .debug_info    0x000000000000c8bf       0x94 ../ECE_178_Project_app_bsp/\libhal_bsp.a(alt_exception_entry.o)
 .debug_info    0x000000000000c953       0xfe d:/intelfpga_lite/17.1/nios2eds/bin/gnu/h-x86_64-mingw32/bin/../lib/gcc/nios2-elf/5.3.0/../../../../../H-x86_64-mingw32/nios2-elf/lib\libc.a(lib_a-atexit.o)
 .debug_info    0x000000000000ca51      0x8e4 d:/intelfpga_lite/17.1/nios2eds/bin/gnu/h-x86_64-mingw32/bin/../lib/gcc/nios2-elf/5.3.0/../../../../../H-x86_64-mingw32/nios2-elf/lib\libc.a(lib_a-exit.o)
 .debug_info    0x000000000000d335      0x11a d:/intelfpga_lite/17.1/nios2eds/bin/gnu/h-x86_64-mingw32/bin/../lib/gcc/nios2-elf/5.3.0/../../../../../H-x86_64-mingw32/nios2-elf/lib\libc.a(lib_a-memcmp.o)
 .debug_info    0x000000000000d44f      0x144 d:/intelfpga_lite/17.1/nios2eds/bin/gnu/h-x86_64-mingw32/bin/../lib/gcc/nios2-elf/5.3.0/../../../../../H-x86_64-mingw32/nios2-elf/lib\libc.a(lib_a-memcpy.o)
 .debug_info    0x000000000000d593       0xe2 d:/intelfpga_lite/17.1/nios2eds/bin/gnu/h-x86_64-mingw32/bin/../lib/gcc/nios2-elf/5.3.0/../../../../../H-x86_64-mingw32/nios2-elf/lib\libc.a(lib_a-strlen.o)
 .debug_info    0x000000000000d675      0x934 d:/intelfpga_lite/17.1/nios2eds/bin/gnu/h-x86_64-mingw32/bin/../lib/gcc/nios2-elf/5.3.0/../../../../../H-x86_64-mingw32/nios2-elf/lib\libc.a(lib_a-__atexit.o)
 .debug_info    0x000000000000dfa9      0x965 d:/intelfpga_lite/17.1/nios2eds/bin/gnu/h-x86_64-mingw32/bin/../lib/gcc/nios2-elf/5.3.0/../../../../../H-x86_64-mingw32/nios2-elf/lib\libc.a(lib_a-__call_atexit.o)
 .debug_info    0x000000000000e90e      0x765 d:/intelfpga_lite/17.1/nios2eds/bin/gnu/h-x86_64-mingw32/bin/../lib/gcc/nios2-elf/5.3.0\libgcc.a(_umoddi3.o)
 .debug_info    0x000000000000f073      0x2c6 d:/intelfpga_lite/17.1/nios2eds/bin/gnu/h-x86_64-mingw32/bin/../lib/gcc/nios2-elf/5.3.0\libgcc.a(lib2-divmod.o)
 .debug_info    0x000000000000f339      0x116 ../ECE_178_Project_app_bsp/\libhal_bsp.a(alt_exit.o)

.debug_abbrev   0x0000000000000000     0x4a34
 *(.debug_abbrev)
 .debug_abbrev  0x0000000000000000       0x12 ../ECE_178_Project_app_bsp//obj/HAL/src/crt0.o
 .debug_abbrev  0x0000000000000012      0x1f6 obj/default/main.o
 .debug_abbrev  0x0000000000000208      0x113 obj/default/piezo.o
 .debug_abbrev  0x000000000000031b      0x13c d:/intelfpga_lite/17.1/nios2eds/bin/gnu/h-x86_64-mingw32/bin/../lib/gcc/nios2-elf/5.3.0\libgcc.a(addsf3.o)
 .debug_abbrev  0x0000000000000457      0x120 d:/intelfpga_lite/17.1/nios2eds/bin/gnu/h-x86_64-mingw32/bin/../lib/gcc/nios2-elf/5.3.0\libgcc.a(divsf3.o)
 .debug_abbrev  0x0000000000000577      0x128 d:/intelfpga_lite/17.1/nios2eds/bin/gnu/h-x86_64-mingw32/bin/../lib/gcc/nios2-elf/5.3.0\libgcc.a(gesf2.o)
 .debug_abbrev  0x000000000000069f      0x128 d:/intelfpga_lite/17.1/nios2eds/bin/gnu/h-x86_64-mingw32/bin/../lib/gcc/nios2-elf/5.3.0\libgcc.a(lesf2.o)
 .debug_abbrev  0x00000000000007c7      0x12d d:/intelfpga_lite/17.1/nios2eds/bin/gnu/h-x86_64-mingw32/bin/../lib/gcc/nios2-elf/5.3.0\libgcc.a(mulsf3.o)
 .debug_abbrev  0x00000000000008f4      0x13a d:/intelfpga_lite/17.1/nios2eds/bin/gnu/h-x86_64-mingw32/bin/../lib/gcc/nios2-elf/5.3.0\libgcc.a(subsf3.o)
 .debug_abbrev  0x0000000000000a2e      0x135 d:/intelfpga_lite/17.1/nios2eds/bin/gnu/h-x86_64-mingw32/bin/../lib/gcc/nios2-elf/5.3.0\libgcc.a(fixsfsi.o)
 .debug_abbrev  0x0000000000000b63      0x147 d:/intelfpga_lite/17.1/nios2eds/bin/gnu/h-x86_64-mingw32/bin/../lib/gcc/nios2-elf/5.3.0\libgcc.a(floatsisf.o)
 .debug_abbrev  0x0000000000000caa      0x13a d:/intelfpga_lite/17.1/nios2eds/bin/gnu/h-x86_64-mingw32/bin/../lib/gcc/nios2-elf/5.3.0\libgcc.a(adddf3.o)
 .debug_abbrev  0x0000000000000de4      0x13f d:/intelfpga_lite/17.1/nios2eds/bin/gnu/h-x86_64-mingw32/bin/../lib/gcc/nios2-elf/5.3.0\libgcc.a(muldf3.o)
 .debug_abbrev  0x0000000000000f23      0x124 d:/intelfpga_lite/17.1/nios2eds/bin/gnu/h-x86_64-mingw32/bin/../lib/gcc/nios2-elf/5.3.0\libgcc.a(extendsfdf2.o)
 .debug_abbrev  0x0000000000001047      0x11b d:/intelfpga_lite/17.1/nios2eds/bin/gnu/h-x86_64-mingw32/bin/../lib/gcc/nios2-elf/5.3.0\libgcc.a(truncdfsf2.o)
 .debug_abbrev  0x0000000000001162       0xbe d:/intelfpga_lite/17.1/nios2eds/bin/gnu/h-x86_64-mingw32/bin/../lib/gcc/nios2-elf/5.3.0\libgcc.a(_clzsi2.o)
 .debug_abbrev  0x0000000000001220       0x5d d:/intelfpga_lite/17.1/nios2eds/bin/gnu/h-x86_64-mingw32/bin/../lib/gcc/nios2-elf/5.3.0\libgcc.a(_clz.o)
 .debug_abbrev  0x000000000000127d      0x1e5 d:/intelfpga_lite/17.1/nios2eds/bin/gnu/h-x86_64-mingw32/bin/../lib/gcc/nios2-elf/5.3.0/../../../../../H-x86_64-mingw32/nios2-elf/lib\libc.a(lib_a-rand.o)
 .debug_abbrev  0x0000000000001462      0x1e6 d:/intelfpga_lite/17.1/nios2eds/bin/gnu/h-x86_64-mingw32/bin/../lib/gcc/nios2-elf/5.3.0/../../../../../H-x86_64-mingw32/nios2-elf/lib\libc.a(lib_a-time.o)
 .debug_abbrev  0x0000000000001648      0x1f5 d:/intelfpga_lite/17.1/nios2eds/bin/gnu/h-x86_64-mingw32/bin/../lib/gcc/nios2-elf/5.3.0/../../../../../H-x86_64-mingw32/nios2-elf/lib\libc.a(lib_a-gettimeofdayr.o)
 .debug_abbrev  0x000000000000183d      0x18f d:/intelfpga_lite/17.1/nios2eds/bin/gnu/h-x86_64-mingw32/bin/../lib/gcc/nios2-elf/5.3.0/../../../../../H-x86_64-mingw32/nios2-elf/lib\libc.a(lib_a-impure.o)
 .debug_abbrev  0x00000000000019cc       0x37 d:/intelfpga_lite/17.1/nios2eds/bin/gnu/h-x86_64-mingw32/bin/../lib/gcc/nios2-elf/5.3.0/../../../../../H-x86_64-mingw32/nios2-elf/lib\libc.a(lib_a-int_errno.o)
 .debug_abbrev  0x0000000000001a03       0xef d:/intelfpga_lite/17.1/nios2eds/bin/gnu/h-x86_64-mingw32/bin/../lib/gcc/nios2-elf/5.3.0\libgcc.a(_muldi3.o)
 .debug_abbrev  0x0000000000001af2       0xf5 ../ECE_178_Project_app_bsp/\libhal_bsp.a(alt_gettod.o)
 .debug_abbrev  0x0000000000001be7       0x9f ../ECE_178_Project_app_bsp/\libhal_bsp.a(alt_load.o)
 .debug_abbrev  0x0000000000001c86       0xc1 ../ECE_178_Project_app_bsp/\libhal_bsp.a(alt_main.o)
 .debug_abbrev  0x0000000000001d47      0x16b ../ECE_178_Project_app_bsp/\libhal_bsp.a(alt_tick.o)
 .debug_abbrev  0x0000000000001eb2      0x178 ../ECE_178_Project_app_bsp/\libhal_bsp.a(alt_sys_init.o)
 .debug_abbrev  0x000000000000202a      0x216 ../ECE_178_Project_app_bsp/\libhal_bsp.a(Altera_UP_SD_Card_Avalon_Interface.o)
 .debug_abbrev  0x0000000000002240      0x127 ../ECE_178_Project_app_bsp/\libhal_bsp.a(altera_avalon_jtag_uart_fd.o)
 .debug_abbrev  0x0000000000002367      0x19e ../ECE_178_Project_app_bsp/\libhal_bsp.a(altera_avalon_jtag_uart_init.o)
 .debug_abbrev  0x0000000000002505      0x111 ../ECE_178_Project_app_bsp/\libhal_bsp.a(altera_avalon_jtag_uart_ioctl.o)
 .debug_abbrev  0x0000000000002616      0x1aa ../ECE_178_Project_app_bsp/\libhal_bsp.a(altera_avalon_jtag_uart_read.o)
 .debug_abbrev  0x00000000000027c0      0x1a8 ../ECE_178_Project_app_bsp/\libhal_bsp.a(altera_avalon_jtag_uart_write.o)
 .debug_abbrev  0x0000000000002968      0x155 ../ECE_178_Project_app_bsp/\libhal_bsp.a(altera_avalon_timer_sc.o)
 .debug_abbrev  0x0000000000002abd      0x135 ../ECE_178_Project_app_bsp/\libhal_bsp.a(altera_up_avalon_rs232.o)
 .debug_abbrev  0x0000000000002bf2      0x1b9 ../ECE_178_Project_app_bsp/\libhal_bsp.a(altera_up_avalon_video_pixel_buffer_dma.o)
 .debug_abbrev  0x0000000000002dab      0x162 ../ECE_178_Project_app_bsp/\libhal_bsp.a(alt_alarm_start.o)
 .debug_abbrev  0x0000000000002f0d      0x11f ../ECE_178_Project_app_bsp/\libhal_bsp.a(alt_close.o)
 .debug_abbrev  0x000000000000302c       0x5a ../ECE_178_Project_app_bsp/\libhal_bsp.a(alt_dcache_flush_all.o)
 .debug_abbrev  0x0000000000003086       0xd9 ../ECE_178_Project_app_bsp/\libhal_bsp.a(alt_dev.o)
 .debug_abbrev  0x000000000000315f      0x114 ../ECE_178_Project_app_bsp/\libhal_bsp.a(alt_dev_llist_insert.o)
 .debug_abbrev  0x0000000000003273       0x79 ../ECE_178_Project_app_bsp/\libhal_bsp.a(alt_do_ctors.o)
 .debug_abbrev  0x00000000000032ec       0x79 ../ECE_178_Project_app_bsp/\libhal_bsp.a(alt_do_dtors.o)
 .debug_abbrev  0x0000000000003365       0x5a ../ECE_178_Project_app_bsp/\libhal_bsp.a(alt_errno.o)
 .debug_abbrev  0x00000000000033bf       0xf0 ../ECE_178_Project_app_bsp/\libhal_bsp.a(alt_find_dev.o)
 .debug_abbrev  0x00000000000034af       0x42 ../ECE_178_Project_app_bsp/\libhal_bsp.a(alt_icache_flush_all.o)
 .debug_abbrev  0x00000000000034f1      0x114 ../ECE_178_Project_app_bsp/\libhal_bsp.a(alt_io_redirect.o)
 .debug_abbrev  0x0000000000003605      0x186 ../ECE_178_Project_app_bsp/\libhal_bsp.a(alt_irq_register.o)
 .debug_abbrev  0x000000000000378b       0x40 ../ECE_178_Project_app_bsp/\libhal_bsp.a(alt_irq_vars.o)
 .debug_abbrev  0x00000000000037cb      0x148 ../ECE_178_Project_app_bsp/\libhal_bsp.a(alt_open.o)
 .debug_abbrev  0x0000000000003913       0xde ../ECE_178_Project_app_bsp/\libhal_bsp.a(alt_release_fd.o)
 .debug_abbrev  0x00000000000039f1       0x67 ../ECE_178_Project_app_bsp/\libhal_bsp.a(altera_nios2_qsys_irq.o)
 .debug_abbrev  0x0000000000003a58       0xf0 ../ECE_178_Project_app_bsp/\libhal_bsp.a(alt_find_file.o)
 .debug_abbrev  0x0000000000003b48      0x10d ../ECE_178_Project_app_bsp/\libhal_bsp.a(alt_get_fd.o)
 .debug_abbrev  0x0000000000003c55       0x8c ../ECE_178_Project_app_bsp/\libhal_bsp.a(alt_icache_flush.o)
 .debug_abbrev  0x0000000000003ce1       0x12 ../ECE_178_Project_app_bsp/\libhal_bsp.a(alt_irq_entry.o)
 .debug_abbrev  0x0000000000003cf3      0x13a ../ECE_178_Project_app_bsp/\libhal_bsp.a(alt_irq_handler.o)
 .debug_abbrev  0x0000000000003e2d       0x12 ../ECE_178_Project_app_bsp/\libhal_bsp.a(alt_exception_entry.o)