Archive member included to satisfy reference by file (symbol)

d:/intelfpga_lite/17.1/nios2eds/bin/gnu/h-x86_64-mingw32/bin/../lib/gcc/nios2-elf/5.3.0\libgcc.a(addsf3.o)
                              obj/default/main.o (__addsf3)
d:/intelfpga_lite/17.1/nios2eds/bin/gnu/h-x86_64-mingw32/bin/../lib/gcc/nios2-elf/5.3.0\libgcc.a(divsf3.o)
                              obj/default/main.o (__divsf3)
d:/intelfpga_lite/17.1/nios2eds/bin/gnu/h-x86_64-mingw32/bin/../lib/gcc/nios2-elf/5.3.0\libgcc.a(gesf2.o)
                              obj/default/main.o (__gesf2)
d:/intelfpga_lite/17.1/nios2eds/bin/gnu/h-x86_64-mingw32/bin/../lib/gcc/nios2-elf/5.3.0\libgcc.a(lesf2.o)
                              obj/default/main.o (__lesf2)
d:/intelfpga_lite/17.1/nios2eds/bin/gnu/h-x86_64-mingw32/bin/../lib/gcc/nios2-elf/5.3.0\libgcc.a(mulsf3.o)
                              obj/default/main.o (__mulsf3)
d:/intelfpga_lite/17.1/nios2eds/bin/gnu/h-x86_64-mingw32/bin/../lib/gcc/nios2-elf/5.3.0\libgcc.a(subsf3.o)
                              obj/default/main.o (__subsf3)
d:/intelfpga_lite/17.1/nios2eds/bin/gnu/h-x86_64-mingw32/bin/../lib/gcc/nios2-elf/5.3.0\libgcc.a(fixsfsi.o)
                              obj/default/main.o (__fixsfsi)
d:/intelfpga_lite/17.1/nios2eds/bin/gnu/h-x86_64-mingw32/bin/../lib/gcc/nios2-elf/5.3.0\libgcc.a(floatsisf.o)
                              obj/default/main.o (__floatsisf)
d:/intelfpga_lite/17.1/nios2eds/bin/gnu/h-x86_64-mingw32/bin/../lib/gcc/nios2-elf/5.3.0\libgcc.a(adddf3.o)
                              obj/default/main.o (__adddf3)
d:/intelfpga_lite/17.1/nios2eds/bin/gnu/h-x86_64-mingw32/bin/../lib/gcc/nios2-elf/5.3.0\libgcc.a(muldf3.o)
                              obj/default/main.o (__muldf3)
d:/intelfpga_lite/17.1/nios2eds/bin/gnu/h-x86_64-mingw32/bin/../lib/gcc/nios2-elf/5.3.0\libgcc.a(extendsfdf2.o)
                              obj/default/main.o (__extendsfdf2)
d:/intelfpga_lite/17.1/nios2eds/bin/gnu/h-x86_64-mingw32/bin/../lib/gcc/nios2-elf/5.3.0\libgcc.a(truncdfsf2.o)
                              obj/default/main.o (__truncdfsf2)
d:/intelfpga_lite/17.1/nios2eds/bin/gnu/h-x86_64-mingw32/bin/../lib/gcc/nios2-elf/5.3.0\libgcc.a(_clzsi2.o)
                              d:/intelfpga_lite/17.1/nios2eds/bin/gnu/h-x86_64-mingw32/bin/../lib/gcc/nios2-elf/5.3.0\libgcc.a(addsf3.o) (__clzsi2)
d:/intelfpga_lite/17.1/nios2eds/bin/gnu/h-x86_64-mingw32/bin/../lib/gcc/nios2-elf/5.3.0\libgcc.a(_clz.o)
                              d:/intelfpga_lite/17.1/nios2eds/bin/gnu/h-x86_64-mingw32/bin/../lib/gcc/nios2-elf/5.3.0\libgcc.a(_clzsi2.o) (__clz_tab)
d:/intelfpga_lite/17.1/nios2eds/bin/gnu/h-x86_64-mingw32/bin/../lib/gcc/nios2-elf/5.3.0/../../../../../H-x86_64-mingw32/nios2-elf/lib\libc.a(lib_a-rand.o)
                              obj/default/main.o (srand)
d:/intelfpga_lite/17.1/nios2eds/bin/gnu/h-x86_64-mingw32/bin/../lib/gcc/nios2-elf/5.3.0/../../../../../H-x86_64-mingw32/nios2-elf/lib\libc.a(lib_a-time.o)
                              obj/default/main.o (time)
d:/intelfpga_lite/17.1/nios2eds/bin/gnu/h-x86_64-mingw32/bin/../lib/gcc/nios2-elf/5.3.0/../../../../../H-x86_64-mingw32/nios2-elf/lib\libc.a(lib_a-gettimeofdayr.o)
                              d:/intelfpga_lite/17.1/nios2eds/bin/gnu/h-x86_64-mingw32/bin/../lib/gcc/nios2-elf/5.3.0/../../../../../H-x86_64-mingw32/nios2-elf/lib\libc.a(lib_a-time.o) (_gettimeofday_r)
d:/intelfpga_lite/17.1/nios2eds/bin/gnu/h-x86_64-mingw32/bin/../lib/gcc/nios2-elf/5.3.0/../../../../../H-x86_64-mingw32/nios2-elf/lib\libc.a(lib_a-impure.o)
                              d:/intelfpga_lite/17.1/nios2eds/bin/gnu/h-x86_64-mingw32/bin/../lib/gcc/nios2-elf/5.3.0/../../../../../H-x86_64-mingw32/nios2-elf/lib\libc.a(lib_a-rand.o) (_impure_ptr)
d:/intelfpga_lite/17.1/nios2eds/bin/gnu/h-x86_64-mingw32/bin/../lib/gcc/nios2-elf/5.3.0/../../../../../H-x86_64-mingw32/nios2-elf/lib\libc.a(lib_a-int_errno.o)
                              d:/intelfpga_lite/17.1/nios2eds/bin/gnu/h-x86_64-mingw32/bin/../lib/gcc/nios2-elf/5.3.0/../../../../../H-x86_64-mingw32/nios2-elf/lib\libc.a(lib_a-gettimeofdayr.o) (errno)
d:/intelfpga_lite/17.1/nios2eds/bin/gnu/h-x86_64-mingw32/bin/../lib/gcc/nios2-elf/5.3.0\libgcc.a(_muldi3.o)
                              d:/intelfpga_lite/17.1/nios2eds/bin/gnu/h-x86_64-mingw32/bin/../lib/gcc/nios2-elf/5.3.0/../../../../../H-x86_64-mingw32/nios2-elf/lib\libc.a(lib_a-rand.o) (__muldi3)
../ECE_178_Project_app_bsp/\libhal_bsp.a(alt_gettod.o)
                              d:/intelfpga_lite/17.1/nios2eds/bin/gnu/h-x86_64-mingw32/bin/../lib/gcc/nios2-elf/5.3.0/../../../../../H-x86_64-mingw32/nios2-elf/lib\libc.a(lib_a-gettimeofdayr.o) (gettimeofday)
../ECE_178_Project_app_bsp/\libhal_bsp.a(alt_iic.o)
                              obj/default/main.o (alt_ic_isr_register)
../ECE_178_Project_app_bsp/\libhal_bsp.a(alt_iic_isr_register.o)
                              ../ECE_178_Project_app_bsp/\libhal_bsp.a(alt_iic.o) (alt_iic_isr_register)
[...]
Memory Configuration

Name             Origin             Length             Attributes
reset            0x0000000000000000 0x0000000000000020
sdram_controller 0x0000000000000020 0x0000000007ffffe0
*default*        0x0000000000000000 0xffffffffffffffff

Linker script and memory map

LOAD ../ECE_178_Project_app_bsp//obj/HAL/src/crt0.o
LOAD obj/default/main.o
LOAD obj/default/piezo.o
LOAD d:/intelfpga_lite/17.1/nios2eds/bin/gnu/h-x86_64-mingw32/bin/../lib/gcc/nios2-elf/5.3.0/../../../../../H-x86_64-mingw32/nios2-elf/lib\libstdc++.a
LOAD d:/intelfpga_lite/17.1/nios2eds/bin/gnu/h-x86_64-mingw32/bin/../lib/gcc/nios2-elf/5.3.0/../../../../../H-x86_64-mingw32/nios2-elf/lib\libm.a
LOAD d:/intelfpga_lite/17.1/nios2eds/bin/gnu/h-x86_64-mingw32/bin/../lib/gcc/nios2-elf/5.3.0\libgcc.a
START GROUP
LOAD d:/intelfpga_lite/17.1/nios2eds/bin/gnu/h-x86_64-mingw32/bin/../lib/gcc/nios2-elf/5.3.0/../../../../../H-x86_64-mingw32/nios2-elf/lib\libc.a
LOAD d:/intelfpga_lite/17.1/nios2eds/bin/gnu/h-x86_64-mingw32/bin/../lib/gcc/nios2-elf/5.3.0\libgcc.a
LOAD ../ECE_178_Project_app_bsp/\libhal_bsp.a
LOAD d:/intelfpga_lite/17.1/nios2eds/bin/gnu/h-x86_64-mingw32/bin/../lib/gcc/nios2-elf/5.3.0/../../../../../H-x86_64-mingw32/nios2-elf/lib\libm.a
END GROUP
LOAD d:/intelfpga_lite/17.1/nios2eds/bin/gnu/h-x86_64-mingw32/bin/../lib/gcc/nios2-elf/5.3.0\libgcc.a
                0x0000000000000000                __alt_mem_sdram_controller = 0x0

.entry          0x0000000000000000       0x20
 *(.entry)
 .entry         0x0000000000000000       0x20 ../ECE_178_Project_app_bsp//obj/HAL/src/crt0.o
                0x0000000000000000                __reset

.exceptions     0x0000000000000020      0x1a0
                0x0000000000000020                PROVIDE (__ram_exceptions_start, ABSOLUTE (.))
                0x0000000000000020                . = ALIGN (0x20)
 *(.irq)
 *(.exceptions.entry.label)
 .exceptions.entry.label
                0x0000000000000020        0x0 ../ECE_178_Project_app_bsp/\libhal_bsp.a(alt_irq_entry.o)
                0x0000000000000020                alt_irq_entry
 .exceptions.entry.label
                0x0000000000000020        0x0 ../ECE_178_Project_app_bsp/\libhal_bsp.a(alt_exception_entry.o)
                0x0000000000000020                alt_exception
 *(.exceptions.entry.user)
 *(.exceptions.entry.ecc_fatal)
 *(.exceptions.entry)
 .exceptions.entry
                0x0000000000000020       0x54 ../ECE_178_Project_app_bsp/\libhal_bsp.a(alt_exception_entry.o)
 *(.exceptions.irqtest.user)
 *(.exceptions.irqtest)
 .exceptions.irqtest
                0x0000000000000074       0x10 ../ECE_178_Project_app_bsp/\libhal_bsp.a(alt_irq_entry.o)
 *(.exceptions.irqhandler.user)
 *(.exceptions.irqhandler)
 .exceptions.irqhandler
                0x0000000000000084        0x4 ../ECE_178_Project_app_bsp/\libhal_bsp.a(alt_irq_entry.o)
 *(.exceptions.irqreturn.user)
 *(.exceptions.irqreturn)
 .exceptions.irqreturn
                0x0000000000000088        0x4 ../ECE_178_Project_app_bsp/\libhal_bsp.a(alt_irq_entry.o)
 *(.exceptions.notirq.label)
 .exceptions.notirq.label
                0x000000000000008c        0x0 ../ECE_178_Project_app_bsp/\libhal_bsp.a(alt_irq_entry.o)
 *(.exceptions.notirq.user)
 *(.exceptions.notirq)
 .exceptions.notirq
                0x000000000000008c        0x8 ../ECE_178_Project_app_bsp/\libhal_bsp.a(alt_exception_entry.o)
 *(.exceptions.soft.user)
 *(.exceptions.soft)
 *(.exceptions.unknown.user)
 *(.exceptions.unknown)
 .exceptions.unknown
                0x0000000000000094        0x4 ../ECE_178_Project_app_bsp/\libhal_bsp.a(alt_exception_entry.o)
 *(.exceptions.exit.label)
 .exceptions.exit.label
                0x0000000000000098        0x0 ../ECE_178_Project_app_bsp/\libhal_bsp.a(alt_irq_entry.o)
 .exceptions.exit.label
                0x0000000000000098        0x0 ../ECE_178_Project_app_bsp/\libhal_bsp.a(alt_exception_entry.o)
 *(.exceptions.exit.user)
 *(.exceptions.exit)
 .exceptions.exit
                0x0000000000000098       0x54 ../ECE_178_Project_app_bsp/\libhal_bsp.a(alt_exception_entry.o)
 *(.exceptions)
 .exceptions    0x00000000000000ec       0xd4 ../ECE_178_Project_app_bsp/\libhal_bsp.a(alt_irq_handler.o)
                0x00000000000000ec                alt_irq_handler
                0x00000000000001c0                PROVIDE (__ram_exceptions_end, ABSOLUTE (.))
                0x0000000000000020                PROVIDE (__flash_exceptions_start, LOADADDR (.exceptions))

.text           0x00000000000001c0     0xcd7c
                [!provide]                        PROVIDE (stext, ABSOLUTE (.))
 *(.interp)
 *(.hash)
 *(.dynsym)
 *(.dynstr)
 *(.gnu.version)
 *(.gnu.version_d)
 *(.gnu.version_r)
 *(.rel.init)
 *(.rela.init)
 *(.rel.text .rel.text.* .rel.gnu.linkonce.t.*)
 *(.rela.text .rela.text.* .rela.gnu.linkonce.t.*)
 *(.rel.fini)
 *(.rela.fini)
 *(.rel.rodata .rel.rodata.* .rel.gnu.linkonce.r.*)
 *(.rela.rodata .rela.rodata.* .rela.gnu.linkonce.r.*)
 *(.rel.data .rel.data.* .rel.gnu.linkonce.d.*)
 *(.rela.data .rela.data.* .rela.gnu.linkonce.d.*)
 *(.rel.tdata .rel.tdata.* .rel.gnu.linkonce.td.*)
 *(.rela.tdata .rela.tdata.* .rela.gnu.linkonce.td.*)
 *(.rel.tbss .rel.tbss.* .rel.gnu.linkonce.tb.*)
 *(.rela.tbss .rela.tbss.* .rela.gnu.linkonce.tb.*)
 *(.rel.ctors)
 *(.rela.ctors)
 *(.rel.dtors)
 *(.rela.dtors)
 *(.rel.got)
 *(.rela.got)
 *(.rel.sdata .rel.sdata.* .rel.gnu.linkonce.s.*)
 *(.rela.sdata .rela.sdata.* .rela.gnu.linkonce.s.*)
 *(.rel.sbss .rel.sbss.* .rel.gnu.linkonce.sb.*)
 *(.rela.sbss .rela.sbss.* .rela.gnu.linkonce.sb.*)
 *(.rel.sdata2 .rel.sdata2.* .rel.gnu.linkonce.s2.*)
 *(.rela.sdata2 .rela.sdata2.* .rela.gnu.linkonce.s2.*)
 *(.rel.sbss2 .rel.sbss2.* .rel.gnu.linkonce.sb2.*)
 *(.rela.sbss2 .rela.sbss2.* .rela.gnu.linkonce.sb2.*)
 *(.rel.bss .rel.bss.* .rel.gnu.linkonce.b.*)
 *(.rela.bss .rela.bss.* .rela.gnu.linkonce.b.*)
 *(.rel.plt)
 *(.rela.plt)
 *(.rel.dyn)
 *(.init)
 *(.plt)
 *(.text .stub .text.* .gnu.linkonce.t.*)
 .text          0x00000000000001c0       0x4c ../ECE_178_Project_app_bsp//obj/HAL/src/crt0.o
                0x00000000000001c0                _start
 .text          0x000000000000020c     0x178c obj/default/main.o
                0x000000000000020c                main
                0x00000000000003f0                timer_2_isr
                0x00000000000004e8                update_timer_2
                0x0000000000000654                timer_3_isr
                0x000000000000069c                inPaddleBound
                0x0000000000000758                resetObjects
                0x000000000000096c                updateBallPos
                0x0000000000000df0                updatePaddlePos
                0x0000000000001084                draw
                0x00000000000010d8                drawBall
                0x0000000000001368                drawPaddles
 .text          0x0000000000001998      0x390 obj/default/piezo.o
                0x0000000000001998                timer_0_int_init
                0x00000000000019ec                timer_0_isr
                0x0000000000001a64                update_timer_0
                0x0000000000001ae8                stop_timer_0
                0x0000000000001b28                timer_1_int_init
                0x0000000000001b7c                timer_1_isr
                0x0000000000001bc4                update_timer_1
                0x0000000000001c80                play_note
 .text          0x0000000000001d28      0x4c8 d:/intelfpga_lite/17.1/nios2eds/bin/gnu/h-x86_64-mingw32/bin/../lib/gcc/nios2-elf/5.3.0\libgcc.a(addsf3.o)
                0x0000000000001d28                __addsf3
 .text          0x00000000000021f0      0x440 d:/intelfpga_lite/17.1/nios2eds/bin/gnu/h-x86_64-mingw32/bin/../lib/gcc/nios2-elf/5.3.0\libgcc.a(divsf3.o)
                0x00000000000021f0                __divsf3
 .text          0x0000000000002630       0xbc d:/intelfpga_lite/17.1/nios2eds/bin/gnu/h-x86_64-mingw32/bin/../lib/gcc/nios2-elf/5.3.0\libgcc.a(gesf2.o)
                0x0000000000002630                __gesf2
                0x0000000000002630                __gtsf2
 .text          0x00000000000026ec       0xc8 d:/intelfpga_lite/17.1/nios2eds/bin/gnu/h-x86_64-mingw32/bin/../lib/gcc/nios2-elf/5.3.0\libgcc.a(lesf2.o)
                0x00000000000026ec                __ltsf2
                0x00000000000026ec                __lesf2
 .text          0x00000000000027b4      0x3fc d:/intelfpga_lite/17.1/nios2eds/bin/gnu/h-x86_64-mingw32/bin/../lib/gcc/nios2-elf/5.3.0\libgcc.a(mulsf3.o)
                0x00000000000027b4                __mulsf3
 .text          0x0000000000002bb0      0x4e4 d:/intelfpga_lite/17.1/nios2eds/bin/gnu/h-x86_64-mingw32/bin/../lib/gcc/nios2-elf/5.3.0\libgcc.a(subsf3.o)
                0x0000000000002bb0                __subsf3
 .text          0x0000000000003094       0x70 d:/intelfpga_lite/17.1/nios2eds/bin/gnu/h-x86_64-mingw32/bin/../lib/gcc/nios2-elf/5.3.0\libgcc.a(fixsfsi.o)
                0x0000000000003094                __fixsfsi
 .text          0x0000000000003104      0x124 d:/intelfpga_lite/17.1/nios2eds/bin/gnu/h-x86_64-mingw32/bin/../lib/gcc/nios2-elf/5.3.0\libgcc.a(floatsisf.o)
                0x0000000000003104                __floatsisf
 .text          0x0000000000003228      0x8ac d:/intelfpga_lite/17.1/nios2eds/bin/gnu/h-x86_64-mingw32/bin/../lib/gcc/nios2-elf/5.3.0\libgcc.a(adddf3.o)
                0x0000000000003228                __adddf3
 .text          0x0000000000003ad4      0x718 d:/intelfpga_lite/17.1/nios2eds/bin/gnu/h-x86_64-mingw32/bin/../lib/gcc/nios2-elf/5.3.0\libgcc.a(muldf3.o)
                0x0000000000003ad4                __muldf3
 .text          0x00000000000041ec      0x110 d:/intelfpga_lite/17.1/nios2eds/bin/gnu/h-x86_64-mingw32/bin/../lib/gcc/nios2-elf/5.3.0\libgcc.a(extendsfdf2.o)
                0x00000000000041ec                __extendsfdf2
 .text          0x00000000000042fc      0x1a8 d:/intelfpga_lite/17.1/nios2eds/bin/gnu/h-x86_64-mingw32/bin/../lib/gcc/nios2-elf/5.3.0\libgcc.a(truncdfsf2.o)
                0x00000000000042fc                __truncdfsf2
 .text          0x00000000000044a4       0x64 d:/intelfpga_lite/17.1/nios2eds/bin/gnu/h-x86_64-mingw32/bin/../lib/gcc/nios2-elf/5.3.0\libgcc.a(_clzsi2.o)
                0x00000000000044a4                __clzsi2
 .text          0x0000000000004508        0x0 d:/intelfpga_lite/17.1/nios2eds/bin/gnu/h-x86_64-mingw32/bin/../lib/gcc/nios2-elf/5.3.0\libgcc.a(_clz.o)
 .text          0x0000000000004508        0x0 d:/intelfpga_lite/17.1/nios2eds/bin/gnu/h-x86_64-mingw32/bin/../lib/gcc/nios2-elf/5.3.0/../../../../../H-x86_64-mingw32/nios2-elf/lib\libc.a(lib_a-rand.o)
 .text.srand    0x0000000000004508       0x18 d:/intelfpga_lite/17.1/nios2eds/bin/gnu/h-x86_64-mingw32/bin/../lib/gcc/nios2-elf/5.3.0/../../../../../H-x86_64-mingw32/nios2-elf/lib\libc.a(lib_a-rand.o)
                0x0000000000004508                srand
 .text.rand     0x0000000000004520       0x64 d:/intelfpga_lite/17.1/nios2eds/bin/gnu/h-x86_64-mingw32/bin/../lib/gcc/nios2-elf/5.3.0/../../../../../H-x86_64-mingw32/nios2-elf/lib\libc.a(lib_a-rand.o)
                0x0000000000004520                rand
 .text          0x0000000000004584        0x0 d:/intelfpga_lite/17.1/nios2eds/bin/gnu/h-x86_64-mingw32/bin/../lib/gcc/nios2-elf/5.3.0/../../../../../H-x86_64-mingw32/nios2-elf/lib\libc.a(lib_a-time.o)
 .text.time     0x0000000000004584       0x50 d:/intelfpga_lite/17.1/nios2eds/bin/gnu/h-x86_64-mingw32/bin/../lib/gcc/nios2-elf/5.3.0/../../../../../H-x86_64-mingw32/nios2-elf/lib\libc.a(lib_a-time.o)
                0x0000000000004584                time
 .text          0x00000000000045d4        0x0 d:/intelfpga_lite/17.1/nios2eds/bin/gnu/h-x86_64-mingw32/bin/../lib/gcc/nios2-elf/5.3.0/../../../../../H-x86_64-mingw32/nios2-elf/lib\libc.a(lib_a-gettimeofdayr.o)
 .text._gettimeofday_r
                0x00000000000045d4       0x5c d:/intelfpga_lite/17.1/nios2eds/bin/gnu/h-x86_64-mingw32/bin/../lib/gcc/nios2-elf/5.3.0/../../../../../H-x86_64-mingw32/nios2-elf/lib\libc.a(lib_a-gettimeofdayr.o)
                0x00000000000045d4                _gettimeofday_r
 .text          0x0000000000004630        0x0 d:/intelfpga_lite/17.1/nios2eds/bin/gnu/h-x86_64-mingw32/bin/../lib/gcc/nios2-elf/5.3.0/../../../../../H-x86_64-mingw32/nios2-elf/lib\libc.a(lib_a-impure.o)
 .text          0x0000000000004630        0x0 d:/intelfpga_lite/17.1/nios2eds/bin/gnu/h-x86_64-mingw32/bin/../lib/gcc/nios2-elf/5.3.0/../../../../../H-x86_64-mingw32/nios2-elf/lib\libc.a(lib_a-int_errno.o)
 .text          0x0000000000004630       0x60 d:/intelfpga_lite/17.1/nios2eds/bin/gnu/h-x86_64-mingw32/bin/../lib/gcc/nios2-elf/5.3.0\libgcc.a(_muldi3.o)
                0x0000000000004630                __muldi3
 .text          0x0000000000004690      0x1d4 ../ECE_178_Project_app_bsp/\libhal_bsp.a(alt_gettod.o)
                0x0000000000004690                gettimeofday
 .text          0x0000000000004864      0x1b0 ../ECE_178_Project_app_bsp/\libhal_bsp.a(alt_iic.o)
                0x0000000000004864                alt_ic_isr_register
                0x00000000000048b4                alt_ic_irq_enable
                0x000000000000493c                alt_ic_irq_disable
                0x00000000000049c8                alt_ic_irq_enabled
 .text          0x0000000000004a14       0xf0 ../ECE_178_Project_app_bsp/\libhal_bsp.a(alt_iic_isr_register.o)
                0x0000000000004a14                alt_iic_isr_register
 .text          0x0000000000004b04        0x0 ../ECE_178_Project_app_bsp/\libhal_bsp.a(alt_irq_entry.o)
 .text          0x0000000000004b04        0x0 ../ECE_178_Project_app_bsp/\libhal_bsp.a(alt_irq_handler.o)
 .text          0x0000000000004b04        0x0 ../ECE_178_Project_app_bsp/\libhal_bsp.a(alt_irq_vars.o)
 .text          0x0000000000004b04       0xec ../ECE_178_Project_app_bsp/\libhal_bsp.a(alt_load.o)
                0x0000000000004b6c                alt_load
 .text          0x0000000000004bf0       0x7c ../ECE_178_Project_app_bsp/\libhal_bsp.a(alt_main.o)
                0x0000000000004bf0                alt_main
 .text          0x0000000000004c6c      0x1a4 ../ECE_178_Project_app_bsp/\libhal_bsp.a(alt_tick.o)
                0x0000000000004c6c                alt_alarm_stop
                0x0000000000004d08                alt_tick
 .text          0x0000000000004e10      0x3b4 ../ECE_178_Project_app_bsp/\libhal_bsp.a(alt_sys_init.o)
                0x0000000000004e44                alt_irq_init
                0x0000000000004e7c                alt_sys_init
 .text          0x00000000000051c4     0x42c8 ../ECE_178_Project_app_bsp/\libhal_bsp.a(Altera_UP_SD_Card_Avalon_Interface.o)
                0x00000000000051c4                Write_Sector_Data
                0x0000000000005278                Save_Modified_Sector
                0x00000000000052c4                Read_Sector_Data
                0x000000000000539c                get_cluster_flag
                0x0000000000005450                mark_cluster
                0x0000000000005530                Check_for_Master_Boot_Record
                0x00000000000056d4                Read_File_Record_At_Offset
                0x0000000000005950                Write_File_Record_At_Offset
                0x0000000000005bdc                Check_for_DOS_FAT
                0x000000000000625c                Look_for_FAT16
                0x0000000000006348                filename_to_upper_case
                0x000000000000640c                check_file_name_for_FAT16_compliance
                0x0000000000006678                get_dir_divider_location
                0x0000000000006730                match_file_record_to_name_ext
                0x00000000000069cc                get_home_directory_cluster_for_file
                0x0000000000006f04                find_file_in_directory
                0x0000000000007378                find_first_empty_cluster
                0x0000000000007524                find_first_empty_record_in_a_subdirectory
                0x0000000000007770                find_first_empty_record_in_root_directory
                0x000000000000789c                convert_filename_to_name_extension
                0x0000000000007a28                create_file
                0x0000000000007cf0                copy_file_record_name_to_string
                0x0000000000007e38                alt_up_sd_card_open_dev
                0x0000000000007ef4                alt_up_sd_card_is_Present
                0x0000000000007fb8                alt_up_sd_card_is_FAT16
                0x0000000000008024                alt_up_sd_card_find_first
                0x00000000000080f4                alt_up_sd_card_find_next
                0x00000000000084ac                alt_up_sd_card_fopen
                0x0000000000008828                alt_up_sd_card_set_attributes
                0x00000000000088b0                alt_up_sd_card_get_attributes
                0x0000000000008938                alt_up_sd_card_read
                0x0000000000008cb0                alt_up_sd_card_write
                0x00000000000092d0                alt_up_sd_card_fclose
 .text          0x000000000000948c      0x164 ../ECE_178_Project_app_bsp/\libhal_bsp.a(altera_avalon_jtag_uart_fd.o)
                0x000000000000948c                altera_avalon_jtag_uart_read_fd
                0x00000000000094ec                altera_avalon_jtag_uart_write_fd
                0x000000000000954c                altera_avalon_jtag_uart_close_fd
                0x000000000000959c                altera_avalon_jtag_uart_ioctl_fd
 .text          0x00000000000095f0      0x3d4 ../ECE_178_Project_app_bsp/\libhal_bsp.a(altera_avalon_jtag_uart_init.o)
                0x00000000000095f0                altera_avalon_jtag_uart_init
                0x000000000000995c                altera_avalon_jtag_uart_close
 .text          0x00000000000099c4       0xf0 ../ECE_178_Project_app_bsp/\libhal_bsp.a(altera_avalon_jtag_uart_ioctl.o)
                0x00000000000099c4                altera_avalon_jtag_uart_ioctl
 .text          0x0000000000009ab4      0x21c ../ECE_178_Project_app_bsp/\libhal_bsp.a(altera_avalon_jtag_uart_read.o)
                0x0000000000009ab4                altera_avalon_jtag_uart_read
 .text          0x0000000000009cd0      0x224 ../ECE_178_Project_app_bsp/\libhal_bsp.a(altera_avalon_jtag_uart_write.o)
                0x0000000000009cd0                altera_avalon_jtag_uart_write
 .text          0x0000000000009ef4       0xf4 ../ECE_178_Project_app_bsp/\libhal_bsp.a(altera_avalon_timer_sc.o)
                0x0000000000009f6c                alt_avalon_timer_sc_init
 .text          0x0000000000009fe8      0x110 ../ECE_178_Project_app_bsp/\libhal_bsp.a(altera_avalon_uart_fd.o)
                0x0000000000009fe8                altera_avalon_uart_read_fd
                0x000000000000a048                altera_avalon_uart_write_fd
                0x000000000000a0a8                altera_avalon_uart_close_fd
 .text          0x000000000000a0f8      0x3c8 ../ECE_178_Project_app_bsp/\libhal_bsp.a(altera_avalon_uart_init.o)
                0x000000000000a0f8                altera_avalon_uart_init
                0x000000000000a46c                altera_avalon_uart_close
 .text          0x000000000000a4c0      0x218 ../ECE_178_Project_app_bsp/\libhal_bsp.a(altera_avalon_uart_read.o)
                0x000000000000a4fc                altera_avalon_uart_read
 .text          0x000000000000a6d8      0x1e8 ../ECE_178_Project_app_bsp/\libhal_bsp.a(altera_avalon_uart_write.o)
                0x000000000000a714                altera_avalon_uart_write
 .text          0x000000000000a8c0      0xeb4 ../ECE_178_Project_app_bsp/\libhal_bsp.a(altera_up_avalon_video_pixel_buffer_dma.o)
                0x000000000000a8c0                alt_up_pixel_buffer_dma_open_dev
                0x000000000000a8fc                alt_up_pixel_buffer_dma_draw
                0x000000000000aa90                alt_up_pixel_buffer_dma_change_back_buffer_address
                0x000000000000aaec                alt_up_pixel_buffer_dma_swap_buffers
                0x000000000000ab4c                alt_up_pixel_buffer_dma_check_swap_buffers_status
                0x000000000000ab80                alt_up_pixel_buffer_dma_clear_screen
                0x000000000000aca8                alt_up_pixel_buffer_dma_draw_box
                0x000000000000af84                alt_up_pixel_buffer_dma_draw_hline
                0x000000000000b194                alt_up_pixel_buffer_dma_draw_vline
                0x000000000000b3e0                alt_up_pixel_buffer_dma_draw_rectangle
                0x000000000000b4a8                helper_plot_pixel
                0x000000000000b52c                alt_up_pixel_buffer_dma_draw_line
 .text          0x000000000000b774      0x12c ../ECE_178_Project_app_bsp/\libhal_bsp.a(alt_alarm_start.o)
                0x000000000000b774                alt_alarm_start
 .text          0x000000000000b8a0      0x10c ../ECE_178_Project_app_bsp/\libhal_bsp.a(alt_close.o)
                0x000000000000b8dc                close
 .text          0x000000000000b9ac       0x48 ../ECE_178_Project_app_bsp/\libhal_bsp.a(alt_dcache_flush_all.o)
                0x000000000000b9ac                alt_dcache_flush_all
 .text          0x000000000000b9f4       0x2c ../ECE_178_Project_app_bsp/\libhal_bsp.a(alt_dev.o)
 .text          0x000000000000ba20       0xe0 ../ECE_178_Project_app_bsp/\libhal_bsp.a(alt_dev_llist_insert.o)
                0x000000000000ba5c                alt_dev_llist_insert
 .text          0x000000000000bb00       0x60 ../ECE_178_Project_app_bsp/\libhal_bsp.a(alt_do_ctors.o)
                0x000000000000bb00                _do_ctors
 .text          0x000000000000bb60       0x60 ../ECE_178_Project_app_bsp/\libhal_bsp.a(alt_do_dtors.o)
                0x000000000000bb60                _do_dtors
 .text          0x000000000000bbc0        0x0 ../ECE_178_Project_app_bsp/\libhal_bsp.a(alt_errno.o)
 .text          0x000000000000bbc0        0x0 ../ECE_178_Project_app_bsp/\libhal_bsp.a(alt_exception_entry.o)
 .text          0x000000000000bbc0       0x90 ../ECE_178_Project_app_bsp/\libhal_bsp.a(alt_find_dev.o)
                0x000000000000bbc0                alt_find_dev
 .text          0x000000000000bc50       0x34 ../ECE_178_Project_app_bsp/\libhal_bsp.a(alt_icache_flush_all.o)
                0x000000000000bc50                alt_icache_flush_all
 .text          0x000000000000bc84      0x140 ../ECE_178_Project_app_bsp/\libhal_bsp.a(alt_io_redirect.o)
                0x000000000000bd48                alt_io_redirect
 .text          0x000000000000bdc4      0x254 ../ECE_178_Project_app_bsp/\libhal_bsp.a(alt_open.o)
                0x000000000000bec4                open
 .text          0x000000000000c018       0x64 ../ECE_178_Project_app_bsp/\libhal_bsp.a(alt_release_fd.o)
                0x000000000000c018                alt_release_fd
 .text          0x000000000000c07c       0x24 ../ECE_178_Project_app_bsp/\libhal_bsp.a(altera_nios2_qsys_irq.o)
                0x000000000000c07c                altera_nios2_qsys_irq_init
 .text          0x000000000000c0a0      0x108 ../ECE_178_Project_app_bsp/\libhal_bsp.a(alt_find_file.o)
                0x000000000000c0a0                alt_find_file
 .text          0x000000000000c1a8       0xa4 ../ECE_178_Project_app_bsp/\libhal_bsp.a(alt_get_fd.o)
                0x000000000000c1a8                alt_get_fd
 .text          0x000000000000c24c       0x90 ../ECE_178_Project_app_bsp/\libhal_bsp.a(alt_icache_flush.o)
                0x000000000000c24c                alt_icache_flush
 .text          0x000000000000c2dc        0x0 d:/intelfpga_lite/17.1/nios2eds/bin/gnu/h-x86_64-mingw32/bin/../lib/gcc/nios2-elf/5.3.0/../../../../../H-x86_64-mingw32/nios2-elf/lib\libc.a(lib_a-atexit.o)
 .text.atexit   0x000000000000c2dc       0x14 d:/intelfpga_lite/17.1/nios2eds/bin/gnu/h-x86_64-mingw32/bin/../lib/gcc/nios2-elf/5.3.0/../../../../../H-x86_64-mingw32/nios2-elf/lib\libc.a(lib_a-atexit.o)
                0x000000000000c2dc                atexit
 .text          0x000000000000c2f0        0x0 d:/intelfpga_lite/17.1/nios2eds/bin/gnu/h-x86_64-mingw32/bin/../lib/gcc/nios2-elf/5.3.0/../../../../../H-x86_64-mingw32/nios2-elf/lib\libc.a(lib_a-exit.o)
 .text.exit     0x000000000000c2f0       0x38 d:/intelfpga_lite/17.1/nios2eds/bin/gnu/h-x86_64-mingw32/bin/../lib/gcc/nios2-elf/5.3.0/../../../../../H-x86_64-mingw32/nios2-elf/lib\libc.a(lib_a-exit.o)
                0x000000000000c2f0                exit
 .text          0x000000000000c328        0x0 d:/intelfpga_lite/17.1/nios2eds/bin/gnu/h-x86_64-mingw32/bin/../lib/gcc/nios2-elf/5.3.0/../../../../../H-x86_64-mingw32/nios2-elf/lib\libc.a(lib_a-memcmp.o)
 .text.memcmp   0x000000000000c328       0x7c d:/intelfpga_lite/17.1/nios2eds/bin/gnu/h-x86_64-mingw32/bin/../lib/gcc/nios2-elf/5.3.0/../../../../../H-x86_64-mingw32/nios2-elf/lib\libc.a(lib_a-memcmp.o)
                0x000000000000c328                memcmp
 .text          0x000000000000c3a4        0x0 d:/intelfpga_lite/17.1/nios2eds/bin/gnu/h-x86_64-mingw32/bin/../lib/gcc/nios2-elf/5.3.0/../../../../../H-x86_64-mingw32/nios2-elf/lib\libc.a(lib_a-memcpy.o)
 .text.memcpy   0x000000000000c3a4      0x148 d:/intelfpga_lite/17.1/nios2eds/bin/gnu/h-x86_64-mingw32/bin/../lib/gcc/nios2-elf/5.3.0/../../../../../H-x86_64-mingw32/nios2-elf/lib\libc.a(lib_a-memcpy.o)
                0x000000000000c3a4                memcpy
 .text          0x000000000000c4ec        0x0 d:/intelfpga_lite/17.1/nios2eds/bin/gnu/h-x86_64-mingw32/bin/../lib/gcc/nios2-elf/5.3.0/../../../../../H-x86_64-mingw32/nios2-elf/lib\libc.a(lib_a-strlen.o)
 .text.strlen   0x000000000000c4ec       0x98 d:/intelfpga_lite/17.1/nios2eds/bin/gnu/h-x86_64-mingw32/bin/../lib/gcc/nios2-elf/5.3.0/../../../../../H-x86_64-mingw32/nios2-elf/lib\libc.a(lib_a-strlen.o)
                0x000000000000c4ec                strlen
 .text          0x000000000000c584        0x0 d:/intelfpga_lite/17.1/nios2eds/bin/gnu/h-x86_64-mingw32/bin/../lib/gcc/nios2-elf/5.3.0/../../../../../H-x86_64-mingw32/nios2-elf/lib\libc.a(lib_a-__atexit.o)
 .text.__register_exitproc
                0x000000000000c584      0x118 d:/intelfpga_lite/17.1/nios2eds/bin/gnu/h-x86_64-mingw32/bin/../lib/gcc/nios2-elf/5.3.0/../../../../../H-x86_64-mingw32/nios2-elf/lib\libc.a(lib_a-__atexit.o)
                0x000000000000c584                __register_exitproc
 .text          0x000000000000c69c        0x0 d:/intelfpga_lite/17.1/nios2eds/bin/gnu/h-x86_64-mingw32/bin/../lib/gcc/nios2-elf/5.3.0/../../../../../H-x86_64-mingw32/nios2-elf/lib\libc.a(lib_a-__call_atexit.o)
 .text.__call_exitprocs
                0x000000000000c69c      0x180 d:/intelfpga_lite/17.1/nios2eds/bin/gnu/h-x86_64-mingw32/bin/../lib/gcc/nios2-elf/5.3.0/../../../../../H-x86_64-mingw32/nios2-elf/lib\libc.a(lib_a-__call_atexit.o)
                0x000000000000c69c                __call_exitprocs
 .text          0x000000000000c81c      0x538 d:/intelfpga_lite/17.1/nios2eds/bin/gnu/h-x86_64-mingw32/bin/../lib/gcc/nios2-elf/5.3.0\libgcc.a(_umoddi3.o)
                0x000000000000c81c                __umoddi3
 .text          0x000000000000cd54      0x1b4 d:/intelfpga_lite/17.1/nios2eds/bin/gnu/h-x86_64-mingw32/bin/../lib/gcc/nios2-elf/5.3.0\libgcc.a(lib2-divmod.o)
                0x000000000000cd54                __divsi3
                0x000000000000cdd8                __modsi3
                0x000000000000ce4c                __udivsi3
                0x000000000000ceb0                __umodsi3
 .text          0x000000000000cf08       0x34 ../ECE_178_Project_app_bsp/\libhal_bsp.a(alt_exit.o)
                0x000000000000cf08                _exit
 *(.gnu.warning.*)
 *(.fini)
                [!provide]                        PROVIDE (__etext, ABSOLUTE (.))
                [!provide]                        PROVIDE (_etext, ABSOLUTE (.))
                [!provide]                        PROVIDE (etext, ABSOLUTE (.))
 *(.eh_frame_hdr)
                0x000000000000cf3c                . = ALIGN (0x4)
                [!provide]                        PROVIDE (__preinit_array_start, ABSOLUTE (.))
 *(.preinit_array)
                [!provide]                        PROVIDE (__preinit_array_end, ABSOLUTE (.))
                [!provide]                        PROVIDE (__init_array_start, ABSOLUTE (.))
 *(.init_array)
                [!provide]                        PROVIDE (__init_array_end, ABSOLUTE (.))
                [!provide]                        PROVIDE (__fini_array_start, ABSOLUTE (.))
 *(.fini_array)
                [!provide]                        PROVIDE (__fini_array_end, ABSOLUTE (.))
 *(.eh_frame)
 *(.gcc_except_table .gcc_except_table.*)
 *(.dynamic)
                0x000000000000cf3c                PROVIDE (__CTOR_LIST__, ABSOLUTE (.))
 *(.ctors)
 *(SORT(.ctors.*))
                0x000000000000cf3c                PROVIDE (__CTOR_END__, ABSOLUTE (.))
                0x000000000000cf3c                PROVIDE (__DTOR_LIST__, ABSOLUTE (.))
 *(.dtors)
 *(SORT(.dtors.*))
                0x000000000000cf3c                PROVIDE (__DTOR_END__, ABSOLUTE (.))
 *(.jcr)
                0x000000000000cf3c                . = ALIGN (0x4)

.rodata         0x000000000000cf3c      0x1b4
                0x000000000000cf3c                PROVIDE (__ram_rodata_start, ABSOLUTE (.))
                0x000000000000cf3c                . = ALIGN (0x4)
 *(.rodata .rodata.* .gnu.linkonce.r.*)
 .rodata        0x000000000000cf3c       0x33 obj/default/main.o
 .rodata        0x000000000000cf6f      0x100 d:/intelfpga_lite/17.1/nios2eds/bin/gnu/h-x86_64-mingw32/bin/../lib/gcc/nios2-elf/5.3.0\libgcc.a(_clz.o)
                0x000000000000cf6f                __clz_tab
 *fill*         0x000000000000d06f        0x1 
 .rodata.str1.4
                0x000000000000d070        0x4 d:/intelfpga_lite/17.1/nios2eds/bin/gnu/h-x86_64-mingw32/bin/../lib/gcc/nios2-elf/5.3.0/../../../../../H-x86_64-mingw32/nios2-elf/lib\libc.a(lib_a-impure.o)
                                          0x2 (size before relaxing)
 .rodata        0x000000000000d074        0xf ../ECE_178_Project_app_bsp/\libhal_bsp.a(alt_main.o)
 *fill*         0x000000000000d083        0x1 
 .rodata        0x000000000000d084       0x5d ../ECE_178_Project_app_bsp/\libhal_bsp.a(alt_sys_init.o)
 *fill*         0x000000000000d0e1        0x3 
 .rodata        0x000000000000d0e4        0xa ../ECE_178_Project_app_bsp/\libhal_bsp.a(alt_dev.o)
 *(.rodata1)
                0x000000000000d0f0                . = ALIGN (0x4)
 *fill*         0x000000000000d0ee        0x2 
                0x000000000000d0f0                PROVIDE (__ram_rodata_end, ABSOLUTE (.))
                0x000000000000cf3c                PROVIDE (__flash_rodata_start, LOADADDR (.rodata))

.rwdata         0x000000000000d0f0     0x1b9c load address 0x000000000000ec8c
                0x000000000000d0f0                PROVIDE (__ram_rwdata_start, ABSOLUTE (.))
                0x000000000000d0f0                . = ALIGN (0x4)
 *(.got.plt)
 *(.got)
 *(.data1)
 *(.data .data.* .gnu.linkonce.d.*)
 .data          0x000000000000d0f0        0x0 ../ECE_178_Project_app_bsp//obj/HAL/src/crt0.o
 .data          0x000000000000d0f0      0x3a4 obj/default/main.o
                0x000000000000d184                pokemon_song_index
                0x000000000000d30c                pokemon_song_duration
 .data          0x000000000000d494        0x0 obj/default/piezo.o
 .data          0x000000000000d494        0x0 d:/intelfpga_lite/17.1/nios2eds/bin/gnu/h-x86_64-mingw32/bin/../lib/gcc/nios2-elf/5.3.0\libgcc.a(addsf3.o)
 .data          0x000000000000d494        0x0 d:/intelfpga_lite/17.1/nios2eds/bin/gnu/h-x86_64-mingw32/bin/../lib/gcc/nios2-elf/5.3.0\libgcc.a(divsf3.o)
 .data          0x000000000000d494        0x0 d:/intelfpga_lite/17.1/nios2eds/bin/gnu/h-x86_64-mingw32/bin/../lib/gcc/nios2-elf/5.3.0\libgcc.a(gesf2.o)
 .data          0x000000000000d494        0x0 d:/intelfpga_lite/17.1/nios2eds/bin/gnu/h-x86_64-mingw32/bin/../lib/gcc/nios2-elf/5.3.0\libgcc.a(lesf2.o)
 .data          0x000000000000d494        0x0 d:/intelfpga_lite/17.1/nios2eds/bin/gnu/h-x86_64-mingw32/bin/../lib/gcc/nios2-elf/5.3.0\libgcc.a(mulsf3.o)
 .data          0x000000000000d494        0x0 d:/intelfpga_lite/17.1/nios2eds/bin/gnu/h-x86_64-mingw32/bin/../lib/gcc/nios2-elf/5.3.0\libgcc.a(subsf3.o)
 .data          0x000000000000d494        0x0 d:/intelfpga_lite/17.1/nios2eds/bin/gnu/h-x86_64-mingw32/bin/../lib/gcc/nios2-elf/5.3.0\libgcc.a(fixsfsi.o)
 .data          0x000000000000d494        0x0 d:/intelfpga_lite/17.1/nios2eds/bin/gnu/h-x86_64-mingw32/bin/../lib/gcc/nios2-elf/5.3.0\libgcc.a(floatsisf.o)
 .data          0x000000000000d494        0x0 d:/intelfpga_lite/17.1/nios2eds/bin/gnu/h-x86_64-mingw32/bin/../lib/gcc/nios2-elf/5.3.0\libgcc.a(adddf3.o)
 .data          0x000000000000d494        0x0 d:/intelfpga_lite/17.1/nios2eds/bin/gnu/h-x86_64-mingw32/bin/../lib/gcc/nios2-elf/5.3.0\libgcc.a(muldf3.o)
 .data          0x000000000000d494        0x0 d:/intelfpga_lite/17.1/nios2eds/bin/gnu/h-x86_64-mingw32/bin/../lib/gcc/nios2-elf/5.3.0\libgcc.a(extendsfdf2.o)
 .data          0x000000000000d494        0x0 d:/intelfpga_lite/17.1/nios2eds/bin/gnu/h-x86_64-mingw32/bin/../lib/gcc/nios2-elf/5.3.0\libgcc.a(truncdfsf2.o)
 .data          0x000000000000d494        0x0 d:/intelfpga_lite/17.1/nios2eds/bin/gnu/h-x86_64-mingw32/bin/../lib/gcc/nios2-elf/5.3.0\libgcc.a(_clzsi2.o)
 .data          0x000000000000d494        0x0 d:/intelfpga_lite/17.1/nios2eds/bin/gnu/h-x86_64-mingw32/bin/../lib/gcc/nios2-elf/5.3.0\libgcc.a(_clz.o)
 .data          0x000000000000d494        0x0 d:/intelfpga_lite/17.1/nios2eds/bin/gnu/h-x86_64-mingw32/bin/../lib/gcc/nios2-elf/5.3.0/../../../../../H-x86_64-mingw32/nios2-elf/lib\libc.a(lib_a-rand.o)
 .data          0x000000000000d494        0x0 d:/intelfpga_lite/17.1/nios2eds/bin/gnu/h-x86_64-mingw32/bin/../lib/gcc/nios2-elf/5.3.0/../../../../../H-x86_64-mingw32/nios2-elf/lib\libc.a(lib_a-time.o)
 .data          0x000000000000d494        0x0 d:/intelfpga_lite/17.1/nios2eds/bin/gnu/h-x86_64-mingw32/bin/../lib/gcc/nios2-elf/5.3.0/../../../../../H-x86_64-mingw32/nios2-elf/lib\libc.a(lib_a-gettimeofdayr.o)
 .data          0x000000000000d494        0x0 d:/intelfpga_lite/17.1/nios2eds/bin/gnu/h-x86_64-mingw32/bin/../lib/gcc/nios2-elf/5.3.0/../../../../../H-x86_64-mingw32/nios2-elf/lib\libc.a(lib_a-impure.o)
 .data.impure_data
                0x000000000000d494      0x424 d:/intelfpga_lite/17.1/nios2eds/bin/gnu/h-x86_64-mingw32/bin/../lib/gcc/nios2-elf/5.3.0/../../../../../H-x86_64-mingw32/nios2-elf/lib\libc.a(lib_a-impure.o)
 .data          0x000000000000d8b8        0x0 d:/intelfpga_lite/17.1/nios2eds/bin/gnu/h-x86_64-mingw32/bin/../lib/gcc/nios2-elf/5.3.0/../../../../../H-x86_64-mingw32/nios2-elf/lib\libc.a(lib_a-int_errno.o)
 .data          0x000000000000d8b8        0x0 d:/intelfpga_lite/17.1/nios2eds/bin/gnu/h-x86_64-mingw32/bin/../lib/gcc/nios2-elf/5.3.0\libgcc.a(_muldi3.o)
 .data          0x000000000000d8b8        0x0 ../ECE_178_Project_app_bsp/\libhal_bsp.a(alt_gettod.o)
 .data          0x000000000000d8b8        0x0 ../ECE_178_Project_app_bsp/\libhal_bsp.a(alt_iic.o)
 .data          0x000000000000d8b8        0x0 ../ECE_178_Project_app_bsp/\libhal_bsp.a(alt_iic_isr_register.o)
 .data          0x000000000000d8b8        0x0 ../ECE_178_Project_app_bsp/\libhal_bsp.a(alt_irq_entry.o)
 .data          0x000000000000d8b8        0x0 ../ECE_178_Project_app_bsp/\libhal_bsp.a(alt_irq_handler.o)
 .data          0x000000000000d8b8        0x0 ../ECE_178_Project_app_bsp/\libhal_bsp.a(alt_irq_vars.o)
 .data          0x000000000000d8b8        0x0 ../ECE_178_Project_app_bsp/\libhal_bsp.a(alt_load.o)
 .data          0x000000000000d8b8        0x0 ../ECE_178_Project_app_bsp/\libhal_bsp.a(alt_main.o)
 .data          0x000000000000d8b8        0x0 ../ECE_178_Project_app_bsp/\libhal_bsp.a(alt_tick.o)
 .data          0x000000000000d8b8     0x11e8 ../ECE_178_Project_app_bsp/\libhal_bsp.a(alt_sys_init.o)
 .data          0x000000000000eaa0        0x0 ../ECE_178_Project_app_bsp/\libhal_bsp.a(Altera_UP_SD_Card_Avalon_Interface.o)
 .data          0x000000000000eaa0        0x0 ../ECE_178_Project_app_bsp/\libhal_bsp.a(altera_avalon_jtag_uart_fd.o)
 .data          0x000000000000eaa0        0x0 ../ECE_178_Project_app_bsp/\libhal_bsp.a(altera_avalon_jtag_uart_init.o)
 .data          0x000000000000eaa0        0x0 ../ECE_178_Project_app_bsp/\libhal_bsp.a(altera_avalon_jtag_uart_ioctl.o)
 .data          0x000000000000eaa0        0x0 ../ECE_178_Project_app_bsp/\libhal_bsp.a(altera_avalon_jtag_uart_read.o)
 .data          0x000000000000eaa0        0x0 ../ECE_178_Project_app_bsp/\libhal_bsp.a(altera_avalon_jtag_uart_write.o)
 .data          0x000000000000eaa0        0x0 ../ECE_178_Project_app_bsp/\libhal_bsp.a(altera_avalon_timer_sc.o)
 .data          0x000000000000eaa0        0x0 ../ECE_178_Project_app_bsp/\libhal_bsp.a(altera_avalon_uart_fd.o)
 .data          0x000000000000eaa0        0x0 ../ECE_178_Project_app_bsp/\libhal_bsp.a(altera_avalon_uart_init.o)
 .data          0x000000000000eaa0        0x0 ../ECE_178_Project_app_bsp/\libhal_bsp.a(altera_avalon_uart_read.o)
 .data          0x000000000000eaa0        0x0 ../ECE_178_Project_app_bsp/\libhal_bsp.a(altera_avalon_uart_write.o)
 .data          0x000000000000eaa0        0x0 ../ECE_178_Project_app_bsp/\libhal_bsp.a(altera_up_avalon_video_pixel_buffer_dma.o)
 .data          0x000000000000eaa0        0x0 ../ECE_178_Project_app_bsp/\libhal_bsp.a(alt_alarm_start.o)
 .data          0x000000000000eaa0        0x0 ../ECE_178_Project_app_bsp/\libhal_bsp.a(alt_close.o)
 .data          0x000000000000eaa0        0x0 ../ECE_178_Project_app_bsp/\libhal_bsp.a(alt_dcache_flush_all.o)
 .data          0x000000000000eaa0      0x1a8 ../ECE_178_Project_app_bsp/\libhal_bsp.a(alt_dev.o)
                0x000000000000eaa0                alt_dev_null
                0x000000000000eac8                alt_fd_list
 .data          0x000000000000ec48        0x0 ../ECE_178_Project_app_bsp/\libhal_bsp.a(alt_dev_llist_insert.o)
 .data          0x000000000000ec48        0x0 ../ECE_178_Project_app_bsp/\libhal_bsp.a(alt_do_ctors.o)
 .data          0x000000000000ec48        0x0 ../ECE_178_Project_app_bsp/\libhal_bsp.a(alt_do_dtors.o)
 .data          0x000000000000ec48        0x0 ../ECE_178_Project_app_bsp/\libhal_bsp.a(alt_errno.o)
 .data          0x000000000000ec48        0x0 ../ECE_178_Project_app_bsp/\libhal_bsp.a(alt_exception_entry.o)
 .data          0x000000000000ec48        0x0 ../ECE_178_Project_app_bsp/\libhal_bsp.a(alt_find_dev.o)
 .data          0x000000000000ec48        0x0 ../ECE_178_Project_app_bsp/\libhal_bsp.a(alt_icache_flush_all.o)
 .data          0x000000000000ec48        0x0 ../ECE_178_Project_app_bsp/\libhal_bsp.a(alt_io_redirect.o)
 .data          0x000000000000ec48        0x0 ../ECE_178_Project_app_bsp/\libhal_bsp.a(alt_open.o)
 .data          0x000000000000ec48        0x0 ../ECE_178_Project_app_bsp/\libhal_bsp.a(alt_release_fd.o)
 .data          0x000000000000ec48        0x0 ../ECE_178_Project_app_bsp/\libhal_bsp.a(altera_nios2_qsys_irq.o)
 .data          0x000000000000ec48        0x0 ../ECE_178_Project_app_bsp/\libhal_bsp.a(alt_find_file.o)
 .data          0x000000000000ec48        0x0 ../ECE_178_Project_app_bsp/\libhal_bsp.a(alt_get_fd.o)
 .data          0x000000000000ec48        0x0 ../ECE_178_Project_app_bsp/\libhal_bsp.a(alt_icache_flush.o)
 .data          0x000000000000ec48        0x0 d:/intelfpga_lite/17.1/nios2eds/bin/gnu/h-x86_64-mingw32/bin/../lib/gcc/nios2-elf/5.3.0/../../../../../H-x86_64-mingw32/nios2-elf/lib\libc.a(lib_a-atexit.o)
 .data          0x000000000000ec48        0x0 d:/intelfpga_lite/17.1/nios2eds/bin/gnu/h-x86_64-mingw32/bin/../lib/gcc/nios2-elf/5.3.0/../../../../../H-x86_64-mingw32/nios2-elf/lib\libc.a(lib_a-exit.o)
 .data          0x000000000000ec48        0x0 d:/intelfpga_lite/17.1/nios2eds/bin/gnu/h-x86_64-mingw32/bin/../lib/gcc/nios2-elf/5.3.0/../../../../../H-x86_64-mingw32/nios2-elf/lib\libc.a(lib_a-memcmp.o)
 .data          0x000000000000ec48        0x0 d:/intelfpga_lite/17.1/nios2eds/bin/gnu/h-x86_64-mingw32/bin/../lib/gcc/nios2-elf/5.3.0/../../../../../H-x86_64-mingw32/nios2-elf/lib\libc.a(lib_a-memcpy.o)
 .data          0x000000000000ec48        0x0 d:/intelfpga_lite/17.1/nios2eds/bin/gnu/h-x86_64-mingw32/bin/../lib/gcc/nios2-elf/5.3.0/../../../../../H-x86_64-mingw32/nios2-elf/lib\libc.a(lib_a-strlen.o)
 .data          0x000000000000ec48        0x0 d:/intelfpga_lite/17.1/nios2eds/bin/gnu/h-x86_64-mingw32/bin/../lib/gcc/nios2-elf/5.3.0/../../../../../H-x86_64-mingw32/nios2-elf/lib\libc.a(lib_a-__atexit.o)
 .data          0x000000000000ec48        0x0 d:/intelfpga_lite/17.1/nios2eds/bin/gnu/h-x86_64-mingw32/bin/../lib/gcc/nios2-elf/5.3.0/../../../../../H-x86_64-mingw32/nios2-elf/lib\libc.a(lib_a-__call_atexit.o)
 .data          0x000000000000ec48        0x0 d:/intelfpga_lite/17.1/nios2eds/bin/gnu/h-x86_64-mingw32/bin/../lib/gcc/nios2-elf/5.3.0\libgcc.a(_umoddi3.o)
 .data          0x000000000000ec48        0x0 d:/intelfpga_lite/17.1/nios2eds/bin/gnu/h-x86_64-mingw32/bin/../lib/gcc/nios2-elf/5.3.0\libgcc.a(lib2-divmod.o)
 .data          0x000000000000ec48        0x0 ../ECE_178_Project_app_bsp/\libhal_bsp.a(alt_exit.o)
                0x0000000000016c48                _gp = ABSOLUTE ((. + 0x8000))
                [!provide]                        PROVIDE (gp, _gp)
 *(.rwdata .rwdata.*)
 *(.sdata .sdata.* .gnu.linkonce.s.*)
 .sdata         0x000000000000ec48       0x18 obj/default/main.o
                0x000000000000ec48                paddleW
                0x000000000000ec4c                paddleH
                0x000000000000ec50                paddleSpeed
                0x000000000000ec54                ballSize
                0x000000000000ec58                tempo
                0x000000000000ec5c                song_length
 .sdata._global_impure_ptr
                0x000000000000ec60        0x4 d:/intelfpga_lite/17.1/nios2eds/bin/gnu/h-x86_64-mingw32/bin/../lib/gcc/nios2-elf/5.3.0/../../../../../H-x86_64-mingw32/nios2-elf/lib\libc.a(lib_a-impure.o)
                0x000000000000ec60                _global_impure_ptr
 .sdata._impure_ptr
                0x000000000000ec64        0x4 d:/intelfpga_lite/17.1/nios2eds/bin/gnu/h-x86_64-mingw32/bin/../lib/gcc/nios2-elf/5.3.0/../../../../../H-x86_64-mingw32/nios2-elf/lib\libc.a(lib_a-impure.o)
                0x000000000000ec64                _impure_ptr
 .sdata         0x000000000000ec68        0x4 ../ECE_178_Project_app_bsp/\libhal_bsp.a(alt_irq_vars.o)
                0x000000000000ec68                alt_priority_mask
 .sdata         0x000000000000ec6c        0x8 ../ECE_178_Project_app_bsp/\libhal_bsp.a(alt_tick.o)
                0x000000000000ec6c                alt_alarm_list
 .sdata         0x000000000000ec74       0x14 ../ECE_178_Project_app_bsp/\libhal_bsp.a(alt_dev.o)
                0x000000000000ec74                alt_fs_list
                0x000000000000ec7c                alt_dev_list
                0x000000000000ec84                alt_max_fd
 .sdata         0x000000000000ec88        0x4 ../ECE_178_Project_app_bsp/\libhal_bsp.a(alt_errno.o)
                0x000000000000ec88                alt_errno
 *(.sdata2 .sdata2.* .gnu.linkonce.s2.*)
                0x000000000000ec8c                . = ALIGN (0x4)
                0x000000000000ec8c                _edata = ABSOLUTE (.)
                [!provide]                        PROVIDE (edata, ABSOLUTE (.))
                0x000000000000ec8c                PROVIDE (__ram_rwdata_end, ABSOLUTE (.))
                0x000000000000ec8c                PROVIDE (__flash_rwdata_start, LOADADDR (.rwdata))

.bss            0x0000000000010828      0x730
                0x0000000000010828                __bss_start = ABSOLUTE (.)
                [!provide]                        PROVIDE (__sbss_start, ABSOLUTE (.))
                [!provide]                        PROVIDE (___sbss_start, ABSOLUTE (.))
 *(.dynsbss)
 *(.sbss .sbss.* .gnu.linkonce.sb.*)
 .sbss          0x0000000000010828       0x10 obj/default/main.o
                0x0000000000010828                scoreL
                0x000000000001082c                scoreR
                0x0000000000010830                song_ptr
                0x0000000000010834                note
 .sbss          0x0000000000010838       0x56 obj/default/main.o
                0x0000000000010838                vbx
                0x000000000001083c                sd_card_dev
                0x0000000000010840                xb1
                0x0000000000010844                xl1
                0x0000000000010848                xb0
                0x000000000001084c                xr0
                0x0000000000010850                yb0
                0x0000000000010854                vby
                0x0000000000010858                vry
                0x000000000001085c                yl0
                0x0000000000010860                xl0
                0x0000000000010864                vrx
                0x0000000000010868                yb1
                0x000000000001086c                sd_card_handle
                0x0000000000010870                xr1
                0x0000000000010874                yl1
                0x0000000000010878                pixel_buffer_dev
                0x000000000001087c                vlx
                0x0000000000010880                yr0
                0x0000000000010884                vly
                0x0000000000010888                yr1
                0x000000000001088c                config
 *fill*         0x000000000001088e        0x2 
 .sbss          0x0000000000010890        0x4 d:/intelfpga_lite/17.1/nios2eds/bin/gnu/h-x86_64-mingw32/bin/../lib/gcc/nios2-elf/5.3.0/../../../../../H-x86_64-mingw32/nios2-elf/lib\libc.a(lib_a-int_errno.o)
                0x0000000000010890                errno
 .sbss          0x0000000000010894       0x10 ../ECE_178_Project_app_bsp/\libhal_bsp.a(alt_gettod.o)
                0x0000000000010894                alt_timezone
                0x000000000001089c                alt_resettime
 .sbss          0x00000000000108a4        0x4 ../ECE_178_Project_app_bsp/\libhal_bsp.a(alt_irq_vars.o)
                0x00000000000108a4                alt_irq_active
 .sbss          0x00000000000108a8        0xc ../ECE_178_Project_app_bsp/\libhal_bsp.a(alt_main.o)
                0x00000000000108a8                alt_argc
                0x00000000000108ac                alt_argv
                0x00000000000108b0                alt_envp
 .sbss          0x00000000000108b4        0x8 ../ECE_178_Project_app_bsp/\libhal_bsp.a(alt_tick.o)
                0x00000000000108b4                _alt_tick_rate
                0x00000000000108b8                _alt_nticks
 .sbss          0x00000000000108bc       0x34 ../ECE_178_Project_app_bsp/\libhal_bsp.a(Altera_UP_SD_Card_Avalon_Interface.o)
                0x00000000000108bc                initialized
                0x00000000000108c0                is_sd_card_formated_as_FAT16
                0x00000000000108c4                aux_status_register
                0x00000000000108c8                status_register
                0x00000000000108cc                CSD_register_w0
                0x00000000000108d0                command_register
                0x00000000000108d4                command_argument_register
                0x00000000000108d8                buffer_memory
                0x00000000000108dc                fat_partition_offset_in_512_byte_sectors
                0x00000000000108e0                fat_partition_size_in_512_byte_sectors
                0x00000000000108e4                device_pointer
                0x00000000000108e8                current_sector_modified
                0x00000000000108ec                current_sector_index
 *(.sbss2 .sbss2.* .gnu.linkonce.sb2.*)
 *(.scommon)
                [!provide]                        PROVIDE (__sbss_end, ABSOLUTE (.))
                [!provide]                        PROVIDE (___sbss_end, ABSOLUTE (.))
 *(.dynbss)
 *(.bss .bss.* .gnu.linkonce.b.*)
 .bss           0x00000000000108f0        0x0 ../ECE_178_Project_app_bsp//obj/HAL/src/crt0.o
 .bss           0x00000000000108f0        0x0 obj/default/main.o
 .bss           0x00000000000108f0        0x0 obj/default/piezo.o
 .bss           0x00000000000108f0        0x0 d:/intelfpga_lite/17.1/nios2eds/bin/gnu/h-x86_64-mingw32/bin/../lib/gcc/nios2-elf/5.3.0\libgcc.a(addsf3.o)
 .bss           0x00000000000108f0        0x0 d:/intelfpga_lite/17.1/nios2eds/bin/gnu/h-x86_64-mingw32/bin/../lib/gcc/nios2-elf/5.3.0\libgcc.a(divsf3.o)
 .bss           0x00000000000108f0        0x0 d:/intelfpga_lite/17.1/nios2eds/bin/gnu/h-x86_64-mingw32/bin/../lib/gcc/nios2-elf/5.3.0\libgcc.a(gesf2.o)
 .bss           0x00000000000108f0        0x0 d:/intelfpga_lite/17.1/nios2eds/bin/gnu/h-x86_64-mingw32/bin/../lib/gcc/nios2-elf/5.3.0\libgcc.a(lesf2.o)
 .bss           0x00000000000108f0        0x0 d:/intelfpga_lite/17.1/nios2eds/bin/gnu/h-x86_64-mingw32/bin/../lib/gcc/nios2-elf/5.3.0\libgcc.a(mulsf3.o)
 .bss           0x00000000000108f0        0x0 d:/intelfpga_lite/17.1/nios2eds/bin/gnu/h-x86_64-mingw32/bin/../lib/gcc/nios2-elf/5.3.0\libgcc.a(subsf3.o)
 .bss           0x00000000000108f0        0x0 d:/intelfpga_lite/17.1/nios2eds/bin/gnu/h-x86_64-mingw32/bin/../lib/gcc/nios2-elf/5.3.0\libgcc.a(fixsfsi.o)
 .bss           0x00000000000108f0        0x0 d:/intelfpga_lite/17.1/nios2eds/bin/gnu/h-x86_64-mingw32/bin/../lib/gcc/nios2-elf/5.3.0\libgcc.a(floatsisf.o)
 .bss           0x00000000000108f0        0x0 d:/intelfpga_lite/17.1/nios2eds/bin/gnu/h-x86_64-mingw32/bin/../lib/gcc/nios2-elf/5.3.0\libgcc.a(adddf3.o)
 .bss           0x00000000000108f0        0x0 d:/intelfpga_lite/17.1/nios2eds/bin/gnu/h-x86_64-mingw32/bin/../lib/gcc/nios2-elf/5.3.0\libgcc.a(muldf3.o)
 .bss           0x00000000000108f0        0x0 d:/intelfpga_lite/17.1/nios2eds/bin/gnu/h-x86_64-mingw32/bin/../lib/gcc/nios2-elf/5.3.0\libgcc.a(extendsfdf2.o)
 .bss           0x00000000000108f0        0x0 d:/intelfpga_lite/17.1/nios2eds/bin/gnu/h-x86_64-mingw32/bin/../lib/gcc/nios2-elf/5.3.0\libgcc.a(truncdfsf2.o)
 .bss           0x00000000000108f0        0x0 d:/intelfpga_lite/17.1/nios2eds/bin/gnu/h-x86_64-mingw32/bin/../lib/gcc/nios2-elf/5.3.0\libgcc.a(_clzsi2.o)
 .bss           0x00000000000108f0        0x0 d:/intelfpga_lite/17.1/nios2eds/bin/gnu/h-x86_64-mingw32/bin/../lib/gcc/nios2-elf/5.3.0\libgcc.a(_clz.o)
 .bss           0x00000000000108f0        0x0 d:/intelfpga_lite/17.1/nios2eds/bin/gnu/h-x86_64-mingw32/bin/../lib/gcc/nios2-elf/5.3.0/../../../../../H-x86_64-mingw32/nios2-elf/lib\libc.a(lib_a-rand.o)
 .bss           0x00000000000108f0        0x0 d:/intelfpga_lite/17.1/nios2eds/bin/gnu/h-x86_64-mingw32/bin/../lib/gcc/nios2-elf/5.3.0/../../../../../H-x86_64-mingw32/nios2-elf/lib\libc.a(lib_a-time.o)
 .bss           0x00000000000108f0        0x0 d:/intelfpga_lite/17.1/nios2eds/bin/gnu/h-x86_64-mingw32/bin/../lib/gcc/nios2-elf/5.3.0/../../../../../H-x86_64-mingw32/nios2-elf/lib\libc.a(lib_a-gettimeofdayr.o)
 .bss           0x00000000000108f0        0x0 d:/intelfpga_lite/17.1/nios2eds/bin/gnu/h-x86_64-mingw32/bin/../lib/gcc/nios2-elf/5.3.0/../../../../../H-x86_64-mingw32/nios2-elf/lib\libc.a(lib_a-impure.o)
 .bss           0x00000000000108f0        0x0 d:/intelfpga_lite/17.1/nios2eds/bin/gnu/h-x86_64-mingw32/bin/../lib/gcc/nios2-elf/5.3.0/../../../../../H-x86_64-mingw32/nios2-elf/lib\libc.a(lib_a-int_errno.o)
 .bss           0x00000000000108f0        0x0 d:/intelfpga_lite/17.1/nios2eds/bin/gnu/h-x86_64-mingw32/bin/../lib/gcc/nios2-elf/5.3.0\libgcc.a(_muldi3.o)
 .bss           0x00000000000108f0        0x0 ../ECE_178_Project_app_bsp/\libhal_bsp.a(alt_gettod.o)
 .bss           0x00000000000108f0        0x0 ../ECE_178_Project_app_bsp/\libhal_bsp.a(alt_iic.o)
 .bss           0x00000000000108f0        0x0 ../ECE_178_Project_app_bsp/\libhal_bsp.a(alt_iic_isr_register.o)
 .bss           0x00000000000108f0        0x0 ../ECE_178_Project_app_bsp/\libhal_bsp.a(alt_irq_entry.o)
 .bss           0x00000000000108f0        0x0 ../ECE_178_Project_app_bsp/\libhal_bsp.a(alt_irq_handler.o)
 .bss           0x00000000000108f0        0x0 ../ECE_178_Project_app_bsp/\libhal_bsp.a(alt_irq_vars.o)
 .bss           0x00000000000108f0        0x0 ../ECE_178_Project_app_bsp/\libhal_bsp.a(alt_load.o)
 .bss           0x00000000000108f0        0x0 ../ECE_178_Project_app_bsp/\libhal_bsp.a(alt_main.o)
 .bss           0x00000000000108f0        0x0 ../ECE_178_Project_app_bsp/\libhal_bsp.a(alt_tick.o)
 .bss           0x00000000000108f0        0x0 ../ECE_178_Project_app_bsp/\libhal_bsp.a(alt_sys_init.o)
 .bss           0x00000000000108f0        0x0 ../ECE_178_Project_app_bsp/\libhal_bsp.a(Altera_UP_SD_Card_Avalon_Interface.o)
 .bss           0x00000000000108f0        0x0 ../ECE_178_Project_app_bsp/\libhal_bsp.a(altera_avalon_jtag_uart_fd.o)
 .bss           0x00000000000108f0        0x0 ../ECE_178_Project_app_bsp/\libhal_bsp.a(altera_avalon_jtag_uart_init.o)
 .bss           0x00000000000108f0        0x0 ../ECE_178_Project_app_bsp/\libhal_bsp.a(altera_avalon_jtag_uart_ioctl.o)
 .bss           0x00000000000108f0        0x0 ../ECE_178_Project_app_bsp/\libhal_bsp.a(altera_avalon_jtag_uart_read.o)
 .bss           0x00000000000108f0        0x0 ../ECE_178_Project_app_bsp/\libhal_bsp.a(altera_avalon_jtag_uart_write.o)
 .bss           0x00000000000108f0        0x0 ../ECE_178_Project_app_bsp/\libhal_bsp.a(altera_avalon_timer_sc.o)
 .bss           0x00000000000108f0        0x0 ../ECE_178_Project_app_bsp/\libhal_bsp.a(altera_avalon_uart_fd.o)
 .bss           0x00000000000108f0        0x0 ../ECE_178_Project_app_bsp/\libhal_bsp.a(altera_avalon_uart_init.o)
 .bss           0x00000000000108f0        0x0 ../ECE_178_Project_app_bsp/\libhal_bsp.a(altera_avalon_uart_read.o)
 .bss           0x00000000000108f0        0x0 ../ECE_178_Project_app_bsp/\libhal_bsp.a(altera_avalon_uart_write.o)
 .bss           0x00000000000108f0        0x0 ../ECE_178_Project_app_bsp/\libhal_bsp.a(altera_up_avalon_video_pixel_buffer_dma.o)
 .bss           0x00000000000108f0        0x0 ../ECE_178_Project_app_bsp/\libhal_bsp.a(alt_alarm_start.o)
 .bss           0x00000000000108f0        0x0 ../ECE_178_Project_app_bsp/\libhal_bsp.a(alt_close.o)
 .bss           0x00000000000108f0        0x0 ../ECE_178_Project_app_bsp/\libhal_bsp.a(alt_dcache_flush_all.o)
 .bss           0x00000000000108f0        0x0 ../ECE_178_Project_app_bsp/\libhal_bsp.a(alt_dev.o)
 .bss           0x00000000000108f0        0x0 ../ECE_178_Project_app_bsp/\libhal_bsp.a(alt_dev_llist_insert.o)
 .bss           0x00000000000108f0        0x0 ../ECE_178_Project_app_bsp/\libhal_bsp.a(alt_do_ctors.o)
 .bss           0x00000000000108f0        0x0 ../ECE_178_Project_app_bsp/\libhal_bsp.a(alt_do_dtors.o)
 .bss           0x00000000000108f0        0x0 ../ECE_178_Project_app_bsp/\libhal_bsp.a(alt_errno.o)
 .bss           0x00000000000108f0        0x0 ../ECE_178_Project_app_bsp/\libhal_bsp.a(alt_exception_entry.o)
 .bss           0x00000000000108f0        0x0 ../ECE_178_Project_app_bsp/\libhal_bsp.a(alt_find_dev.o)
 .bss           0x00000000000108f0        0x0 ../ECE_178_Project_app_bsp/\libhal_bsp.a(alt_icache_flush_all.o)
 .bss           0x00000000000108f0        0x0 ../ECE_178_Project_app_bsp/\libhal_bsp.a(alt_io_redirect.o)
 .bss           0x00000000000108f0        0x0 ../ECE_178_Project_app_bsp/\libhal_bsp.a(alt_open.o)
 .bss           0x00000000000108f0        0x0 ../ECE_178_Project_app_bsp/\libhal_bsp.a(alt_release_fd.o)
 .bss           0x00000000000108f0        0x0 ../ECE_178_Project_app_bsp/\libhal_bsp.a(altera_nios2_qsys_irq.o)
 .bss           0x00000000000108f0        0x0 ../ECE_178_Project_app_bsp/\libhal_bsp.a(alt_find_file.o)
 .bss           0x00000000000108f0        0x0 ../ECE_178_Project_app_bsp/\libhal_bsp.a(alt_get_fd.o)
 .bss           0x00000000000108f0        0x0 ../ECE_178_Project_app_bsp/\libhal_bsp.a(alt_icache_flush.o)
 .bss           0x00000000000108f0        0x0 d:/intelfpga_lite/17.1/nios2eds/bin/gnu/h-x86_64-mingw32/bin/../lib/gcc/nios2-elf/5.3.0/../../../../../H-x86_64-mingw32/nios2-elf/lib\libc.a(lib_a-atexit.o)
 .bss           0x00000000000108f0        0x0 d:/intelfpga_lite/17.1/nios2eds/bin/gnu/h-x86_64-mingw32/bin/../lib/gcc/nios2-elf/5.3.0/../../../../../H-x86_64-mingw32/nios2-elf/lib\libc.a(lib_a-exit.o)
 .bss           0x00000000000108f0        0x0 d:/intelfpga_lite/17.1/nios2eds/bin/gnu/h-x86_64-mingw32/bin/../lib/gcc/nios2-elf/5.3.0/../../../../../H-x86_64-mingw32/nios2-elf/lib\libc.a(lib_a-memcmp.o)
 .bss           0x00000000000108f0        0x0 d:/intelfpga_lite/17.1/nios2eds/bin/gnu/h-x86_64-mingw32/bin/../lib/gcc/nios2-elf/5.3.0/../../../../../H-x86_64-mingw32/nios2-elf/lib\libc.a(lib_a-memcpy.o)
 .bss           0x00000000000108f0        0x0 d:/intelfpga_lite/17.1/nios2eds/bin/gnu/h-x86_64-mingw32/bin/../lib/gcc/nios2-elf/5.3.0/../../../../../H-x86_64-mingw32/nios2-elf/lib\libc.a(lib_a-strlen.o)
 .bss           0x00000000000108f0        0x0 d:/intelfpga_lite/17.1/nios2eds/bin/gnu/h-x86_64-mingw32/bin/../lib/gcc/nios2-elf/5.3.0/../../../../../H-x86_64-mingw32/nios2-elf/lib\libc.a(lib_a-__atexit.o)
 .bss           0x00000000000108f0        0x0 d:/intelfpga_lite/17.1/nios2eds/bin/gnu/h-x86_64-mingw32/bin/../lib/gcc/nios2-elf/5.3.0/../../../../../H-x86_64-mingw32/nios2-elf/lib\libc.a(lib_a-__call_atexit.o)
 .bss           0x00000000000108f0        0x0 d:/intelfpga_lite/17.1/nios2eds/bin/gnu/h-x86_64-mingw32/bin/../lib/gcc/nios2-elf/5.3.0\libgcc.a(_umoddi3.o)
 .bss           0x00000000000108f0        0x0 d:/intelfpga_lite/17.1/nios2eds/bin/gnu/h-x86_64-mingw32/bin/../lib/gcc/nios2-elf/5.3.0\libgcc.a(lib2-divmod.o)
 .bss           0x00000000000108f0        0x0 ../ECE_178_Project_app_bsp/\libhal_bsp.a(alt_exit.o)
 *(COMMON)
 COMMON         0x00000000000108f0      0x100 ../ECE_178_Project_app_bsp/\libhal_bsp.a(alt_irq_handler.o)
                0x00000000000108f0                alt_irq
 COMMON         0x00000000000109f0      0x568 ../ECE_178_Project_app_bsp/\libhal_bsp.a(Altera_UP_SD_Card_Avalon_Interface.o)
                0x00000000000109f0                search_data
                0x0000000000010a04                boot_sector_data
                0x0000000000010a58                active_files
                0x0000000000010f58                . = ALIGN (0x4)
                0x0000000000010f58                __bss_end = ABSOLUTE (.)

.sdram_controller
                0x0000000000010f58        0x0
                [!provide]                        PROVIDE (_alt_partition_sdram_controller_start, ABSOLUTE (.))
 *(.sdram_controller .sdram_controller. sdram_controller.*)
                0x0000000000010f58                . = ALIGN (0x4)
                [!provide]                        PROVIDE (_alt_partition_sdram_controller_end, ABSOLUTE (.))
                0x0000000000010f58                _end = ABSOLUTE (.)
                0x0000000000010f58                end = ABSOLUTE (.)
                0x0000000000010f58                __alt_stack_base = ABSOLUTE (.)
                [!provide]                        PROVIDE (_alt_partition_sdram_controller_load_addr, LOADADDR (.sdram_controller))

.stab
 *(.stab)

.stabstr
 *(.stabstr)

.stab.excl
 *(.stab.excl)

.stab.exclstr
 *(.stab.exclstr)

.stab.index
 *(.stab.index)

.stab.indexstr
 *(.stab.indexstr)

.comment        0x0000000000000000       0x23
 *(.comment)
 .comment       0x0000000000000000       0x23 obj/default/main.o
                                         0x24 (size before relaxing)
 .comment       0x0000000000000023       0x24 obj/default/piezo.o
 .comment       0x0000000000000023       0x24 d:/intelfpga_lite/17.1/nios2eds/bin/gnu/h-x86_64-mingw32/bin/../lib/gcc/nios2-elf/5.3.0\libgcc.a(addsf3.o)
 .comment       0x0000000000000023       0x24 d:/intelfpga_lite/17.1/nios2eds/bin/gnu/h-x86_64-mingw32/bin/../lib/gcc/nios2-elf/5.3.0\libgcc.a(divsf3.o)
 .comment       0x0000000000000023       0x24 d:/intelfpga_lite/17.1/nios2eds/bin/gnu/h-x86_64-mingw32/bin/../lib/gcc/nios2-elf/5.3.0\libgcc.a(gesf2.o)
 .comment       0x0000000000000023       0x24 d:/intelfpga_lite/17.1/nios2eds/bin/gnu/h-x86_64-mingw32/bin/../lib/gcc/nios2-elf/5.3.0\libgcc.a(lesf2.o)
 .comment       0x0000000000000023       0x24 d:/intelfpga_lite/17.1/nios2eds/bin/gnu/h-x86_64-mingw32/bin/../lib/gcc/nios2-elf/5.3.0\libgcc.a(mulsf3.o)
 .comment       0x0000000000000023       0x24 d:/intelfpga_lite/17.1/nios2eds/bin/gnu/h-x86_64-mingw32/bin/../lib/gcc/nios2-elf/5.3.0\libgcc.a(subsf3.o)
 .comment       0x0000000000000023       0x24 d:/intelfpga_lite/17.1/nios2eds/bin/gnu/h-x86_64-mingw32/bin/../lib/gcc/nios2-elf/5.3.0\libgcc.a(fixsfsi.o)
 .comment       0x0000000000000023       0x24 d:/intelfpga_lite/17.1/nios2eds/bin/gnu/h-x86_64-mingw32/bin/../lib/gcc/nios2-elf/5.3.0\libgcc.a(floatsisf.o)
 .comment       0x0000000000000023       0x24 d:/intelfpga_lite/17.1/nios2eds/bin/gnu/h-x86_64-mingw32/bin/../lib/gcc/nios2-elf/5.3.0\libgcc.a(adddf3.o)
 .comment       0x0000000000000023       0x24 d:/intelfpga_lite/17.1/nios2eds/bin/gnu/h-x86_64-mingw32/bin/../lib/gcc/nios2-elf/5.3.0\libgcc.a(muldf3.o)
 .comment       0x0000000000000023       0x24 d:/intelfpga_lite/17.1/nios2eds/bin/gnu/h-x86_64-mingw32/bin/../lib/gcc/nios2-elf/5.3.0\libgcc.a(extendsfdf2.o)
 .comment       0x0000000000000023       0x24 d:/intelfpga_lite/17.1/nios2eds/bin/gnu/h-x86_64-mingw32/bin/../lib/gcc/nios2-elf/5.3.0\libgcc.a(truncdfsf2.o)
 .comment       0x0000000000000023       0x24 d:/intelfpga_lite/17.1/nios2eds/bin/gnu/h-x86_64-mingw32/bin/../lib/gcc/nios2-elf/5.3.0\libgcc.a(_clzsi2.o)
 .comment       0x0000000000000023       0x24 d:/intelfpga_lite/17.1/nios2eds/bin/gnu/h-x86_64-mingw32/bin/../lib/gcc/nios2-elf/5.3.0\libgcc.a(_clz.o)
 .comment       0x0000000000000023       0x24 d:/intelfpga_lite/17.1/nios2eds/bin/gnu/h-x86_64-mingw32/bin/../lib/gcc/nios2-elf/5.3.0/../../../../../H-x86_64-mingw32/nios2-elf/lib\libc.a(lib_a-rand.o)
 .comment       0x0000000000000023       0x24 d:/intelfpga_lite/17.1/nios2eds/bin/gnu/h-x86_64-mingw32/bin/../lib/gcc/nios2-elf/5.3.0/../../../../../H-x86_64-mingw32/nios2-elf/lib\libc.a(lib_a-time.o)
 .comment       0x0000000000000023       0x24 d:/intelfpga_lite/17.1/nios2eds/bin/gnu/h-x86_64-mingw32/bin/../lib/gcc/nios2-elf/5.3.0/../../../../../H-x86_64-mingw32/nios2-elf/lib\libc.a(lib_a-gettimeofdayr.o)
 .comment       0x0000000000000023       0x24 d:/intelfpga_lite/17.1/nios2eds/bin/gnu/h-x86_64-mingw32/bin/../lib/gcc/nios2-elf/5.3.0/../../../../../H-x86_64-mingw32/nios2-elf/lib\libc.a(lib_a-impure.o)
 .comment       0x0000000000000023       0x24 d:/intelfpga_lite/17.1/nios2eds/bin/gnu/h-x86_64-mingw32/bin/../lib/gcc/nios2-elf/5.3.0/../../../../../H-x86_64-mingw32/nios2-elf/lib\libc.a(lib_a-int_errno.o)
 .comment       0x0000000000000023       0x24 d:/intelfpga_lite/17.1/nios2eds/bin/gnu/h-x86_64-mingw32/bin/../lib/gcc/nios2-elf/5.3.0\libgcc.a(_muldi3.o)
 .comment       0x0000000000000023       0x24 ../ECE_178_Project_app_bsp/\libhal_bsp.a(alt_gettod.o)
 .comment       0x0000000000000023       0x24 ../ECE_178_Project_app_bsp/\libhal_bsp.a(alt_iic.o)
 .comment       0x0000000000000023       0x24 ../ECE_178_Project_app_bsp/\libhal_bsp.a(alt_iic_isr_register.o)
 .comment       0x0000000000000023       0x24 ../ECE_178_Project_app_bsp/\libhal_bsp.a(alt_irq_handler.o)
 .comment       0x0000000000000023       0x24 ../ECE_178_Project_app_bsp/\libhal_bsp.a(alt_irq_vars.o)
 .comment       0x0000000000000023       0x24 ../ECE_178_Project_app_bsp/\libhal_bsp.a(alt_load.o)
 .comment       0x0000000000000023       0x24 ../ECE_178_Project_app_bsp/\libhal_bsp.a(alt_main.o)
 .comment       0x0000000000000023       0x24 ../ECE_178_Project_app_bsp/\libhal_bsp.a(alt_tick.o)
 .comment       0x0000000000000023       0x24 ../ECE_178_Project_app_bsp/\libhal_bsp.a(alt_sys_init.o)
 .comment       0x0000000000000023       0x24 ../ECE_178_Project_app_bsp/\libhal_bsp.a(Altera_UP_SD_Card_Avalon_Interface.o)
 .comment       0x0000000000000023       0x24 ../ECE_178_Project_app_bsp/\libhal_bsp.a(altera_avalon_jtag_uart_fd.o)
 .comment       0x0000000000000023       0x24 ../ECE_178_Project_app_bsp/\libhal_bsp.a(altera_avalon_jtag_uart_init.o)
 .comment       0x0000000000000023       0x24 ../ECE_178_Project_app_bsp/\libhal_bsp.a(altera_avalon_jtag_uart_ioctl.o)
 .comment       0x0000000000000023       0x24 ../ECE_178_Project_app_bsp/\libhal_bsp.a(altera_avalon_jtag_uart_read.o)
 .comment       0x0000000000000023       0x24 ../ECE_178_Project_app_bsp/\libhal_bsp.a(altera_avalon_jtag_uart_write.o)
 .comment       0x0000000000000023       0x24 ../ECE_178_Project_app_bsp/\libhal_bsp.a(altera_avalon_timer_sc.o)
 .comment       0x0000000000000023       0x24 ../ECE_178_Project_app_bsp/\libhal_bsp.a(altera_avalon_uart_fd.o)
 .comment       0x0000000000000023       0x24 ../ECE_178_Project_app_bsp/\libhal_bsp.a(altera_avalon_uart_init.o)
 .comment       0x0000000000000023       0x24 ../ECE_178_Project_app_bsp/\libhal_bsp.a(altera_avalon_uart_read.o)
 .comment       0x0000000000000023       0x24 ../ECE_178_Project_app_bsp/\libhal_bsp.a(altera_avalon_uart_write.o)
 .comment       0x0000000000000023       0x24 ../ECE_178_Project_app_bsp/\libhal_bsp.a(altera_up_avalon_video_pixel_buffer_dma.o)
 .comment       0x0000000000000023       0x24 ../ECE_178_Project_app_bsp/\libhal_bsp.a(alt_alarm_start.o)
 .comment       0x0000000000000023       0x24 ../ECE_178_Project_app_bsp/\libhal_bsp.a(alt_close.o)
 .comment       0x0000000000000023       0x24 ../ECE_178_Project_app_bsp/\libhal_bsp.a(alt_dcache_flush_all.o)
 .comment       0x0000000000000023       0x24 ../ECE_178_Project_app_bsp/\libhal_bsp.a(alt_dev.o)
 .comment       0x0000000000000023       0x24 ../ECE_178_Project_app_bsp/\libhal_bsp.a(alt_dev_llist_insert.o)
 .comment       0x0000000000000023       0x24 ../ECE_178_Project_app_bsp/\libhal_bsp.a(alt_do_ctors.o)
 .comment       0x0000000000000023       0x24 ../ECE_178_Project_app_bsp/\libhal_bsp.a(alt_do_dtors.o)
 .comment       0x0000000000000023       0x24 ../ECE_178_Project_app_bsp/\libhal_bsp.a(alt_errno.o)
 .comment       0x0000000000000023       0x24 ../ECE_178_Project_app_bsp/\libhal_bsp.a(alt_find_dev.o)
 .comment       0x0000000000000023       0x24 ../ECE_178_Project_app_bsp/\libhal_bsp.a(alt_icache_flush_all.o)
 .comment       0x0000000000000023       0x24 ../ECE_178_Project_app_bsp/\libhal_bsp.a(alt_io_redirect.o)
 .comment       0x0000000000000023       0x24 ../ECE_178_Project_app_bsp/\libhal_bsp.a(alt_open.o)
 .comment       0x0000000000000023       0x24 ../ECE_178_Project_app_bsp/\libhal_bsp.a(alt_release_fd.o)
 .comment       0x0000000000000023       0x24 ../ECE_178_Project_app_bsp/\libhal_bsp.a(altera_nios2_qsys_irq.o)
 .comment       0x0000000000000023       0x24 ../ECE_178_Project_app_bsp/\libhal_bsp.a(alt_find_file.o)
 .comment       0x0000000000000023       0x24 ../ECE_178_Project_app_bsp/\libhal_bsp.a(alt_get_fd.o)
 .comment       0x0000000000000023       0x24 ../ECE_178_Project_app_bsp/\libhal_bsp.a(alt_icache_flush.o)
 .comment       0x0000000000000023       0x24 d:/intelfpga_lite/17.1/nios2eds/bin/gnu/h-x86_64-mingw32/bin/../lib/gcc/nios2-elf/5.3.0/../../../../../H-x86_64-mingw32/nios2-elf/lib\libc.a(lib_a-atexit.o)
 .comment       0x0000000000000023       0x24 d:/intelfpga_lite/17.1/nios2eds/bin/gnu/h-x86_64-mingw32/bin/../lib/gcc/nios2-elf/5.3.0/../../../../../H-x86_64-mingw32/nios2-elf/lib\libc.a(lib_a-exit.o)
 .comment       0x0000000000000023       0x24 d:/intelfpga_lite/17.1/nios2eds/bin/gnu/h-x86_64-mingw32/bin/../lib/gcc/nios2-elf/5.3.0/../../../../../H-x86_64-mingw32/nios2-elf/lib\libc.a(lib_a-memcmp.o)
 .comment       0x0000000000000023       0x24 d:/intelfpga_lite/17.1/nios2eds/bin/gnu/h-x86_64-mingw32/bin/../lib/gcc/nios2-elf/5.3.0/../../../../../H-x86_64-mingw32/nios2-elf/lib\libc.a(lib_a-memcpy.o)
 .comment       0x0000000000000023       0x24 d:/intelfpga_lite/17.1/nios2eds/bin/gnu/h-x86_64-mingw32/bin/../lib/gcc/nios2-elf/5.3.0/../../../../../H-x86_64-mingw32/nios2-elf/lib\libc.a(lib_a-strlen.o)
 .comment       0x0000000000000023       0x24 d:/intelfpga_lite/17.1/nios2eds/bin/gnu/h-x86_64-mingw32/bin/../lib/gcc/nios2-elf/5.3.0/../../../../../H-x86_64-mingw32/nios2-elf/lib\libc.a(lib_a-__atexit.o)
 .comment       0x0000000000000023       0x24 d:/intelfpga_lite/17.1/nios2eds/bin/gnu/h-x86_64-mingw32/bin/../lib/gcc/nios2-elf/5.3.0/../../../../../H-x86_64-mingw32/nios2-elf/lib\libc.a(lib_a-__call_atexit.o)
 .comment       0x0000000000000023       0x24 d:/intelfpga_lite/17.1/nios2eds/bin/gnu/h-x86_64-mingw32/bin/../lib/gcc/nios2-elf/5.3.0\libgcc.a(_umoddi3.o)
 .comment       0x0000000000000023       0x24 d:/intelfpga_lite/17.1/nios2eds/bin/gnu/h-x86_64-mingw32/bin/../lib/gcc/nios2-elf/5.3.0\libgcc.a(lib2-divmod.o)
 .comment       0x0000000000000023       0x24 ../ECE_178_Project_app_bsp/\libhal_bsp.a(alt_exit.o)

.debug
 *(.debug)

.line
 *(.line)

.debug_srcinfo
 *(.debug_srcinfo)

.debug_sfnames
 *(.debug_sfnames)

.debug_aranges  0x0000000000000000      0x930
 *(.debug_aranges)
 .debug_aranges
                0x0000000000000000       0x28 ../ECE_178_Project_app_bsp//obj/HAL/src/crt0.o
 .debug_aranges
                0x0000000000000028       0x20 obj/default/main.o
 .debug_aranges
                0x0000000000000048       0x20 obj/default/piezo.o
 .debug_aranges
                0x0000000000000068       0x20 d:/intelfpga_lite/17.1/nios2eds/bin/gnu/h-x86_64-mingw32/bin/../lib/gcc/nios2-elf/5.3.0\libgcc.a(addsf3.o)
 .debug_aranges
                0x0000000000000088       0x20 d:/intelfpga_lite/17.1/nios2eds/bin/gnu/h-x86_64-mingw32/bin/../lib/gcc/nios2-elf/5.3.0\libgcc.a(divsf3.o)
 .debug_aranges
                0x00000000000000a8       0x20 d:/intelfpga_lite/17.1/nios2eds/bin/gnu/h-x86_64-mingw32/bin/../lib/gcc/nios2-elf/5.3.0\libgcc.a(gesf2.o)
 .debug_aranges
                0x00000000000000c8       0x20 d:/intelfpga_lite/17.1/nios2eds/bin/gnu/h-x86_64-mingw32/bin/../lib/gcc/nios2-elf/5.3.0\libgcc.a(lesf2.o)
 .debug_aranges
                0x00000000000000e8       0x20 d:/intelfpga_lite/17.1/nios2eds/bin/gnu/h-x86_64-mingw32/bin/../lib/gcc/nios2-elf/5.3.0\libgcc.a(mulsf3.o)
 .debug_aranges
                0x0000000000000108       0x20 d:/intelfpga_lite/17.1/nios2eds/bin/gnu/h-x86_64-mingw32/bin/../lib/gcc/nios2-elf/5.3.0\libgcc.a(subsf3.o)
 .debug_aranges
                0x0000000000000128       0x20 d:/intelfpga_lite/17.1/nios2eds/bin/gnu/h-x86_64-mingw32/bin/../lib/gcc/nios2-elf/5.3.0\libgcc.a(fixsfsi.o)
 .debug_aranges
                0x0000000000000148       0x20 d:/intelfpga_lite/17.1/nios2eds/bin/gnu/h-x86_64-mingw32/bin/../lib/gcc/nios2-elf/5.3.0\libgcc.a(floatsisf.o)
 .debug_aranges
                0x0000000000000168       0x20 d:/intelfpga_lite/17.1/nios2eds/bin/gnu/h-x86_64-mingw32/bin/../lib/gcc/nios2-elf/5.3.0\libgcc.a(adddf3.o)
 .debug_aranges
                0x0000000000000188       0x20 d:/intelfpga_lite/17.1/nios2eds/bin/gnu/h-x86_64-mingw32/bin/../lib/gcc/nios2-elf/5.3.0\libgcc.a(muldf3.o)
 .debug_aranges
                0x00000000000001a8       0x20 d:/intelfpga_lite/17.1/nios2eds/bin/gnu/h-x86_64-mingw32/bin/../lib/gcc/nios2-elf/5.3.0\libgcc.a(extendsfdf2.o)
 .debug_aranges
                0x00000000000001c8       0x20 d:/intelfpga_lite/17.1/nios2eds/bin/gnu/h-x86_64-mingw32/bin/../lib/gcc/nios2-elf/5.3.0\libgcc.a(truncdfsf2.o)
 .debug_aranges
                0x00000000000001e8       0x20 d:/intelfpga_lite/17.1/nios2eds/bin/gnu/h-x86_64-mingw32/bin/../lib/gcc/nios2-elf/5.3.0\libgcc.a(_clzsi2.o)
 .debug_aranges
                0x0000000000000208       0x18 d:/intelfpga_lite/17.1/nios2eds/bin/gnu/h-x86_64-mingw32/bin/../lib/gcc/nios2-elf/5.3.0\libgcc.a(_clz.o)
 .debug_aranges
                0x0000000000000220       0x28 d:/intelfpga_lite/17.1/nios2eds/bin/gnu/h-x86_64-mingw32/bin/../lib/gcc/nios2-elf/5.3.0/../../../../../H-x86_64-mingw32/nios2-elf/lib\libc.a(lib_a-rand.o)
 .debug_aranges
                0x0000000000000248       0x20 d:/intelfpga_lite/17.1/nios2eds/bin/gnu/h-x86_64-mingw32/bin/../lib/gcc/nios2-elf/5.3.0/../../../../../H-x86_64-mingw32/nios2-elf/lib\libc.a(lib_a-time.o)
 .debug_aranges
                0x0000000000000268       0x20 d:/intelfpga_lite/17.1/nios2eds/bin/gnu/h-x86_64-mingw32/bin/../lib/gcc/nios2-elf/5.3.0/../../../../../H-x86_64-mingw32/nios2-elf/lib\libc.a(lib_a-gettimeofdayr.o)
 .debug_aranges
                0x0000000000000288       0x18 d:/intelfpga_lite/17.1/nios2eds/bin/gnu/h-x86_64-mingw32/bin/../lib/gcc/nios2-elf/5.3.0/../../../../../H-x86_64-mingw32/nios2-elf/lib\libc.a(lib_a-impure.o)
 .debug_aranges
                0x00000000000002a0       0x18 d:/intelfpga_lite/17.1/nios2eds/bin/gnu/h-x86_64-mingw32/bin/../lib/gcc/nios2-elf/5.3.0/../../../../../H-x86_64-mingw32/nios2-elf/lib\libc.a(lib_a-int_errno.o)
 .debug_aranges
                0x00000000000002b8       0x20 d:/intelfpga_lite/17.1/nios2eds/bin/gnu/h-x86_64-mingw32/bin/../lib/gcc/nios2-elf/5.3.0\libgcc.a(_muldi3.o)
 .debug_aranges
                0x00000000000002d8       0x20 ../ECE_178_Project_app_bsp/\libhal_bsp.a(alt_gettod.o)
 .debug_aranges
                0x00000000000002f8       0x20 ../ECE_178_Project_app_bsp/\libhal_bsp.a(alt_iic.o)
 .debug_aranges
                0x0000000000000318       0x20 ../ECE_178_Project_app_bsp/\libhal_bsp.a(alt_iic_isr_register.o)
 .debug_aranges
                0x0000000000000338       0x30 ../ECE_178_Project_app_bsp/\libhal_bsp.a(alt_irq_entry.o)
 .debug_aranges
                0x0000000000000368       0x20 ../ECE_178_Project_app_bsp/\libhal_bsp.a(alt_irq_handler.o)
 .debug_aranges
                0x0000000000000388       0x18 ../ECE_178_Project_app_bsp/\libhal_bsp.a(alt_irq_vars.o)
 .debug_aranges
                0x00000000000003a0       0x20 ../ECE_178_Project_app_bsp/\libhal_bsp.a(alt_load.o)
 .debug_aranges
                0x00000000000003c0       0x20 ../ECE_178_Project_app_bsp/\libhal_bsp.a(alt_main.o)
 .debug_aranges
                0x00000000000003e0       0x20 ../ECE_178_Project_app_bsp/\libhal_bsp.a(alt_tick.o)
 .debug_aranges
                0x0000000000000400       0x20 ../ECE_178_Project_app_bsp/\libhal_bsp.a(alt_sys_init.o)
 .debug_aranges
                0x0000000000000420       0x20 ../ECE_178_Project_app_bsp/\libhal_bsp.a(Altera_UP_SD_Card_Avalon_Interface.o)
 .debug_aranges
                0x0000000000000440       0x20 ../ECE_178_Project_app_bsp/\libhal_bsp.a(altera_avalon_jtag_uart_fd.o)
 .debug_aranges
                0x0000000000000460       0x20 ../ECE_178_Project_app_bsp/\libhal_bsp.a(altera_avalon_jtag_uart_init.o)
 .debug_aranges
                0x0000000000000480       0x20 ../ECE_178_Project_app_bsp/\libhal_bsp.a(altera_avalon_jtag_uart_ioctl.o)
 .debug_aranges
                0x00000000000004a0       0x20 ../ECE_178_Project_app_bsp/\libhal_bsp.a(altera_avalon_jtag_uart_read.o)
 .debug_aranges
                0x00000000000004c0       0x20 ../ECE_178_Project_app_bsp/\libhal_bsp.a(altera_avalon_jtag_uart_write.o)
 .debug_aranges
                0x00000000000004e0       0x20 ../ECE_178_Project_app_bsp/\libhal_bsp.a(altera_avalon_timer_sc.o)
 .debug_aranges
                0x0000000000000500       0x20 ../ECE_178_Project_app_bsp/\libhal_bsp.a(altera_avalon_uart_fd.o)
 .debug_aranges
                0x0000000000000520       0x20 ../ECE_178_Project_app_bsp/\libhal_bsp.a(altera_avalon_uart_init.o)
 .debug_aranges
                0x0000000000000540       0x20 ../ECE_178_Project_app_bsp/\libhal_bsp.a(altera_avalon_uart_read.o)
 .debug_aranges
                0x0000000000000560       0x20 ../ECE_178_Project_app_bsp/\libhal_bsp.a(altera_avalon_uart_write.o)
 .debug_aranges
                0x0000000000000580       0x20 ../ECE_178_Project_app_bsp/\libhal_bsp.a(altera_up_avalon_video_pixel_buffer_dma.o)
 .debug_aranges
                0x00000000000005a0       0x20 ../ECE_178_Project_app_bsp/\libhal_bsp.a(alt_alarm_start.o)
 .debug_aranges
                0x00000000000005c0       0x20 ../ECE_178_Project_app_bsp/\libhal_bsp.a(alt_close.o)
 .debug_aranges
                0x00000000000005e0       0x20 ../ECE_178_Project_app_bsp/\libhal_bsp.a(alt_dcache_flush_all.o)
 .debug_aranges
                0x0000000000000600       0x20 ../ECE_178_Project_app_bsp/\libhal_bsp.a(alt_dev.o)
 .debug_aranges
                0x0000000000000620       0x20 ../ECE_178_Project_app_bsp/\libhal_bsp.a(alt_dev_llist_insert.o)
 .debug_aranges
                0x0000000000000640       0x20 ../ECE_178_Project_app_bsp/\libhal_bsp.a(alt_do_ctors.o)
 .debug_aranges
                0x0000000000000660       0x20 ../ECE_178_Project_app_bsp/\libhal_bsp.a(alt_do_dtors.o)
 .debug_aranges
                0x0000000000000680       0x18 ../ECE_178_Project_app_bsp/\libhal_bsp.a(alt_errno.o)
 .debug_aranges
                0x0000000000000698       0x38 ../ECE_178_Project_app_bsp/\libhal_bsp.a(alt_exception_entry.o)
 .debug_aranges
                0x00000000000006d0       0x20 ../ECE_178_Project_app_bsp/\libhal_bsp.a(alt_find_dev.o)
 .debug_aranges
                0x00000000000006f0       0x20 ../ECE_178_Project_app_bsp/\libhal_bsp.a(alt_icache_flush_all.o)
 .debug_aranges
                0x0000000000000710       0x20 ../ECE_178_Project_app_bsp/\libhal_bsp.a(alt_io_redirect.o)
 .debug_aranges
                0x0000000000000730       0x20 ../ECE_178_Project_app_bsp/\libhal_bsp.a(alt_open.o)
 .debug_aranges
                0x0000000000000750       0x20 ../ECE_178_Project_app_bsp/\libhal_bsp.a(alt_release_fd.o)
 .debug_aranges
                0x0000000000000770       0x20 ../ECE_178_Project_app_bsp/\libhal_bsp.a(altera_nios2_qsys_irq.o)
 .debug_aranges
                0x0000000000000790       0x20 ../ECE_178_Project_app_bsp/\libhal_bsp.a(alt_find_file.o)
 .debug_aranges
                0x00000000000007b0       0x20 ../ECE_178_Project_app_bsp/\libhal_bsp.a(alt_get_fd.o)
 .debug_aranges
                0x00000000000007d0       0x20 ../ECE_178_Project_app_bsp/\libhal_bsp.a(alt_icache_flush.o)
 .debug_aranges
                0x00000000000007f0       0x20 d:/intelfpga_lite/17.1/nios2eds/bin/gnu/h-x86_64-mingw32/bin/../lib/gcc/nios2-elf/5.3.0/../../../../../H-x86_64-mingw32/nios2-elf/lib\libc.a(lib_a-atexit.o)
 .debug_aranges
                0x0000000000000810       0x20 d:/intelfpga_lite/17.1/nios2eds/bin/gnu/h-x86_64-mingw32/bin/../lib/gcc/nios2-elf/5.3.0/../../../../../H-x86_64-mingw32/nios2-elf/lib\libc.a(lib_a-exit.o)
 .debug_aranges
                0x0000000000000830       0x20 d:/intelfpga_lite/17.1/nios2eds/bin/gnu/h-x86_64-mingw32/bin/../lib/gcc/nios2-elf/5.3.0/../../../../../H-x86_64-mingw32/nios2-elf/lib\libc.a(lib_a-memcmp.o)
 .debug_aranges
                0x0000000000000850       0x20 d:/intelfpga_lite/17.1/nios2eds/bin/gnu/h-x86_64-mingw32/bin/../lib/gcc/nios2-elf/5.3.0/../../../../../H-x86_64-mingw32/nios2-elf/lib\libc.a(lib_a-memcpy.o)
 .debug_aranges
                0x0000000000000870       0x20 d:/intelfpga_lite/17.1/nios2eds/bin/gnu/h-x86_64-mingw32/bin/../lib/gcc/nios2-elf/5.3.0/../../../../../H-x86_64-mingw32/nios2-elf/lib\libc.a(lib_a-strlen.o)
 .debug_aranges
                0x0000000000000890       0x20 d:/intelfpga_lite/17.1/nios2eds/bin/gnu/h-x86_64-mingw32/bin/../lib/gcc/nios2-elf/5.3.0/../../../../../H-x86_64-mingw32/nios2-elf/lib\libc.a(lib_a-__atexit.o)
 .debug_aranges
                0x00000000000008b0       0x20 d:/intelfpga_lite/17.1/nios2eds/bin/gnu/h-x86_64-mingw32/bin/../lib/gcc/nios2-elf/5.3.0/../../../../../H-x86_64-mingw32/nios2-elf/lib\libc.a(lib_a-__call_atexit.o)
 .debug_aranges
                0x00000000000008d0       0x20 d:/intelfpga_lite/17.1/nios2eds/bin/gnu/h-x86_64-mingw32/bin/../lib/gcc/nios2-elf/5.3.0\libgcc.a(_umoddi3.o)
 .debug_aranges
                0x00000000000008f0       0x20 d:/intelfpga_lite/17.1/nios2eds/bin/gnu/h-x86_64-mingw32/bin/../lib/gcc/nios2-elf/5.3.0\libgcc.a(lib2-divmod.o)
 .debug_aranges
                0x0000000000000910       0x20 ../ECE_178_Project_app_bsp/\libhal_bsp.a(alt_exit.o)

.debug_pubnames
 *(.debug_pubnames)

.debug_info     0x0000000000000000     0xfd70
 *(.debug_info .gnu.linkonce.wi.*)
 .debug_info    0x0000000000000000       0x85 ../ECE_178_Project_app_bsp//obj/HAL/src/crt0.o
 .debug_info    0x0000000000000085      0x7bc obj/default/main.o
 .debug_info    0x0000000000000841      0x1d3 obj/default/piezo.o
 .debug_info    0x0000000000000a14      0x2b7 d:/intelfpga_lite/17.1/nios2eds/bin/gnu/h-x86_64-mingw32/bin/../lib/gcc/nios2-elf/5.3.0\libgcc.a(addsf3.o)
 .debug_info    0x0000000000000ccb      0x2b7 d:/intelfpga_lite/17.1/nios2eds/bin/gnu/h-x86_64-mingw32/bin/../lib/gcc/nios2-elf/5.3.0\libgcc.a(divsf3.o)
 .debug_info    0x0000000000000f82      0x1d3 d:/intelfpga_lite/17.1/nios2eds/bin/gnu/h-x86_64-mingw32/bin/../lib/gcc/nios2-elf/5.3.0\libgcc.a(gesf2.o)
 .debug_info    0x0000000000001155      0x1d5 d:/intelfpga_lite/17.1/nios2eds/bin/gnu/h-x86_64-mingw32/bin/../lib/gcc/nios2-elf/5.3.0\libgcc.a(lesf2.o)
 .debug_info    0x000000000000132a      0x31d d:/intelfpga_lite/17.1/nios2eds/bin/gnu/h-x86_64-mingw32/bin/../lib/gcc/nios2-elf/5.3.0\libgcc.a(mulsf3.o)
 .debug_info    0x0000000000001647      0x2b7 d:/intelfpga_lite/17.1/nios2eds/bin/gnu/h-x86_64-mingw32/bin/../lib/gcc/nios2-elf/5.3.0\libgcc.a(subsf3.o)
 .debug_info    0x00000000000018fe      0x18b d:/intelfpga_lite/17.1/nios2eds/bin/gnu/h-x86_64-mingw32/bin/../lib/gcc/nios2-elf/5.3.0\libgcc.a(fixsfsi.o)
 .debug_info    0x0000000000001a89      0x1c7 d:/intelfpga_lite/17.1/nios2eds/bin/gnu/h-x86_64-mingw32/bin/../lib/gcc/nios2-elf/5.3.0\libgcc.a(floatsisf.o)
 .debug_info    0x0000000000001c50      0x4a2 d:/intelfpga_lite/17.1/nios2eds/bin/gnu/h-x86_64-mingw32/bin/../lib/gcc/nios2-elf/5.3.0\libgcc.a(adddf3.o)
 .debug_info    0x00000000000020f2      0x5f5 d:/intelfpga_lite/17.1/nios2eds/bin/gnu/h-x86_64-mingw32/bin/../lib/gcc/nios2-elf/5.3.0\libgcc.a(muldf3.o)
 .debug_info    0x00000000000026e7      0x248 d:/intelfpga_lite/17.1/nios2eds/bin/gnu/h-x86_64-mingw32/bin/../lib/gcc/nios2-elf/5.3.0\libgcc.a(extendsfdf2.o)
 .debug_info    0x000000000000292f      0x248 d:/intelfpga_lite/17.1/nios2eds/bin/gnu/h-x86_64-mingw32/bin/../lib/gcc/nios2-elf/5.3.0\libgcc.a(truncdfsf2.o)
 .debug_info    0x0000000000002b77      0x124 d:/intelfpga_lite/17.1/nios2eds/bin/gnu/h-x86_64-mingw32/bin/../lib/gcc/nios2-elf/5.3.0\libgcc.a(_clzsi2.o)
 .debug_info    0x0000000000002c9b       0xb2 d:/intelfpga_lite/17.1/nios2eds/bin/gnu/h-x86_64-mingw32/bin/../lib/gcc/nios2-elf/5.3.0\libgcc.a(_clz.o)
 .debug_info    0x0000000000002d4d      0x8d7 d:/intelfpga_lite/17.1/nios2eds/bin/gnu/h-x86_64-mingw32/bin/../lib/gcc/nios2-elf/5.3.0/../../../../../H-x86_64-mingw32/nios2-elf/lib\libc.a(lib_a-rand.o)
 .debug_info    0x0000000000003624      0x917 d:/intelfpga_lite/17.1/nios2eds/bin/gnu/h-x86_64-mingw32/bin/../lib/gcc/nios2-elf/5.3.0/../../../../../H-x86_64-mingw32/nios2-elf/lib\libc.a(lib_a-time.o)
 .debug_info    0x0000000000003f3b      0x938 d:/intelfpga_lite/17.1/nios2eds/bin/gnu/h-x86_64-mingw32/bin/../lib/gcc/nios2-elf/5.3.0/../../../../../H-x86_64-mingw32/nios2-elf/lib\libc.a(lib_a-gettimeofdayr.o)
 .debug_info    0x0000000000004873      0x8a1 d:/intelfpga_lite/17.1/nios2eds/bin/gnu/h-x86_64-mingw32/bin/../lib/gcc/nios2-elf/5.3.0/../../../../../H-x86_64-mingw32/nios2-elf/lib\libc.a(lib_a-impure.o)
 .debug_info    0x0000000000005114       0x8a d:/intelfpga_lite/17.1/nios2eds/bin/gnu/h-x86_64-mingw32/bin/../lib/gcc/nios2-elf/5.3.0/../../../../../H-x86_64-mingw32/nios2-elf/lib\libc.a(lib_a-int_errno.o)
 .debug_info    0x000000000000519e      0x1eb d:/intelfpga_lite/17.1/nios2eds/bin/gnu/h-x86_64-mingw32/bin/../lib/gcc/nios2-elf/5.3.0\libgcc.a(_muldi3.o)
 .debug_info    0x0000000000005389      0x1d9 ../ECE_178_Project_app_bsp/\libhal_bsp.a(alt_gettod.o)
 .debug_info    0x0000000000005562      0x350 ../ECE_178_Project_app_bsp/\libhal_bsp.a(alt_iic.o)
 .debug_info    0x00000000000058b2      0x1ef ../ECE_178_Project_app_bsp/\libhal_bsp.a(alt_iic_isr_register.o)
 .debug_info    0x0000000000005aa1       0x8e ../ECE_178_Project_app_bsp/\libhal_bsp.a(alt_irq_entry.o)
 .debug_info    0x0000000000005b2f      0x187 ../ECE_178_Project_app_bsp/\libhal_bsp.a(alt_irq_handler.o)
 .debug_info    0x0000000000005cb6       0x88 ../ECE_178_Project_app_bsp/\libhal_bsp.a(alt_irq_vars.o)
 .debug_info    0x0000000000005d3e      0x145 ../ECE_178_Project_app_bsp/\libhal_bsp.a(alt_load.o)
 .debug_info    0x0000000000005e83      0x131 ../ECE_178_Project_app_bsp/\libhal_bsp.a(alt_main.o)
 .debug_info    0x0000000000005fb4      0x299 ../ECE_178_Project_app_bsp/\libhal_bsp.a(alt_tick.o)
 .debug_info    0x000000000000624d      0x766 ../ECE_178_Project_app_bsp/\libhal_bsp.a(alt_sys_init.o)
 .debug_info    0x00000000000069b3     0x1798 ../ECE_178_Project_app_bsp/\libhal_bsp.a(Altera_UP_SD_Card_Avalon_Interface.o)
 .debug_info    0x000000000000814b      0x52e ../ECE_178_Project_app_bsp/\libhal_bsp.a(altera_avalon_jtag_uart_fd.o)
 .debug_info    0x0000000000008679      0x3a0 ../ECE_178_Project_app_bsp/\libhal_bsp.a(altera_avalon_jtag_uart_init.o)
 .debug_info    0x0000000000008a19      0x280 ../ECE_178_Project_app_bsp/\libhal_bsp.a(altera_avalon_jtag_uart_ioctl.o)
 .debug_info    0x0000000000008c99      0x345 ../ECE_178_Project_app_bsp/\libhal_bsp.a(altera_avalon_jtag_uart_read.o)
 .debug_info    0x0000000000008fde      0x340 ../ECE_178_Project_app_bsp/\libhal_bsp.a(altera_avalon_jtag_uart_write.o)
 .debug_info    0x000000000000931e      0x226 ../ECE_178_Project_app_bsp/\libhal_bsp.a(altera_avalon_timer_sc.o)
 .debug_info    0x0000000000009544      0x447 ../ECE_178_Project_app_bsp/\libhal_bsp.a(altera_avalon_uart_fd.o)
 .debug_info    0x000000000000998b      0x333 ../ECE_178_Project_app_bsp/\libhal_bsp.a(altera_avalon_uart_init.o)
 .debug_info    0x0000000000009cbe      0x319 ../ECE_178_Project_app_bsp/\libhal_bsp.a(altera_avalon_uart_read.o)
 .debug_info    0x0000000000009fd7      0x31e ../ECE_178_Project_app_bsp/\libhal_bsp.a(altera_avalon_uart_write.o)
 .debug_info    0x000000000000a2f5      0xaa3 ../ECE_178_Project_app_bsp/\libhal_bsp.a(altera_up_avalon_video_pixel_buffer_dma.o)
 .debug_info    0x000000000000ad98      0x2cc ../ECE_178_Project_app_bsp/\libhal_bsp.a(alt_alarm_start.o)
 .debug_info    0x000000000000b064      0x321 ../ECE_178_Project_app_bsp/\libhal_bsp.a(alt_close.o)
 .debug_info    0x000000000000b385       0xa5 ../ECE_178_Project_app_bsp/\libhal_bsp.a(alt_dcache_flush_all.o)
 .debug_info    0x000000000000b42a      0x49c ../ECE_178_Project_app_bsp/\libhal_bsp.a(alt_dev.o)
 .debug_info    0x000000000000b8c6      0x1a9 ../ECE_178_Project_app_bsp/\libhal_bsp.a(alt_dev_llist_insert.o)
 .debug_info    0x000000000000ba6f       0x83 ../ECE_178_Project_app_bsp/\libhal_bsp.a(alt_do_ctors.o)
 .debug_info    0x000000000000baf2       0x83 ../ECE_178_Project_app_bsp/\libhal_bsp.a(alt_do_dtors.o)
 .debug_info    0x000000000000bb75       0xa6 ../ECE_178_Project_app_bsp/\libhal_bsp.a(alt_errno.o)
 .debug_info    0x000000000000bc1b       0x94 ../ECE_178_Project_app_bsp/\libhal_bsp.a(alt_exception_entry.o)
 .debug_info    0x000000000000bcaf      0x2e9 ../ECE_178_Project_app_bsp/\libhal_bsp.a(alt_find_dev.o)
 .debug_info    0x000000000000bf98       0x92 ../ECE_178_Project_app_bsp/\libhal_bsp.a(alt_icache_flush_all.o)
 .debug_info    0x000000000000c02a      0x4a5 ../ECE_178_Project_app_bsp/\libhal_bsp.a(alt_io_redirect.o)
 .debug_info    0x000000000000c4cf      0x3bb ../ECE_178_Project_app_bsp/\libhal_bsp.a(alt_open.o)
 .debug_info    0x000000000000c88a      0x2b0 ../ECE_178_Project_app_bsp/\libhal_bsp.a(alt_release_fd.o)
 .debug_info    0x000000000000cb3a       0x92 ../ECE_178_Project_app_bsp/\libhal_bsp.a(altera_nios2_qsys_irq.o)
 .debug_info    0x000000000000cbcc      0x2e6 ../ECE_178_Project_app_bsp/\libhal_bsp.a(alt_find_file.o)
 .debug_info    0x000000000000ceb2      0x310 ../ECE_178_Project_app_bsp/\libhal_bsp.a(alt_get_fd.o)
 .debug_info    0x000000000000d1c2       0xdc ../ECE_178_Project_app_bsp/\libhal_bsp.a(alt_icache_flush.o)
 .debug_info    0x000000000000d29e       0xfe d:/intelfpga_lite/17.1/nios2eds/bin/gnu/h-x86_64-mingw32/bin/../lib/gcc/nios2-elf/5.3.0/../../../../../H-x86_64-mingw32/nios2-elf/lib\libc.a(lib_a-atexit.o)
 .debug_info    0x000000000000d39c      0x8e4 d:/intelfpga_lite/17.1/nios2eds/bin/gnu/h-x86_64-mingw32/bin/../lib/gcc/nios2-elf/5.3.0/../../../../../H-x86_64-mingw32/nios2-elf/lib\libc.a(lib_a-exit.o)
 .debug_info    0x000000000000dc80      0x11a d:/intelfpga_lite/17.1/nios2eds/bin/gnu/h-x86_64-mingw32/bin/../lib/gcc/nios2-elf/5.3.0/../../../../../H-x86_64-mingw32/nios2-elf/lib\libc.a(lib_a-memcmp.o)
 .debug_info    0x000000000000dd9a      0x144 d:/intelfpga_lite/17.1/nios2eds/bin/gnu/h-x86_64-mingw32/bin/../lib/gcc/nios2-elf/5.3.0/../../../../../H-x86_64-mingw32/nios2-elf/lib\libc.a(lib_a-memcpy.o)
 .debug_info    0x000000000000dede       0xe2 d:/intelfpga_lite/17.1/nios2eds/bin/gnu/h-x86_64-mingw32/bin/../lib/gcc/nios2-elf/5.3.0/../../../../../H-x86_64-mingw32/nios2-elf/lib\libc.a(lib_a-strlen.o)
 .debug_info    0x000000000000dfc0      0x934 d:/intelfpga_lite/17.1/nios2eds/bin/gnu/h-x86_64-mingw32/bin/../lib/gcc/nios2-elf/5.3.0/../../../../../H-x86_64-mingw32/nios2-elf/lib\libc.a(lib_a-__atexit.o)
 .debug_info    0x000000000000e8f4      0x965 d:/intelfpga_lite/17.1/nios2eds/bin/gnu/h-x86_64-mingw32/bin/../lib/gcc/nios2-elf/5.3.0/../../../../../H-x86_64-mingw32/nios2-elf/lib\libc.a(lib_a-__call_atexit.o)
 .debug_info    0x000000000000f259      0x765 d:/intelfpga_lite/17.1/nios2eds/bin/gnu/h-x86_64-mingw32/bin/../lib/gcc/nios2-elf/5.3.0\libgcc.a(_umoddi3.o)
 .debug_info    0x000000000000f9be      0x2c6 d:/intelfpga_lite/17.1/nios2eds/bin/gnu/h-x86_64-mingw32/bin/../lib/gcc/nios2-elf/5.3.0\libgcc.a(lib2-divmod.o)
 .debug_info    0x000000000000fc84       0xec ../ECE_178_Project_app_bsp/\libhal_bsp.a(alt_exit.o)

.debug_abbrev   0x0000000000000000     0x4f29
 *(.debug_abbrev)
 .debug_abbrev  0x0000000000000000       0x12 ../ECE_178_Project_app_bsp//obj/HAL/src/crt0.o
 .debug_abbrev  0x0000000000000012      0x1ed obj/default/main.o
 .debug_abbrev  0x00000000000001ff       0xe5 obj/default/piezo.o
 .debug_abbrev  0x00000000000002e4      0x13c d:/intelfpga_lite/17.1/nios2eds/bin/gnu/h-x86_64-mingw32/bin/../lib/gcc/nios2-elf/5.3.0\libgcc.a(addsf3.o)
 .debug_abbrev  0x0000000000000420      0x120 d:/intelfpga_lite/17.1/nios2eds/bin/gnu/h-x86_64-mingw32/bin/../lib/gcc/nios2-elf/5.3.0\libgcc.a(divsf3.o)
 .debug_abbrev  0x0000000000000540      0x128 d:/intelfpga_lite/17.1/nios2eds/bin/gnu/h-x86_64-mingw32/bin/../lib/gcc/nios2-elf/5.3.0\libgcc.a(gesf2.o)
 .debug_abbrev  0x0000000000000668      0x128 d:/intelfpga_lite/17.1/nios2eds/bin/gnu/h-x86_64-mingw32/bin/../lib/gcc/nios2-elf/5.3.0\libgcc.a(lesf2.o)
 .debug_abbrev  0x0000000000000790      0x12d d:/intelfpga_lite/17.1/nios2eds/bin/gnu/h-x86_64-mingw32/bin/../lib/gcc/nios2-elf/5.3.0\libgcc.a(mulsf3.o)
 .debug_abbrev  0x00000000000008bd      0x13a d:/intelfpga_lite/17.1/nios2eds/bin/gnu/h-x86_64-mingw32/bin/../lib/gcc/nios2-elf/5.3.0\libgcc.a(subsf3.o)
 .debug_abbrev  0x00000000000009f7      0x135 d:/intelfpga_lite/17.1/nios2eds/bin/gnu/h-x86_64-mingw32/bin/../lib/gcc/nios2-elf/5.3.0\libgcc.a(fixsfsi.o)
 .debug_abbrev  0x0000000000000b2c      0x147 d:/intelfpga_lite/17.1/nios2eds/bin/gnu/h-x86_64-mingw32/bin/../lib/gcc/nios2-elf/5.3.0\libgcc.a(floatsisf.o)
 .debug_abbrev  0x0000000000000c73      0x13a d:/intelfpga_lite/17.1/nios2eds/bin/gnu/h-x86_64-mingw32/bin/../lib/gcc/nios2-elf/5.3.0\libgcc.a(adddf3.o)
 .debug_abbrev  0x0000000000000dad      0x13f d:/intelfpga_lite/17.1/nios2eds/bin/gnu/h-x86_64-mingw32/bin/../lib/gcc/nios2-elf/5.3.0\libgcc.a(muldf3.o)
 .debug_abbrev  0x0000000000000eec      0x124 d:/intelfpga_lite/17.1/nios2eds/bin/gnu/h-x86_64-mingw32/bin/../lib/gcc/nios2-elf/5.3.0\libgcc.a(extendsfdf2.o)
 .debug_abbrev  0x0000000000001010      0x11b d:/intelfpga_lite/17.1/nios2eds/bin/gnu/h-x86_64-mingw32/bin/../lib/gcc/nios2-elf/5.3.0\libgcc.a(truncdfsf2.o)
 .debug_abbrev  0x000000000000112b       0xbe d:/intelfpga_lite/17.1/nios2eds/bin/gnu/h-x86_64-mingw32/bin/../lib/gcc/nios2-elf/5.3.0\libgcc.a(_clzsi2.o)
 .debug_abbrev  0x00000000000011e9       0x5d d:/intelfpga_lite/17.1/nios2eds/bin/gnu/h-x86_64-mingw32/bin/../lib/gcc/nios2-elf/5.3.0\libgcc.a(_clz.o)
 .debug_abbrev  0x0000000000001246      0x1e5 d:/intelfpga_lite/17.1/nios2eds/bin/gnu/h-x86_64-mingw32/bin/../lib/gcc/nios2-elf/5.3.0/../../../../../H-x86_64-mingw32/nios2-elf/lib\libc.a(lib_a-rand.o)
 .debug_abbrev  0x000000000000142b      0x1e6 d:/intelfpga_lite/17.1/nios2eds/bin/gnu/h-x86_64-mingw32/bin/../lib/gcc/nios2-elf/5.3.0/../../../../../H-x86_64-mingw32/nios2-elf/lib\libc.a(lib_a-time.o)
 .debug_abbrev  0x0000000000001611      0x1f5 d:/intelfpga_lite/17.1/nios2eds/bin/gnu/h-x86_64-mingw32/bin/../lib/gcc/nios2-elf/5.3.0/../../../../../H-x86_64-mingw32/nios2-elf/lib\libc.a(lib_a-gettimeofdayr.o)
 .debug_abbrev  0x0000000000001806      0x18f d:/intelfpga_lite/17.1/nios2eds/bin/gnu/h-x86_64-mingw32/bin/../lib/gcc/nios2-elf/5.3.0/../../../../../H-x86_64-mingw32/nios2-elf/lib\libc.a(lib_a-impure.o)
 .debug_abbrev  0x0000000000001995       0x37 d:/intelfpga_lite/17.1/nios2eds/bin/gnu/h-x86_64-mingw32/bin/../lib/gcc/nios2-elf/5.3.0/../../../../../H-x86_64-mingw32/nios2-elf/lib\libc.a(lib_a-int_errno.o)
 .debug_abbrev  0x00000000000019cc       0xef d:/intelfpga_lite/17.1/nios2eds/bin/gnu/h-x86_64-mingw32/bin/../lib/gcc/nios2-elf/5.3.0\libgcc.a(_muldi3.o)
 .debug_abbrev  0x0000000000001abb       0xf5 ../ECE_178_Project_app_bsp/\libhal_bsp.a(alt_gettod.o)
 .debug_abbrev  0x0000000000001bb0      0x163 ../ECE_178_Project_app_bsp/\libhal_bsp.a(alt_iic.o)
 .debug_abbrev  0x0000000000001d13      0x169 ../ECE_178_Project_app_bsp/\libhal_bsp.a(alt_iic_isr_register.o)
 .debug_abbrev  0x0000000000001e7c       0x12 ../ECE_178_Project_app_bsp/\libhal_bsp.a(alt_irq_entry.o)
 .debug_abbrev  0x0000000000001e8e      0x122 ../ECE_178_Project_app_bsp/\libhal_bsp.a(alt_irq_handler.o)
 .debug_abbrev  0x0000000000001fb0       0x40 ../ECE_178_Project_app_bsp/\libhal_bsp.a(alt_irq_vars.o)
 .debug_abbrev  0x0000000000001ff0       0x9f ../ECE_178_Project_app_bsp/\libhal_bsp.a(alt_load.o)
 .debug_abbrev  0x000000000000208f       0xba ../ECE_178_Project_app_bsp/\libhal_bsp.a(alt_main.o)
 .debug_abbrev  0x0000000000002149      0x15a ../ECE_178_Project_app_bsp/\libhal_bsp.a(alt_tick.o)
 .debug_abbrev  0x00000000000022a3      0x181 ../ECE_178_Project_app_bsp/\libhal_bsp.a(alt_sys_init.o)
 .debug_abbrev  0x0000000000002424      0x216 ../ECE_178_Project_app_bsp/\libhal_bsp.a(Altera_UP_SD_Card_Avalon_Interface.o)
 .debug_abbrev  0x000000000000263a      0x127 ../ECE_178_Project_app_bsp/\libhal_bsp.a(altera_avalon_jtag_uart_fd.o)