Archive member included to satisfy reference by file (symbol)

d:/intelfpga_lite/17.1/nios2eds/bin/gnu/h-x86_64-mingw32/bin/../lib/gcc/nios2-elf/5.3.0\libgcc.a(addsf3.o)
                              obj/default/main.o (__addsf3)
d:/intelfpga_lite/17.1/nios2eds/bin/gnu/h-x86_64-mingw32/bin/../lib/gcc/nios2-elf/5.3.0\libgcc.a(gesf2.o)
                              obj/default/main.o (__gesf2)
d:/intelfpga_lite/17.1/nios2eds/bin/gnu/h-x86_64-mingw32/bin/../lib/gcc/nios2-elf/5.3.0\libgcc.a(lesf2.o)
                              obj/default/main.o (__lesf2)
d:/intelfpga_lite/17.1/nios2eds/bin/gnu/h-x86_64-mingw32/bin/../lib/gcc/nios2-elf/5.3.0\libgcc.a(subsf3.o)
                              obj/default/main.o (__subsf3)
d:/intelfpga_lite/17.1/nios2eds/bin/gnu/h-x86_64-mingw32/bin/../lib/gcc/nios2-elf/5.3.0\libgcc.a(fixsfsi.o)
                              obj/default/main.o (__fixsfsi)
d:/intelfpga_lite/17.1/nios2eds/bin/gnu/h-x86_64-mingw32/bin/../lib/gcc/nios2-elf/5.3.0\libgcc.a(floatsisf.o)
                              obj/default/main.o (__floatsisf)
d:/intelfpga_lite/17.1/nios2eds/bin/gnu/h-x86_64-mingw32/bin/../lib/gcc/nios2-elf/5.3.0\libgcc.a(_clzsi2.o)
                              d:/intelfpga_lite/17.1/nios2eds/bin/gnu/h-x86_64-mingw32/bin/../lib/gcc/nios2-elf/5.3.0\libgcc.a(addsf3.o) (__clzsi2)
d:/intelfpga_lite/17.1/nios2eds/bin/gnu/h-x86_64-mingw32/bin/../lib/gcc/nios2-elf/5.3.0\libgcc.a(_clz.o)
                              d:/intelfpga_lite/17.1/nios2eds/bin/gnu/h-x86_64-mingw32/bin/../lib/gcc/nios2-elf/5.3.0\libgcc.a(_clzsi2.o) (__clz_tab)
../ECE_178_Project_app_bsp/\libhal_bsp.a(alt_iic.o)
                              obj/default/main.o (alt_ic_isr_register)
../ECE_178_Project_app_bsp/\libhal_bsp.a(alt_iic_isr_register.o)
                              ../ECE_178_Project_app_bsp/\libhal_bsp.a(alt_iic.o) (alt_iic_isr_register)
../ECE_178_Project_app_bsp/\libhal_bsp.a(alt_irq_entry.o)
                              ../ECE_178_Project_app_bsp/\libhal_bsp.a(alt_iic_isr_register.o) (alt_irq_entry)
../ECE_178_Project_app_bsp/\libhal_bsp.a(alt_irq_handler.o)
                              ../ECE_178_Project_app_bsp/\libhal_bsp.a(alt_iic_isr_register.o) (alt_irq)
../ECE_178_Project_app_bsp/\libhal_bsp.a(alt_irq_vars.o)
                              ../ECE_178_Project_app_bsp/\libhal_bsp.a(alt_iic.o) (alt_irq_active)
../ECE_178_Project_app_bsp/\libhal_bsp.a(alt_load.o)
                              ../ECE_178_Project_app_bsp//obj/HAL/src/crt0.o (alt_load)
../ECE_178_Project_app_bsp/\libhal_bsp.a(alt_main.o)
                              ../ECE_178_Project_app_bsp//obj/HAL/src/crt0.o (alt_main)
../ECE_178_Project_app_bsp/\libhal_bsp.a(alt_sys_init.o)
                              ../ECE_178_Project_app_bsp/\libhal_bsp.a(alt_main.o) (alt_irq_init)
../ECE_178_Project_app_bsp/\libhal_bsp.a(altera_avalon_jtag_uart_fd.o)
                              ../ECE_178_Project_app_bsp/\libhal_bsp.a(alt_sys_init.o) (altera_avalon_jtag_uart_read_fd)
../ECE_178_Project_app_bsp/\libhal_bsp.a(altera_avalon_jtag_uart_init.o)
                              ../ECE_178_Project_app_bsp/\libhal_bsp.a(alt_sys_init.o) (altera_avalon_jtag_uart_init)
../ECE_178_Project_app_bsp/\libhal_bsp.a(altera_avalon_jtag_uart_ioctl.o)
                              ../ECE_178_Project_app_bsp/\libhal_bsp.a(altera_avalon_jtag_uart_fd.o) (altera_avalon_jtag_uart_ioctl)
../ECE_178_Project_app_bsp/\libhal_bsp.a(altera_avalon_jtag_uart_read.o)
                              ../ECE_178_Project_app_bsp/\libhal_bsp.a(altera_avalon_jtag_uart_fd.o) (altera_avalon_jtag_uart_read)
../ECE_178_Project_app_bsp/\libhal_bsp.a(altera_avalon_jtag_uart_write.o)
                              ../ECE_178_Project_app_bsp/\libhal_bsp.a(altera_avalon_jtag_uart_fd.o) (altera_avalon_jtag_uart_write)
../ECE_178_Project_app_bsp/\libhal_bsp.a(altera_avalon_timer_sc.o)
                              ../ECE_178_Project_app_bsp/\libhal_bsp.a(alt_sys_init.o) (alt_avalon_timer_sc_init)
../ECE_178_Project_app_bsp/\libhal_bsp.a(altera_up_avalon_video_pixel_buffer_dma.o)
                              obj/default/main.o (alt_up_pixel_buffer_dma_open_dev)
../ECE_178_Project_app_bsp/\libhal_bsp.a(alt_alarm_start.o)
                              ../ECE_178_Project_app_bsp/\libhal_bsp.a(altera_avalon_jtag_uart_init.o) (alt_alarm_start)
../ECE_178_Project_app_bsp/\libhal_bsp.a(alt_close.o)
                              ../ECE_178_Project_app_bsp/\libhal_bsp.a(alt_main.o) (close)
../ECE_178_Project_app_bsp/\libhal_bsp.a(alt_dcache_flush_all.o)
                              ../ECE_178_Project_app_bsp/\libhal_bsp.a(alt_load.o) (alt_dcache_flush_all)
../ECE_178_Project_app_bsp/\libhal_bsp.a(alt_dev.o)
                              ../ECE_178_Project_app_bsp/\libhal_bsp.a(alt_sys_init.o) (alt_dev_list)
../ECE_178_Project_app_bsp/\libhal_bsp.a(alt_dev_llist_insert.o)
                              ../ECE_178_Project_app_bsp/\libhal_bsp.a(alt_sys_init.o) (alt_dev_llist_insert)
[...]
Memory Configuration

Name             Origin             Length             Attributes
reset            0x0000000000000000 0x0000000000000020
sdram_controller 0x0000000000000020 0x0000000007ffffe0
*default*        0x0000000000000000 0xffffffffffffffff

Linker script and memory map

LOAD ../ECE_178_Project_app_bsp//obj/HAL/src/crt0.o
LOAD obj/default/main.o
LOAD d:/intelfpga_lite/17.1/nios2eds/bin/gnu/h-x86_64-mingw32/bin/../lib/gcc/nios2-elf/5.3.0/../../../../../H-x86_64-mingw32/nios2-elf/lib\libstdc++.a
LOAD d:/intelfpga_lite/17.1/nios2eds/bin/gnu/h-x86_64-mingw32/bin/../lib/gcc/nios2-elf/5.3.0/../../../../../H-x86_64-mingw32/nios2-elf/lib\libm.a
LOAD d:/intelfpga_lite/17.1/nios2eds/bin/gnu/h-x86_64-mingw32/bin/../lib/gcc/nios2-elf/5.3.0\libgcc.a
START GROUP
LOAD d:/intelfpga_lite/17.1/nios2eds/bin/gnu/h-x86_64-mingw32/bin/../lib/gcc/nios2-elf/5.3.0/../../../../../H-x86_64-mingw32/nios2-elf/lib\libc.a
LOAD d:/intelfpga_lite/17.1/nios2eds/bin/gnu/h-x86_64-mingw32/bin/../lib/gcc/nios2-elf/5.3.0\libgcc.a
LOAD ../ECE_178_Project_app_bsp/\libhal_bsp.a
LOAD d:/intelfpga_lite/17.1/nios2eds/bin/gnu/h-x86_64-mingw32/bin/../lib/gcc/nios2-elf/5.3.0/../../../../../H-x86_64-mingw32/nios2-elf/lib\libm.a
END GROUP
LOAD d:/intelfpga_lite/17.1/nios2eds/bin/gnu/h-x86_64-mingw32/bin/../lib/gcc/nios2-elf/5.3.0\libgcc.a
                0x0000000000000000                __alt_mem_sdram_controller = 0x0

.entry          0x0000000000000000       0x20
 *(.entry)
 .entry         0x0000000000000000       0x20 ../ECE_178_Project_app_bsp//obj/HAL/src/crt0.o
                0x0000000000000000                __reset

.exceptions     0x0000000000000020      0x1a0
                0x0000000000000020                PROVIDE (__ram_exceptions_start, ABSOLUTE (.))
                0x0000000000000020                . = ALIGN (0x20)
 *(.irq)
 *(.exceptions.entry.label)
 .exceptions.entry.label
                0x0000000000000020        0x0 ../ECE_178_Project_app_bsp/\libhal_bsp.a(alt_irq_entry.o)
                0x0000000000000020                alt_irq_entry
 .exceptions.entry.label
                0x0000000000000020        0x0 ../ECE_178_Project_app_bsp/\libhal_bsp.a(alt_exception_entry.o)
                0x0000000000000020                alt_exception
 *(.exceptions.entry.user)
 *(.exceptions.entry.ecc_fatal)
 *(.exceptions.entry)
 .exceptions.entry
                0x0000000000000020       0x54 ../ECE_178_Project_app_bsp/\libhal_bsp.a(alt_exception_entry.o)
 *(.exceptions.irqtest.user)
 *(.exceptions.irqtest)
 .exceptions.irqtest
                0x0000000000000074       0x10 ../ECE_178_Project_app_bsp/\libhal_bsp.a(alt_irq_entry.o)
 *(.exceptions.irqhandler.user)
 *(.exceptions.irqhandler)
 .exceptions.irqhandler
                0x0000000000000084        0x4 ../ECE_178_Project_app_bsp/\libhal_bsp.a(alt_irq_entry.o)
 *(.exceptions.irqreturn.user)
 *(.exceptions.irqreturn)
 .exceptions.irqreturn
                0x0000000000000088        0x4 ../ECE_178_Project_app_bsp/\libhal_bsp.a(alt_irq_entry.o)
 *(.exceptions.notirq.label)
 .exceptions.notirq.label
                0x000000000000008c        0x0 ../ECE_178_Project_app_bsp/\libhal_bsp.a(alt_irq_entry.o)
 *(.exceptions.notirq.user)
 *(.exceptions.notirq)
 .exceptions.notirq
                0x000000000000008c        0x8 ../ECE_178_Project_app_bsp/\libhal_bsp.a(alt_exception_entry.o)
 *(.exceptions.soft.user)
 *(.exceptions.soft)
 *(.exceptions.unknown.user)
 *(.exceptions.unknown)
 .exceptions.unknown
                0x0000000000000094        0x4 ../ECE_178_Project_app_bsp/\libhal_bsp.a(alt_exception_entry.o)
 *(.exceptions.exit.label)
 .exceptions.exit.label
                0x0000000000000098        0x0 ../ECE_178_Project_app_bsp/\libhal_bsp.a(alt_irq_entry.o)
 .exceptions.exit.label
                0x0000000000000098        0x0 ../ECE_178_Project_app_bsp/\libhal_bsp.a(alt_exception_entry.o)
 *(.exceptions.exit.user)
 *(.exceptions.exit)
 .exceptions.exit
                0x0000000000000098       0x54 ../ECE_178_Project_app_bsp/\libhal_bsp.a(alt_exception_entry.o)
 *(.exceptions)
 .exceptions    0x00000000000000ec       0xd4 ../ECE_178_Project_app_bsp/\libhal_bsp.a(alt_irq_handler.o)
                0x00000000000000ec                alt_irq_handler
                0x00000000000001c0                PROVIDE (__ram_exceptions_end, ABSOLUTE (.))
                0x0000000000000020                PROVIDE (__flash_exceptions_start, LOADADDR (.exceptions))

.text           0x00000000000001c0     0x53d4
                [!provide]                        PROVIDE (stext, ABSOLUTE (.))
 *(.interp)
 *(.hash)
 *(.dynsym)
 *(.dynstr)
 *(.gnu.version)
 *(.gnu.version_d)
 *(.gnu.version_r)
 *(.rel.init)
 *(.rela.init)
 *(.rel.text .rel.text.* .rel.gnu.linkonce.t.*)
 *(.rela.text .rela.text.* .rela.gnu.linkonce.t.*)
 *(.rel.fini)
 *(.rela.fini)
 *(.rel.rodata .rel.rodata.* .rel.gnu.linkonce.r.*)
 *(.rela.rodata .rela.rodata.* .rela.gnu.linkonce.r.*)
 *(.rel.data .rel.data.* .rel.gnu.linkonce.d.*)
 *(.rela.data .rela.data.* .rela.gnu.linkonce.d.*)
 *(.rel.tdata .rel.tdata.* .rel.gnu.linkonce.td.*)
 *(.rela.tdata .rela.tdata.* .rela.gnu.linkonce.td.*)
 *(.rel.tbss .rel.tbss.* .rel.gnu.linkonce.tb.*)
 *(.rela.tbss .rela.tbss.* .rela.gnu.linkonce.tb.*)
 *(.rel.ctors)
 *(.rela.ctors)
 *(.rel.dtors)
 *(.rela.dtors)
 *(.rel.got)
 *(.rela.got)
 *(.rel.sdata .rel.sdata.* .rel.gnu.linkonce.s.*)
 *(.rela.sdata .rela.sdata.* .rela.gnu.linkonce.s.*)
 *(.rel.sbss .rel.sbss.* .rel.gnu.linkonce.sb.*)
 *(.rela.sbss .rela.sbss.* .rela.gnu.linkonce.sb.*)
 *(.rel.sdata2 .rel.sdata2.* .rel.gnu.linkonce.s2.*)
 *(.rela.sdata2 .rela.sdata2.* .rela.gnu.linkonce.s2.*)
 *(.rel.sbss2 .rel.sbss2.* .rel.gnu.linkonce.sb2.*)
 *(.rela.sbss2 .rela.sbss2.* .rela.gnu.linkonce.sb2.*)
 *(.rel.bss .rel.bss.* .rel.gnu.linkonce.b.*)
 *(.rela.bss .rela.bss.* .rela.gnu.linkonce.b.*)
 *(.rel.plt)
 *(.rela.plt)
 *(.rel.dyn)
 *(.init)
 *(.plt)
 *(.text .stub .text.* .gnu.linkonce.t.*)
 .text          0x00000000000001c0       0x4c ../ECE_178_Project_app_bsp//obj/HAL/src/crt0.o
                0x00000000000001c0                _start
 .text          0x000000000000020c     0x1240 obj/default/main.o
                0x000000000000020c                main
                0x0000000000000368                timer_isr
                0x00000000000003b0                inPaddleBound
                0x000000000000046c                resetObjects
                0x0000000000000680                updateBallPos
                0x00000000000008a4                updatePaddlePos
                0x0000000000000b38                draw
                0x0000000000000b8c                drawBall
                0x0000000000000e1c                drawPaddles
 .text          0x000000000000144c      0x4c8 d:/intelfpga_lite/17.1/nios2eds/bin/gnu/h-x86_64-mingw32/bin/../lib/gcc/nios2-elf/5.3.0\libgcc.a(addsf3.o)
                0x000000000000144c                __addsf3
 .text          0x0000000000001914       0xbc d:/intelfpga_lite/17.1/nios2eds/bin/gnu/h-x86_64-mingw32/bin/../lib/gcc/nios2-elf/5.3.0\libgcc.a(gesf2.o)
                0x0000000000001914                __gesf2
                0x0000000000001914                __gtsf2
 .text          0x00000000000019d0       0xc8 d:/intelfpga_lite/17.1/nios2eds/bin/gnu/h-x86_64-mingw32/bin/../lib/gcc/nios2-elf/5.3.0\libgcc.a(lesf2.o)
                0x00000000000019d0                __ltsf2
                0x00000000000019d0                __lesf2
 .text          0x0000000000001a98      0x4e4 d:/intelfpga_lite/17.1/nios2eds/bin/gnu/h-x86_64-mingw32/bin/../lib/gcc/nios2-elf/5.3.0\libgcc.a(subsf3.o)
                0x0000000000001a98                __subsf3
 .text          0x0000000000001f7c       0x70 d:/intelfpga_lite/17.1/nios2eds/bin/gnu/h-x86_64-mingw32/bin/../lib/gcc/nios2-elf/5.3.0\libgcc.a(fixsfsi.o)
                0x0000000000001f7c                __fixsfsi
 .text          0x0000000000001fec      0x124 d:/intelfpga_lite/17.1/nios2eds/bin/gnu/h-x86_64-mingw32/bin/../lib/gcc/nios2-elf/5.3.0\libgcc.a(floatsisf.o)
                0x0000000000001fec                __floatsisf
 .text          0x0000000000002110       0x64 d:/intelfpga_lite/17.1/nios2eds/bin/gnu/h-x86_64-mingw32/bin/../lib/gcc/nios2-elf/5.3.0\libgcc.a(_clzsi2.o)
                0x0000000000002110                __clzsi2
 .text          0x0000000000002174        0x0 d:/intelfpga_lite/17.1/nios2eds/bin/gnu/h-x86_64-mingw32/bin/../lib/gcc/nios2-elf/5.3.0\libgcc.a(_clz.o)
 .text          0x0000000000002174      0x1b0 ../ECE_178_Project_app_bsp/\libhal_bsp.a(alt_iic.o)
                0x0000000000002174                alt_ic_isr_register
                0x00000000000021c4                alt_ic_irq_enable
                0x000000000000224c                alt_ic_irq_disable
                0x00000000000022d8                alt_ic_irq_enabled
 .text          0x0000000000002324       0xf0 ../ECE_178_Project_app_bsp/\libhal_bsp.a(alt_iic_isr_register.o)
                0x0000000000002324                alt_iic_isr_register
 .text          0x0000000000002414        0x0 ../ECE_178_Project_app_bsp/\libhal_bsp.a(alt_irq_entry.o)
 .text          0x0000000000002414        0x0 ../ECE_178_Project_app_bsp/\libhal_bsp.a(alt_irq_handler.o)
 .text          0x0000000000002414        0x0 ../ECE_178_Project_app_bsp/\libhal_bsp.a(alt_irq_vars.o)
 .text          0x0000000000002414       0xec ../ECE_178_Project_app_bsp/\libhal_bsp.a(alt_load.o)
                0x000000000000247c                alt_load
 .text          0x0000000000002500       0x7c ../ECE_178_Project_app_bsp/\libhal_bsp.a(alt_main.o)
                0x0000000000002500                alt_main
 .text          0x000000000000257c      0x388 ../ECE_178_Project_app_bsp/\libhal_bsp.a(alt_sys_init.o)
                0x00000000000025b0                alt_irq_init
                0x00000000000025e8                alt_sys_init
 .text          0x0000000000002904      0x164 ../ECE_178_Project_app_bsp/\libhal_bsp.a(altera_avalon_jtag_uart_fd.o)
                0x0000000000002904                altera_avalon_jtag_uart_read_fd
                0x0000000000002964                altera_avalon_jtag_uart_write_fd
                0x00000000000029c4                altera_avalon_jtag_uart_close_fd
                0x0000000000002a14                altera_avalon_jtag_uart_ioctl_fd
 .text          0x0000000000002a68      0x3d4 ../ECE_178_Project_app_bsp/\libhal_bsp.a(altera_avalon_jtag_uart_init.o)
                0x0000000000002a68                altera_avalon_jtag_uart_init
                0x0000000000002dd4                altera_avalon_jtag_uart_close
 .text          0x0000000000002e3c       0xf0 ../ECE_178_Project_app_bsp/\libhal_bsp.a(altera_avalon_jtag_uart_ioctl.o)
                0x0000000000002e3c                altera_avalon_jtag_uart_ioctl
 .text          0x0000000000002f2c      0x21c ../ECE_178_Project_app_bsp/\libhal_bsp.a(altera_avalon_jtag_uart_read.o)
                0x0000000000002f2c                altera_avalon_jtag_uart_read
 .text          0x0000000000003148      0x224 ../ECE_178_Project_app_bsp/\libhal_bsp.a(altera_avalon_jtag_uart_write.o)
                0x0000000000003148                altera_avalon_jtag_uart_write
 .text          0x000000000000336c       0xf4 ../ECE_178_Project_app_bsp/\libhal_bsp.a(altera_avalon_timer_sc.o)
                0x00000000000033e4                alt_avalon_timer_sc_init
 .text          0x0000000000003460      0xeb4 ../ECE_178_Project_app_bsp/\libhal_bsp.a(altera_up_avalon_video_pixel_buffer_dma.o)
                0x0000000000003460                alt_up_pixel_buffer_dma_open_dev
                0x000000000000349c                alt_up_pixel_buffer_dma_draw
                0x0000000000003630                alt_up_pixel_buffer_dma_change_back_buffer_address
                0x000000000000368c                alt_up_pixel_buffer_dma_swap_buffers
                0x00000000000036ec                alt_up_pixel_buffer_dma_check_swap_buffers_status
                0x0000000000003720                alt_up_pixel_buffer_dma_clear_screen
                0x0000000000003848                alt_up_pixel_buffer_dma_draw_box
                0x0000000000003b24                alt_up_pixel_buffer_dma_draw_hline
                0x0000000000003d34                alt_up_pixel_buffer_dma_draw_vline
                0x0000000000003f80                alt_up_pixel_buffer_dma_draw_rectangle
                0x0000000000004048                helper_plot_pixel
                0x00000000000040cc                alt_up_pixel_buffer_dma_draw_line
 .text          0x0000000000004314      0x12c ../ECE_178_Project_app_bsp/\libhal_bsp.a(alt_alarm_start.o)
                0x0000000000004314                alt_alarm_start
 .text          0x0000000000004440      0x10c ../ECE_178_Project_app_bsp/\libhal_bsp.a(alt_close.o)
                0x000000000000447c                close
 .text          0x000000000000454c       0x48 ../ECE_178_Project_app_bsp/\libhal_bsp.a(alt_dcache_flush_all.o)
                0x000000000000454c                alt_dcache_flush_all
 .text          0x0000000000004594       0x2c ../ECE_178_Project_app_bsp/\libhal_bsp.a(alt_dev.o)
 .text          0x00000000000045c0       0xe0 ../ECE_178_Project_app_bsp/\libhal_bsp.a(alt_dev_llist_insert.o)
                0x00000000000045fc                alt_dev_llist_insert
 .text          0x00000000000046a0       0x60 ../ECE_178_Project_app_bsp/\libhal_bsp.a(alt_do_ctors.o)
                0x00000000000046a0                _do_ctors
 .text          0x0000000000004700       0x60 ../ECE_178_Project_app_bsp/\libhal_bsp.a(alt_do_dtors.o)
                0x0000000000004700                _do_dtors
 .text          0x0000000000004760        0x0 ../ECE_178_Project_app_bsp/\libhal_bsp.a(alt_errno.o)
 .text          0x0000000000004760        0x0 ../ECE_178_Project_app_bsp/\libhal_bsp.a(alt_exception_entry.o)
 .text          0x0000000000004760       0x90 ../ECE_178_Project_app_bsp/\libhal_bsp.a(alt_find_dev.o)
                0x0000000000004760                alt_find_dev
 .text          0x00000000000047f0       0x34 ../ECE_178_Project_app_bsp/\libhal_bsp.a(alt_icache_flush_all.o)
                0x00000000000047f0                alt_icache_flush_all
 .text          0x0000000000004824      0x140 ../ECE_178_Project_app_bsp/\libhal_bsp.a(alt_io_redirect.o)
                0x00000000000048e8                alt_io_redirect
 .text          0x0000000000004964      0x254 ../ECE_178_Project_app_bsp/\libhal_bsp.a(alt_open.o)
                0x0000000000004a64                open
 .text          0x0000000000004bb8       0x64 ../ECE_178_Project_app_bsp/\libhal_bsp.a(alt_release_fd.o)
                0x0000000000004bb8                alt_release_fd
 .text          0x0000000000004c1c      0x1a4 ../ECE_178_Project_app_bsp/\libhal_bsp.a(alt_tick.o)
                0x0000000000004c1c                alt_alarm_stop
                0x0000000000004cb8                alt_tick
 .text          0x0000000000004dc0       0x24 ../ECE_178_Project_app_bsp/\libhal_bsp.a(altera_nios2_qsys_irq.o)
                0x0000000000004dc0                altera_nios2_qsys_irq_init
 .text          0x0000000000004de4      0x108 ../ECE_178_Project_app_bsp/\libhal_bsp.a(alt_find_file.o)
                0x0000000000004de4                alt_find_file
 .text          0x0000000000004eec       0xa4 ../ECE_178_Project_app_bsp/\libhal_bsp.a(alt_get_fd.o)
                0x0000000000004eec                alt_get_fd
 .text          0x0000000000004f90       0x90 ../ECE_178_Project_app_bsp/\libhal_bsp.a(alt_icache_flush.o)
                0x0000000000004f90                alt_icache_flush
 .text          0x0000000000005020        0x0 d:/intelfpga_lite/17.1/nios2eds/bin/gnu/h-x86_64-mingw32/bin/../lib/gcc/nios2-elf/5.3.0/../../../../../H-x86_64-mingw32/nios2-elf/lib\libc.a(lib_a-atexit.o)
 .text.atexit   0x0000000000005020       0x14 d:/intelfpga_lite/17.1/nios2eds/bin/gnu/h-x86_64-mingw32/bin/../lib/gcc/nios2-elf/5.3.0/../../../../../H-x86_64-mingw32/nios2-elf/lib\libc.a(lib_a-atexit.o)
                0x0000000000005020                atexit
 .text          0x0000000000005034        0x0 d:/intelfpga_lite/17.1/nios2eds/bin/gnu/h-x86_64-mingw32/bin/../lib/gcc/nios2-elf/5.3.0/../../../../../H-x86_64-mingw32/nios2-elf/lib\libc.a(lib_a-exit.o)
 .text.exit     0x0000000000005034       0x38 d:/intelfpga_lite/17.1/nios2eds/bin/gnu/h-x86_64-mingw32/bin/../lib/gcc/nios2-elf/5.3.0/../../../../../H-x86_64-mingw32/nios2-elf/lib\libc.a(lib_a-exit.o)
                0x0000000000005034                exit
 .text          0x000000000000506c        0x0 d:/intelfpga_lite/17.1/nios2eds/bin/gnu/h-x86_64-mingw32/bin/../lib/gcc/nios2-elf/5.3.0/../../../../../H-x86_64-mingw32/nios2-elf/lib\libc.a(lib_a-impure.o)
 .text          0x000000000000506c        0x0 d:/intelfpga_lite/17.1/nios2eds/bin/gnu/h-x86_64-mingw32/bin/../lib/gcc/nios2-elf/5.3.0/../../../../../H-x86_64-mingw32/nios2-elf/lib\libc.a(lib_a-int_errno.o)
 .text          0x000000000000506c        0x0 d:/intelfpga_lite/17.1/nios2eds/bin/gnu/h-x86_64-mingw32/bin/../lib/gcc/nios2-elf/5.3.0/../../../../../H-x86_64-mingw32/nios2-elf/lib\libc.a(lib_a-memcmp.o)
 .text.memcmp   0x000000000000506c       0x7c d:/intelfpga_lite/17.1/nios2eds/bin/gnu/h-x86_64-mingw32/bin/../lib/gcc/nios2-elf/5.3.0/../../../../../H-x86_64-mingw32/nios2-elf/lib\libc.a(lib_a-memcmp.o)
                0x000000000000506c                memcmp
 .text          0x00000000000050e8        0x0 d:/intelfpga_lite/17.1/nios2eds/bin/gnu/h-x86_64-mingw32/bin/../lib/gcc/nios2-elf/5.3.0/../../../../../H-x86_64-mingw32/nios2-elf/lib\libc.a(lib_a-memcpy.o)
 .text.memcpy   0x00000000000050e8      0x148 d:/intelfpga_lite/17.1/nios2eds/bin/gnu/h-x86_64-mingw32/bin/../lib/gcc/nios2-elf/5.3.0/../../../../../H-x86_64-mingw32/nios2-elf/lib\libc.a(lib_a-memcpy.o)
                0x00000000000050e8                memcpy
 .text          0x0000000000005230        0x0 d:/intelfpga_lite/17.1/nios2eds/bin/gnu/h-x86_64-mingw32/bin/../lib/gcc/nios2-elf/5.3.0/../../../../../H-x86_64-mingw32/nios2-elf/lib\libc.a(lib_a-strlen.o)
 .text.strlen   0x0000000000005230       0x98 d:/intelfpga_lite/17.1/nios2eds/bin/gnu/h-x86_64-mingw32/bin/../lib/gcc/nios2-elf/5.3.0/../../../../../H-x86_64-mingw32/nios2-elf/lib\libc.a(lib_a-strlen.o)
                0x0000000000005230                strlen
 .text          0x00000000000052c8        0x0 d:/intelfpga_lite/17.1/nios2eds/bin/gnu/h-x86_64-mingw32/bin/../lib/gcc/nios2-elf/5.3.0/../../../../../H-x86_64-mingw32/nios2-elf/lib\libc.a(lib_a-__atexit.o)
 .text.__register_exitproc
                0x00000000000052c8      0x118 d:/intelfpga_lite/17.1/nios2eds/bin/gnu/h-x86_64-mingw32/bin/../lib/gcc/nios2-elf/5.3.0/../../../../../H-x86_64-mingw32/nios2-elf/lib\libc.a(lib_a-__atexit.o)
                0x00000000000052c8                __register_exitproc
 .text          0x00000000000053e0        0x0 d:/intelfpga_lite/17.1/nios2eds/bin/gnu/h-x86_64-mingw32/bin/../lib/gcc/nios2-elf/5.3.0/../../../../../H-x86_64-mingw32/nios2-elf/lib\libc.a(lib_a-__call_atexit.o)
 .text.__call_exitprocs
                0x00000000000053e0      0x180 d:/intelfpga_lite/17.1/nios2eds/bin/gnu/h-x86_64-mingw32/bin/../lib/gcc/nios2-elf/5.3.0/../../../../../H-x86_64-mingw32/nios2-elf/lib\libc.a(lib_a-__call_atexit.o)
                0x00000000000053e0                __call_exitprocs
 .text          0x0000000000005560       0x34 ../ECE_178_Project_app_bsp/\libhal_bsp.a(alt_exit.o)
                0x0000000000005560                _exit
 *(.gnu.warning.*)
 *(.fini)
                [!provide]                        PROVIDE (__etext, ABSOLUTE (.))
                [!provide]                        PROVIDE (_etext, ABSOLUTE (.))
                [!provide]                        PROVIDE (etext, ABSOLUTE (.))
 *(.eh_frame_hdr)
                0x0000000000005594                . = ALIGN (0x4)
                [!provide]                        PROVIDE (__preinit_array_start, ABSOLUTE (.))
 *(.preinit_array)
                [!provide]                        PROVIDE (__preinit_array_end, ABSOLUTE (.))
                [!provide]                        PROVIDE (__init_array_start, ABSOLUTE (.))
 *(.init_array)
                [!provide]                        PROVIDE (__init_array_end, ABSOLUTE (.))
                [!provide]                        PROVIDE (__fini_array_start, ABSOLUTE (.))
 *(.fini_array)
                [!provide]                        PROVIDE (__fini_array_end, ABSOLUTE (.))
 *(.eh_frame)
 *(.gcc_except_table .gcc_except_table.*)
 *(.dynamic)
                0x0000000000005594                PROVIDE (__CTOR_LIST__, ABSOLUTE (.))
 *(.ctors)
 *(SORT(.ctors.*))
                0x0000000000005594                PROVIDE (__CTOR_END__, ABSOLUTE (.))
                0x0000000000005594                PROVIDE (__DTOR_LIST__, ABSOLUTE (.))
 *(.dtors)
 *(SORT(.dtors.*))
                0x0000000000005594                PROVIDE (__DTOR_END__, ABSOLUTE (.))
 *(.jcr)
                0x0000000000005594                . = ALIGN (0x4)

.rodata         0x0000000000005594      0x17c
                0x0000000000005594                PROVIDE (__ram_rodata_start, ABSOLUTE (.))
                0x0000000000005594                . = ALIGN (0x4)
 *(.rodata .rodata.* .gnu.linkonce.r.*)
 .rodata        0x0000000000005594       0x16 obj/default/main.o
 .rodata        0x00000000000055aa      0x100 d:/intelfpga_lite/17.1/nios2eds/bin/gnu/h-x86_64-mingw32/bin/../lib/gcc/nios2-elf/5.3.0\libgcc.a(_clz.o)
                0x00000000000055aa                __clz_tab
 *fill*         0x00000000000056aa        0x2 
 .rodata        0x00000000000056ac        0xf ../ECE_178_Project_app_bsp/\libhal_bsp.a(alt_main.o)
 *fill*         0x00000000000056bb        0x1 
 .rodata        0x00000000000056bc       0x41 ../ECE_178_Project_app_bsp/\libhal_bsp.a(alt_sys_init.o)
 *fill*         0x00000000000056fd        0x3 
 .rodata        0x0000000000005700        0xa ../ECE_178_Project_app_bsp/\libhal_bsp.a(alt_dev.o)
 *fill*         0x000000000000570a        0x2 
 .rodata.str1.4
                0x000000000000570c        0x4 d:/intelfpga_lite/17.1/nios2eds/bin/gnu/h-x86_64-mingw32/bin/../lib/gcc/nios2-elf/5.3.0/../../../../../H-x86_64-mingw32/nios2-elf/lib\libc.a(lib_a-impure.o)
                                          0x2 (size before relaxing)
 *(.rodata1)
                0x0000000000005710                . = ALIGN (0x4)
                0x0000000000005710                PROVIDE (__ram_rodata_end, ABSOLUTE (.))
                0x0000000000005594                PROVIDE (__flash_rodata_start, LOADADDR (.rodata))

.rwdata         0x0000000000005710     0x1700 load address 0x0000000000006e10
                0x0000000000005710                PROVIDE (__ram_rwdata_start, ABSOLUTE (.))
                0x0000000000005710                . = ALIGN (0x4)
 *(.got.plt)
 *(.got)
 *(.data1)
 *(.data .data.* .gnu.linkonce.d.*)
 .data          0x0000000000005710        0x0 ../ECE_178_Project_app_bsp//obj/HAL/src/crt0.o
 .data          0x0000000000005710        0x0 obj/default/main.o
 .data          0x0000000000005710        0x0 d:/intelfpga_lite/17.1/nios2eds/bin/gnu/h-x86_64-mingw32/bin/../lib/gcc/nios2-elf/5.3.0\libgcc.a(addsf3.o)
 .data          0x0000000000005710        0x0 d:/intelfpga_lite/17.1/nios2eds/bin/gnu/h-x86_64-mingw32/bin/../lib/gcc/nios2-elf/5.3.0\libgcc.a(gesf2.o)
 .data          0x0000000000005710        0x0 d:/intelfpga_lite/17.1/nios2eds/bin/gnu/h-x86_64-mingw32/bin/../lib/gcc/nios2-elf/5.3.0\libgcc.a(lesf2.o)
 .data          0x0000000000005710        0x0 d:/intelfpga_lite/17.1/nios2eds/bin/gnu/h-x86_64-mingw32/bin/../lib/gcc/nios2-elf/5.3.0\libgcc.a(subsf3.o)
 .data          0x0000000000005710        0x0 d:/intelfpga_lite/17.1/nios2eds/bin/gnu/h-x86_64-mingw32/bin/../lib/gcc/nios2-elf/5.3.0\libgcc.a(fixsfsi.o)
 .data          0x0000000000005710        0x0 d:/intelfpga_lite/17.1/nios2eds/bin/gnu/h-x86_64-mingw32/bin/../lib/gcc/nios2-elf/5.3.0\libgcc.a(floatsisf.o)
 .data          0x0000000000005710        0x0 d:/intelfpga_lite/17.1/nios2eds/bin/gnu/h-x86_64-mingw32/bin/../lib/gcc/nios2-elf/5.3.0\libgcc.a(_clzsi2.o)
 .data          0x0000000000005710        0x0 d:/intelfpga_lite/17.1/nios2eds/bin/gnu/h-x86_64-mingw32/bin/../lib/gcc/nios2-elf/5.3.0\libgcc.a(_clz.o)
 .data          0x0000000000005710        0x0 ../ECE_178_Project_app_bsp/\libhal_bsp.a(alt_iic.o)
 .data          0x0000000000005710        0x0 ../ECE_178_Project_app_bsp/\libhal_bsp.a(alt_iic_isr_register.o)
 .data          0x0000000000005710        0x0 ../ECE_178_Project_app_bsp/\libhal_bsp.a(alt_irq_entry.o)
 .data          0x0000000000005710        0x0 ../ECE_178_Project_app_bsp/\libhal_bsp.a(alt_irq_handler.o)
 .data          0x0000000000005710        0x0 ../ECE_178_Project_app_bsp/\libhal_bsp.a(alt_irq_vars.o)
 .data          0x0000000000005710        0x0 ../ECE_178_Project_app_bsp/\libhal_bsp.a(alt_load.o)
 .data          0x0000000000005710        0x0 ../ECE_178_Project_app_bsp/\libhal_bsp.a(alt_main.o)
 .data          0x0000000000005710     0x10f8 ../ECE_178_Project_app_bsp/\libhal_bsp.a(alt_sys_init.o)
 .data          0x0000000000006808        0x0 ../ECE_178_Project_app_bsp/\libhal_bsp.a(altera_avalon_jtag_uart_fd.o)
 .data          0x0000000000006808        0x0 ../ECE_178_Project_app_bsp/\libhal_bsp.a(altera_avalon_jtag_uart_init.o)
 .data          0x0000000000006808        0x0 ../ECE_178_Project_app_bsp/\libhal_bsp.a(altera_avalon_jtag_uart_ioctl.o)
 .data          0x0000000000006808        0x0 ../ECE_178_Project_app_bsp/\libhal_bsp.a(altera_avalon_jtag_uart_read.o)
 .data          0x0000000000006808        0x0 ../ECE_178_Project_app_bsp/\libhal_bsp.a(altera_avalon_jtag_uart_write.o)
 .data          0x0000000000006808        0x0 ../ECE_178_Project_app_bsp/\libhal_bsp.a(altera_avalon_timer_sc.o)
 .data          0x0000000000006808        0x0 ../ECE_178_Project_app_bsp/\libhal_bsp.a(altera_up_avalon_video_pixel_buffer_dma.o)
 .data          0x0000000000006808        0x0 ../ECE_178_Project_app_bsp/\libhal_bsp.a(alt_alarm_start.o)
 .data          0x0000000000006808        0x0 ../ECE_178_Project_app_bsp/\libhal_bsp.a(alt_close.o)
 .data          0x0000000000006808        0x0 ../ECE_178_Project_app_bsp/\libhal_bsp.a(alt_dcache_flush_all.o)
 .data          0x0000000000006808      0x1a8 ../ECE_178_Project_app_bsp/\libhal_bsp.a(alt_dev.o)
                0x0000000000006808                alt_dev_null
                0x0000000000006830                alt_fd_list
 .data          0x00000000000069b0        0x0 ../ECE_178_Project_app_bsp/\libhal_bsp.a(alt_dev_llist_insert.o)
 .data          0x00000000000069b0        0x0 ../ECE_178_Project_app_bsp/\libhal_bsp.a(alt_do_ctors.o)
 .data          0x00000000000069b0        0x0 ../ECE_178_Project_app_bsp/\libhal_bsp.a(alt_do_dtors.o)
 .data          0x00000000000069b0        0x0 ../ECE_178_Project_app_bsp/\libhal_bsp.a(alt_errno.o)
 .data          0x00000000000069b0        0x0 ../ECE_178_Project_app_bsp/\libhal_bsp.a(alt_exception_entry.o)
 .data          0x00000000000069b0        0x0 ../ECE_178_Project_app_bsp/\libhal_bsp.a(alt_find_dev.o)
 .data          0x00000000000069b0        0x0 ../ECE_178_Project_app_bsp/\libhal_bsp.a(alt_icache_flush_all.o)
 .data          0x00000000000069b0        0x0 ../ECE_178_Project_app_bsp/\libhal_bsp.a(alt_io_redirect.o)
 .data          0x00000000000069b0        0x0 ../ECE_178_Project_app_bsp/\libhal_bsp.a(alt_open.o)
 .data          0x00000000000069b0        0x0 ../ECE_178_Project_app_bsp/\libhal_bsp.a(alt_release_fd.o)
 .data          0x00000000000069b0        0x0 ../ECE_178_Project_app_bsp/\libhal_bsp.a(alt_tick.o)
 .data          0x00000000000069b0        0x0 ../ECE_178_Project_app_bsp/\libhal_bsp.a(altera_nios2_qsys_irq.o)
 .data          0x00000000000069b0        0x0 ../ECE_178_Project_app_bsp/\libhal_bsp.a(alt_find_file.o)
 .data          0x00000000000069b0        0x0 ../ECE_178_Project_app_bsp/\libhal_bsp.a(alt_get_fd.o)
 .data          0x00000000000069b0        0x0 ../ECE_178_Project_app_bsp/\libhal_bsp.a(alt_icache_flush.o)
 .data          0x00000000000069b0        0x0 d:/intelfpga_lite/17.1/nios2eds/bin/gnu/h-x86_64-mingw32/bin/../lib/gcc/nios2-elf/5.3.0/../../../../../H-x86_64-mingw32/nios2-elf/lib\libc.a(lib_a-atexit.o)
 .data          0x00000000000069b0        0x0 d:/intelfpga_lite/17.1/nios2eds/bin/gnu/h-x86_64-mingw32/bin/../lib/gcc/nios2-elf/5.3.0/../../../../../H-x86_64-mingw32/nios2-elf/lib\libc.a(lib_a-exit.o)
 .data          0x00000000000069b0        0x0 d:/intelfpga_lite/17.1/nios2eds/bin/gnu/h-x86_64-mingw32/bin/../lib/gcc/nios2-elf/5.3.0/../../../../../H-x86_64-mingw32/nios2-elf/lib\libc.a(lib_a-impure.o)
 .data.impure_data
                0x00000000000069b0      0x424 d:/intelfpga_lite/17.1/nios2eds/bin/gnu/h-x86_64-mingw32/bin/../lib/gcc/nios2-elf/5.3.0/../../../../../H-x86_64-mingw32/nios2-elf/lib\libc.a(lib_a-impure.o)
 .data          0x0000000000006dd4        0x0 d:/intelfpga_lite/17.1/nios2eds/bin/gnu/h-x86_64-mingw32/bin/../lib/gcc/nios2-elf/5.3.0/../../../../../H-x86_64-mingw32/nios2-elf/lib\libc.a(lib_a-int_errno.o)
 .data          0x0000000000006dd4        0x0 d:/intelfpga_lite/17.1/nios2eds/bin/gnu/h-x86_64-mingw32/bin/../lib/gcc/nios2-elf/5.3.0/../../../../../H-x86_64-mingw32/nios2-elf/lib\libc.a(lib_a-memcmp.o)
 .data          0x0000000000006dd4        0x0 d:/intelfpga_lite/17.1/nios2eds/bin/gnu/h-x86_64-mingw32/bin/../lib/gcc/nios2-elf/5.3.0/../../../../../H-x86_64-mingw32/nios2-elf/lib\libc.a(lib_a-memcpy.o)
 .data          0x0000000000006dd4        0x0 d:/intelfpga_lite/17.1/nios2eds/bin/gnu/h-x86_64-mingw32/bin/../lib/gcc/nios2-elf/5.3.0/../../../../../H-x86_64-mingw32/nios2-elf/lib\libc.a(lib_a-strlen.o)
 .data          0x0000000000006dd4        0x0 d:/intelfpga_lite/17.1/nios2eds/bin/gnu/h-x86_64-mingw32/bin/../lib/gcc/nios2-elf/5.3.0/../../../../../H-x86_64-mingw32/nios2-elf/lib\libc.a(lib_a-__atexit.o)
 .data          0x0000000000006dd4        0x0 d:/intelfpga_lite/17.1/nios2eds/bin/gnu/h-x86_64-mingw32/bin/../lib/gcc/nios2-elf/5.3.0/../../../../../H-x86_64-mingw32/nios2-elf/lib\libc.a(lib_a-__call_atexit.o)
 .data          0x0000000000006dd4        0x0 ../ECE_178_Project_app_bsp/\libhal_bsp.a(alt_exit.o)
                0x000000000000edd4                _gp = ABSOLUTE ((. + 0x8000))
                [!provide]                        PROVIDE (gp, _gp)
 *(.rwdata .rwdata.*)
 *(.sdata .sdata.* .gnu.linkonce.s.*)
 .sdata         0x0000000000006dd4       0x10 obj/default/main.o
                0x0000000000006dd4                paddleW
                0x0000000000006dd8                paddleH
                0x0000000000006ddc                paddleSpeed
                0x0000000000006de0                ballSize
 .sdata         0x0000000000006de4        0x4 ../ECE_178_Project_app_bsp/\libhal_bsp.a(alt_irq_vars.o)
                0x0000000000006de4                alt_priority_mask
 .sdata         0x0000000000006de8       0x14 ../ECE_178_Project_app_bsp/\libhal_bsp.a(alt_dev.o)
                0x0000000000006de8                alt_fs_list
                0x0000000000006df0                alt_dev_list
                0x0000000000006df8                alt_max_fd
 .sdata         0x0000000000006dfc        0x4 ../ECE_178_Project_app_bsp/\libhal_bsp.a(alt_errno.o)
                0x0000000000006dfc                alt_errno
 .sdata         0x0000000000006e00        0x8 ../ECE_178_Project_app_bsp/\libhal_bsp.a(alt_tick.o)
                0x0000000000006e00                alt_alarm_list
 .sdata._global_impure_ptr
                0x0000000000006e08        0x4 d:/intelfpga_lite/17.1/nios2eds/bin/gnu/h-x86_64-mingw32/bin/../lib/gcc/nios2-elf/5.3.0/../../../../../H-x86_64-mingw32/nios2-elf/lib\libc.a(lib_a-impure.o)
                0x0000000000006e08                _global_impure_ptr
 .sdata._impure_ptr
                0x0000000000006e0c        0x4 d:/intelfpga_lite/17.1/nios2eds/bin/gnu/h-x86_64-mingw32/bin/../lib/gcc/nios2-elf/5.3.0/../../../../../H-x86_64-mingw32/nios2-elf/lib\libc.a(lib_a-impure.o)
                0x0000000000006e0c                _impure_ptr
 *(.sdata2 .sdata2.* .gnu.linkonce.s2.*)
                0x0000000000006e10                . = ALIGN (0x4)
                0x0000000000006e10                _edata = ABSOLUTE (.)
                [!provide]                        PROVIDE (edata, ABSOLUTE (.))
                0x0000000000006e10                PROVIDE (__ram_rwdata_end, ABSOLUTE (.))
                0x0000000000006e10                PROVIDE (__flash_rwdata_start, LOADADDR (.rwdata))

.bss            0x0000000000008510      0x170
                0x0000000000008510                __bss_start = ABSOLUTE (.)
                [!provide]                        PROVIDE (__sbss_start, ABSOLUTE (.))
                [!provide]                        PROVIDE (___sbss_start, ABSOLUTE (.))
 *(.dynsbss)
 *(.sbss .sbss.* .gnu.linkonce.sb.*)
 .sbss          0x0000000000008510        0x8 obj/default/main.o
                0x0000000000008510                scoreL
                0x0000000000008514                scoreR
 .sbss          0x0000000000008518       0x4c obj/default/main.o
                0x0000000000008518                vbx
                0x000000000000851c                xb1
                0x0000000000008520                xl1
                0x0000000000008524                xb0
                0x0000000000008528                xr0
                0x000000000000852c                yb0
                0x0000000000008530                vby
                0x0000000000008534                vry
                0x0000000000008538                yl0
                0x000000000000853c                xl0
                0x0000000000008540                vrx
                0x0000000000008544                yb1
                0x0000000000008548                pixel_buffer
                0x000000000000854c                xr1
                0x0000000000008550                yl1
                0x0000000000008554                vlx
                0x0000000000008558                yr0
                0x000000000000855c                vly
                0x0000000000008560                yr1
 .sbss          0x0000000000008564        0x4 ../ECE_178_Project_app_bsp/\libhal_bsp.a(alt_irq_vars.o)
                0x0000000000008564                alt_irq_active
 .sbss          0x0000000000008568        0xc ../ECE_178_Project_app_bsp/\libhal_bsp.a(alt_main.o)
                0x0000000000008568                alt_argc
                0x000000000000856c                alt_argv
                0x0000000000008570                alt_envp
 .sbss          0x0000000000008574        0x8 ../ECE_178_Project_app_bsp/\libhal_bsp.a(alt_tick.o)
                0x0000000000008574                _alt_tick_rate
                0x0000000000008578                _alt_nticks
 .sbss          0x000000000000857c        0x4 d:/intelfpga_lite/17.1/nios2eds/bin/gnu/h-x86_64-mingw32/bin/../lib/gcc/nios2-elf/5.3.0/../../../../../H-x86_64-mingw32/nios2-elf/lib\libc.a(lib_a-int_errno.o)
                0x000000000000857c                errno
 *(.sbss2 .sbss2.* .gnu.linkonce.sb2.*)
 *(.scommon)
                [!provide]                        PROVIDE (__sbss_end, ABSOLUTE (.))
                [!provide]                        PROVIDE (___sbss_end, ABSOLUTE (.))
 *(.dynbss)
 *(.bss .bss.* .gnu.linkonce.b.*)
 .bss           0x0000000000008580        0x0 ../ECE_178_Project_app_bsp//obj/HAL/src/crt0.o
 .bss           0x0000000000008580        0x0 obj/default/main.o
 .bss           0x0000000000008580        0x0 d:/intelfpga_lite/17.1/nios2eds/bin/gnu/h-x86_64-mingw32/bin/../lib/gcc/nios2-elf/5.3.0\libgcc.a(addsf3.o)
 .bss           0x0000000000008580        0x0 d:/intelfpga_lite/17.1/nios2eds/bin/gnu/h-x86_64-mingw32/bin/../lib/gcc/nios2-elf/5.3.0\libgcc.a(gesf2.o)
 .bss           0x0000000000008580        0x0 d:/intelfpga_lite/17.1/nios2eds/bin/gnu/h-x86_64-mingw32/bin/../lib/gcc/nios2-elf/5.3.0\libgcc.a(lesf2.o)
 .bss           0x0000000000008580        0x0 d:/intelfpga_lite/17.1/nios2eds/bin/gnu/h-x86_64-mingw32/bin/../lib/gcc/nios2-elf/5.3.0\libgcc.a(subsf3.o)
 .bss           0x0000000000008580        0x0 d:/intelfpga_lite/17.1/nios2eds/bin/gnu/h-x86_64-mingw32/bin/../lib/gcc/nios2-elf/5.3.0\libgcc.a(fixsfsi.o)
 .bss           0x0000000000008580        0x0 d:/intelfpga_lite/17.1/nios2eds/bin/gnu/h-x86_64-mingw32/bin/../lib/gcc/nios2-elf/5.3.0\libgcc.a(floatsisf.o)
 .bss           0x0000000000008580        0x0 d:/intelfpga_lite/17.1/nios2eds/bin/gnu/h-x86_64-mingw32/bin/../lib/gcc/nios2-elf/5.3.0\libgcc.a(_clzsi2.o)
 .bss           0x0000000000008580        0x0 d:/intelfpga_lite/17.1/nios2eds/bin/gnu/h-x86_64-mingw32/bin/../lib/gcc/nios2-elf/5.3.0\libgcc.a(_clz.o)
 .bss           0x0000000000008580        0x0 ../ECE_178_Project_app_bsp/\libhal_bsp.a(alt_iic.o)
 .bss           0x0000000000008580        0x0 ../ECE_178_Project_app_bsp/\libhal_bsp.a(alt_iic_isr_register.o)
 .bss           0x0000000000008580        0x0 ../ECE_178_Project_app_bsp/\libhal_bsp.a(alt_irq_entry.o)
 .bss           0x0000000000008580        0x0 ../ECE_178_Project_app_bsp/\libhal_bsp.a(alt_irq_handler.o)
 .bss           0x0000000000008580        0x0 ../ECE_178_Project_app_bsp/\libhal_bsp.a(alt_irq_vars.o)
 .bss           0x0000000000008580        0x0 ../ECE_178_Project_app_bsp/\libhal_bsp.a(alt_load.o)
 .bss           0x0000000000008580        0x0 ../ECE_178_Project_app_bsp/\libhal_bsp.a(alt_main.o)
 .bss           0x0000000000008580        0x0 ../ECE_178_Project_app_bsp/\libhal_bsp.a(alt_sys_init.o)
 .bss           0x0000000000008580        0x0 ../ECE_178_Project_app_bsp/\libhal_bsp.a(altera_avalon_jtag_uart_fd.o)
 .bss           0x0000000000008580        0x0 ../ECE_178_Project_app_bsp/\libhal_bsp.a(altera_avalon_jtag_uart_init.o)
 .bss           0x0000000000008580        0x0 ../ECE_178_Project_app_bsp/\libhal_bsp.a(altera_avalon_jtag_uart_ioctl.o)
 .bss           0x0000000000008580        0x0 ../ECE_178_Project_app_bsp/\libhal_bsp.a(altera_avalon_jtag_uart_read.o)
 .bss           0x0000000000008580        0x0 ../ECE_178_Project_app_bsp/\libhal_bsp.a(altera_avalon_jtag_uart_write.o)
 .bss           0x0000000000008580        0x0 ../ECE_178_Project_app_bsp/\libhal_bsp.a(altera_avalon_timer_sc.o)
 .bss           0x0000000000008580        0x0 ../ECE_178_Project_app_bsp/\libhal_bsp.a(altera_up_avalon_video_pixel_buffer_dma.o)
 .bss           0x0000000000008580        0x0 ../ECE_178_Project_app_bsp/\libhal_bsp.a(alt_alarm_start.o)
 .bss           0x0000000000008580        0x0 ../ECE_178_Project_app_bsp/\libhal_bsp.a(alt_close.o)
 .bss           0x0000000000008580        0x0 ../ECE_178_Project_app_bsp/\libhal_bsp.a(alt_dcache_flush_all.o)
 .bss           0x0000000000008580        0x0 ../ECE_178_Project_app_bsp/\libhal_bsp.a(alt_dev.o)
 .bss           0x0000000000008580        0x0 ../ECE_178_Project_app_bsp/\libhal_bsp.a(alt_dev_llist_insert.o)
 .bss           0x0000000000008580        0x0 ../ECE_178_Project_app_bsp/\libhal_bsp.a(alt_do_ctors.o)
 .bss           0x0000000000008580        0x0 ../ECE_178_Project_app_bsp/\libhal_bsp.a(alt_do_dtors.o)
 .bss           0x0000000000008580        0x0 ../ECE_178_Project_app_bsp/\libhal_bsp.a(alt_errno.o)
 .bss           0x0000000000008580        0x0 ../ECE_178_Project_app_bsp/\libhal_bsp.a(alt_exception_entry.o)
 .bss           0x0000000000008580        0x0 ../ECE_178_Project_app_bsp/\libhal_bsp.a(alt_find_dev.o)
 .bss           0x0000000000008580        0x0 ../ECE_178_Project_app_bsp/\libhal_bsp.a(alt_icache_flush_all.o)
 .bss           0x0000000000008580        0x0 ../ECE_178_Project_app_bsp/\libhal_bsp.a(alt_io_redirect.o)
 .bss           0x0000000000008580        0x0 ../ECE_178_Project_app_bsp/\libhal_bsp.a(alt_open.o)
 .bss           0x0000000000008580        0x0 ../ECE_178_Project_app_bsp/\libhal_bsp.a(alt_release_fd.o)
 .bss           0x0000000000008580        0x0 ../ECE_178_Project_app_bsp/\libhal_bsp.a(alt_tick.o)
 .bss           0x0000000000008580        0x0 ../ECE_178_Project_app_bsp/\libhal_bsp.a(altera_nios2_qsys_irq.o)
 .bss           0x0000000000008580        0x0 ../ECE_178_Project_app_bsp/\libhal_bsp.a(alt_find_file.o)
 .bss           0x0000000000008580        0x0 ../ECE_178_Project_app_bsp/\libhal_bsp.a(alt_get_fd.o)
 .bss           0x0000000000008580        0x0 ../ECE_178_Project_app_bsp/\libhal_bsp.a(alt_icache_flush.o)
 .bss           0x0000000000008580        0x0 d:/intelfpga_lite/17.1/nios2eds/bin/gnu/h-x86_64-mingw32/bin/../lib/gcc/nios2-elf/5.3.0/../../../../../H-x86_64-mingw32/nios2-elf/lib\libc.a(lib_a-atexit.o)
 .bss           0x0000000000008580        0x0 d:/intelfpga_lite/17.1/nios2eds/bin/gnu/h-x86_64-mingw32/bin/../lib/gcc/nios2-elf/5.3.0/../../../../../H-x86_64-mingw32/nios2-elf/lib\libc.a(lib_a-exit.o)
 .bss           0x0000000000008580        0x0 d:/intelfpga_lite/17.1/nios2eds/bin/gnu/h-x86_64-mingw32/bin/../lib/gcc/nios2-elf/5.3.0/../../../../../H-x86_64-mingw32/nios2-elf/lib\libc.a(lib_a-impure.o)
 .bss           0x0000000000008580        0x0 d:/intelfpga_lite/17.1/nios2eds/bin/gnu/h-x86_64-mingw32/bin/../lib/gcc/nios2-elf/5.3.0/../../../../../H-x86_64-mingw32/nios2-elf/lib\libc.a(lib_a-int_errno.o)
 .bss           0x0000000000008580        0x0 d:/intelfpga_lite/17.1/nios2eds/bin/gnu/h-x86_64-mingw32/bin/../lib/gcc/nios2-elf/5.3.0/../../../../../H-x86_64-mingw32/nios2-elf/lib\libc.a(lib_a-memcmp.o)
 .bss           0x0000000000008580        0x0 d:/intelfpga_lite/17.1/nios2eds/bin/gnu/h-x86_64-mingw32/bin/../lib/gcc/nios2-elf/5.3.0/../../../../../H-x86_64-mingw32/nios2-elf/lib\libc.a(lib_a-memcpy.o)
 .bss           0x0000000000008580        0x0 d:/intelfpga_lite/17.1/nios2eds/bin/gnu/h-x86_64-mingw32/bin/../lib/gcc/nios2-elf/5.3.0/../../../../../H-x86_64-mingw32/nios2-elf/lib\libc.a(lib_a-strlen.o)
 .bss           0x0000000000008580        0x0 d:/intelfpga_lite/17.1/nios2eds/bin/gnu/h-x86_64-mingw32/bin/../lib/gcc/nios2-elf/5.3.0/../../../../../H-x86_64-mingw32/nios2-elf/lib\libc.a(lib_a-__atexit.o)
 .bss           0x0000000000008580        0x0 d:/intelfpga_lite/17.1/nios2eds/bin/gnu/h-x86_64-mingw32/bin/../lib/gcc/nios2-elf/5.3.0/../../../../../H-x86_64-mingw32/nios2-elf/lib\libc.a(lib_a-__call_atexit.o)
 .bss           0x0000000000008580        0x0 ../ECE_178_Project_app_bsp/\libhal_bsp.a(alt_exit.o)
 *(COMMON)
 COMMON         0x0000000000008580      0x100 ../ECE_178_Project_app_bsp/\libhal_bsp.a(alt_irq_handler.o)
                0x0000000000008580                alt_irq
                0x0000000000008680                . = ALIGN (0x4)
                0x0000000000008680                __bss_end = ABSOLUTE (.)

.sdram_controller
                0x0000000000008680        0x0
                [!provide]                        PROVIDE (_alt_partition_sdram_controller_start, ABSOLUTE (.))
 *(.sdram_controller .sdram_controller. sdram_controller.*)
                0x0000000000008680                . = ALIGN (0x4)
                [!provide]                        PROVIDE (_alt_partition_sdram_controller_end, ABSOLUTE (.))
                0x0000000000008680                _end = ABSOLUTE (.)
                0x0000000000008680                end = ABSOLUTE (.)
                0x0000000000008680                __alt_stack_base = ABSOLUTE (.)
                [!provide]                        PROVIDE (_alt_partition_sdram_controller_load_addr, LOADADDR (.sdram_controller))

.stab
 *(.stab)

.stabstr
 *(.stabstr)

.stab.excl
 *(.stab.excl)

.stab.exclstr
 *(.stab.exclstr)

.stab.index
 *(.stab.index)

.stab.indexstr
 *(.stab.indexstr)

.comment        0x0000000000000000       0x23
 *(.comment)
 .comment       0x0000000000000000       0x23 obj/default/main.o
                                         0x24 (size before relaxing)
 .comment       0x0000000000000023       0x24 d:/intelfpga_lite/17.1/nios2eds/bin/gnu/h-x86_64-mingw32/bin/../lib/gcc/nios2-elf/5.3.0\libgcc.a(addsf3.o)
 .comment       0x0000000000000023       0x24 d:/intelfpga_lite/17.1/nios2eds/bin/gnu/h-x86_64-mingw32/bin/../lib/gcc/nios2-elf/5.3.0\libgcc.a(gesf2.o)
 .comment       0x0000000000000023       0x24 d:/intelfpga_lite/17.1/nios2eds/bin/gnu/h-x86_64-mingw32/bin/../lib/gcc/nios2-elf/5.3.0\libgcc.a(lesf2.o)
 .comment       0x0000000000000023       0x24 d:/intelfpga_lite/17.1/nios2eds/bin/gnu/h-x86_64-mingw32/bin/../lib/gcc/nios2-elf/5.3.0\libgcc.a(subsf3.o)
 .comment       0x0000000000000023       0x24 d:/intelfpga_lite/17.1/nios2eds/bin/gnu/h-x86_64-mingw32/bin/../lib/gcc/nios2-elf/5.3.0\libgcc.a(fixsfsi.o)
 .comment       0x0000000000000023       0x24 d:/intelfpga_lite/17.1/nios2eds/bin/gnu/h-x86_64-mingw32/bin/../lib/gcc/nios2-elf/5.3.0\libgcc.a(floatsisf.o)
 .comment       0x0000000000000023       0x24 d:/intelfpga_lite/17.1/nios2eds/bin/gnu/h-x86_64-mingw32/bin/../lib/gcc/nios2-elf/5.3.0\libgcc.a(_clzsi2.o)
 .comment       0x0000000000000023       0x24 d:/intelfpga_lite/17.1/nios2eds/bin/gnu/h-x86_64-mingw32/bin/../lib/gcc/nios2-elf/5.3.0\libgcc.a(_clz.o)
 .comment       0x0000000000000023       0x24 ../ECE_178_Project_app_bsp/\libhal_bsp.a(alt_iic.o)
 .comment       0x0000000000000023       0x24 ../ECE_178_Project_app_bsp/\libhal_bsp.a(alt_iic_isr_register.o)
 .comment       0x0000000000000023       0x24 ../ECE_178_Project_app_bsp/\libhal_bsp.a(alt_irq_handler.o)
 .comment       0x0000000000000023       0x24 ../ECE_178_Project_app_bsp/\libhal_bsp.a(alt_irq_vars.o)
 .comment       0x0000000000000023       0x24 ../ECE_178_Project_app_bsp/\libhal_bsp.a(alt_load.o)
 .comment       0x0000000000000023       0x24 ../ECE_178_Project_app_bsp/\libhal_bsp.a(alt_main.o)
 .comment       0x0000000000000023       0x24 ../ECE_178_Project_app_bsp/\libhal_bsp.a(alt_sys_init.o)
 .comment       0x0000000000000023       0x24 ../ECE_178_Project_app_bsp/\libhal_bsp.a(altera_avalon_jtag_uart_fd.o)
 .comment       0x0000000000000023       0x24 ../ECE_178_Project_app_bsp/\libhal_bsp.a(altera_avalon_jtag_uart_init.o)
 .comment       0x0000000000000023       0x24 ../ECE_178_Project_app_bsp/\libhal_bsp.a(altera_avalon_jtag_uart_ioctl.o)
 .comment       0x0000000000000023       0x24 ../ECE_178_Project_app_bsp/\libhal_bsp.a(altera_avalon_jtag_uart_read.o)
 .comment       0x0000000000000023       0x24 ../ECE_178_Project_app_bsp/\libhal_bsp.a(altera_avalon_jtag_uart_write.o)
 .comment       0x0000000000000023       0x24 ../ECE_178_Project_app_bsp/\libhal_bsp.a(altera_avalon_timer_sc.o)
 .comment       0x0000000000000023       0x24 ../ECE_178_Project_app_bsp/\libhal_bsp.a(altera_up_avalon_video_pixel_buffer_dma.o)
 .comment       0x0000000000000023       0x24 ../ECE_178_Project_app_bsp/\libhal_bsp.a(alt_alarm_start.o)
 .comment       0x0000000000000023       0x24 ../ECE_178_Project_app_bsp/\libhal_bsp.a(alt_close.o)
 .comment       0x0000000000000023       0x24 ../ECE_178_Project_app_bsp/\libhal_bsp.a(alt_dcache_flush_all.o)
 .comment       0x0000000000000023       0x24 ../ECE_178_Project_app_bsp/\libhal_bsp.a(alt_dev.o)
 .comment       0x0000000000000023       0x24 ../ECE_178_Project_app_bsp/\libhal_bsp.a(alt_dev_llist_insert.o)
 .comment       0x0000000000000023       0x24 ../ECE_178_Project_app_bsp/\libhal_bsp.a(alt_do_ctors.o)
 .comment       0x0000000000000023       0x24 ../ECE_178_Project_app_bsp/\libhal_bsp.a(alt_do_dtors.o)
 .comment       0x0000000000000023       0x24 ../ECE_178_Project_app_bsp/\libhal_bsp.a(alt_errno.o)
 .comment       0x0000000000000023       0x24 ../ECE_178_Project_app_bsp/\libhal_bsp.a(alt_find_dev.o)
 .comment       0x0000000000000023       0x24 ../ECE_178_Project_app_bsp/\libhal_bsp.a(alt_icache_flush_all.o)
 .comment       0x0000000000000023       0x24 ../ECE_178_Project_app_bsp/\libhal_bsp.a(alt_io_redirect.o)
 .comment       0x0000000000000023       0x24 ../ECE_178_Project_app_bsp/\libhal_bsp.a(alt_open.o)
 .comment       0x0000000000000023       0x24 ../ECE_178_Project_app_bsp/\libhal_bsp.a(alt_release_fd.o)
 .comment       0x0000000000000023       0x24 ../ECE_178_Project_app_bsp/\libhal_bsp.a(alt_tick.o)
 .comment       0x0000000000000023       0x24 ../ECE_178_Project_app_bsp/\libhal_bsp.a(altera_nios2_qsys_irq.o)
 .comment       0x0000000000000023       0x24 ../ECE_178_Project_app_bsp/\libhal_bsp.a(alt_find_file.o)
 .comment       0x0000000000000023       0x24 ../ECE_178_Project_app_bsp/\libhal_bsp.a(alt_get_fd.o)
 .comment       0x0000000000000023       0x24 ../ECE_178_Project_app_bsp/\libhal_bsp.a(alt_icache_flush.o)
 .comment       0x0000000000000023       0x24 d:/intelfpga_lite/17.1/nios2eds/bin/gnu/h-x86_64-mingw32/bin/../lib/gcc/nios2-elf/5.3.0/../../../../../H-x86_64-mingw32/nios2-elf/lib\libc.a(lib_a-atexit.o)
 .comment       0x0000000000000023       0x24 d:/intelfpga_lite/17.1/nios2eds/bin/gnu/h-x86_64-mingw32/bin/../lib/gcc/nios2-elf/5.3.0/../../../../../H-x86_64-mingw32/nios2-elf/lib\libc.a(lib_a-exit.o)
 .comment       0x0000000000000023       0x24 d:/intelfpga_lite/17.1/nios2eds/bin/gnu/h-x86_64-mingw32/bin/../lib/gcc/nios2-elf/5.3.0/../../../../../H-x86_64-mingw32/nios2-elf/lib\libc.a(lib_a-impure.o)
 .comment       0x0000000000000023       0x24 d:/intelfpga_lite/17.1/nios2eds/bin/gnu/h-x86_64-mingw32/bin/../lib/gcc/nios2-elf/5.3.0/../../../../../H-x86_64-mingw32/nios2-elf/lib\libc.a(lib_a-int_errno.o)
 .comment       0x0000000000000023       0x24 d:/intelfpga_lite/17.1/nios2eds/bin/gnu/h-x86_64-mingw32/bin/../lib/gcc/nios2-elf/5.3.0/../../../../../H-x86_64-mingw32/nios2-elf/lib\libc.a(lib_a-memcmp.o)
 .comment       0x0000000000000023       0x24 d:/intelfpga_lite/17.1/nios2eds/bin/gnu/h-x86_64-mingw32/bin/../lib/gcc/nios2-elf/5.3.0/../../../../../H-x86_64-mingw32/nios2-elf/lib\libc.a(lib_a-memcpy.o)
 .comment       0x0000000000000023       0x24 d:/intelfpga_lite/17.1/nios2eds/bin/gnu/h-x86_64-mingw32/bin/../lib/gcc/nios2-elf/5.3.0/../../../../../H-x86_64-mingw32/nios2-elf/lib\libc.a(lib_a-strlen.o)
 .comment       0x0000000000000023       0x24 d:/intelfpga_lite/17.1/nios2eds/bin/gnu/h-x86_64-mingw32/bin/../lib/gcc/nios2-elf/5.3.0/../../../../../H-x86_64-mingw32/nios2-elf/lib\libc.a(lib_a-__atexit.o)
 .comment       0x0000000000000023       0x24 d:/intelfpga_lite/17.1/nios2eds/bin/gnu/h-x86_64-mingw32/bin/../lib/gcc/nios2-elf/5.3.0/../../../../../H-x86_64-mingw32/nios2-elf/lib\libc.a(lib_a-__call_atexit.o)
 .comment       0x0000000000000023       0x24 ../ECE_178_Project_app_bsp/\libhal_bsp.a(alt_exit.o)

.debug
 *(.debug)

.line
 *(.line)

.debug_srcinfo
 *(.debug_srcinfo)

.debug_sfnames
 *(.debug_sfnames)

.debug_aranges  0x0000000000000000      0x6c8
 *(.debug_aranges)
 .debug_aranges
                0x0000000000000000       0x28 ../ECE_178_Project_app_bsp//obj/HAL/src/crt0.o
 .debug_aranges
                0x0000000000000028       0x20 obj/default/main.o
 .debug_aranges
                0x0000000000000048       0x20 d:/intelfpga_lite/17.1/nios2eds/bin/gnu/h-x86_64-mingw32/bin/../lib/gcc/nios2-elf/5.3.0\libgcc.a(addsf3.o)
 .debug_aranges
                0x0000000000000068       0x20 d:/intelfpga_lite/17.1/nios2eds/bin/gnu/h-x86_64-mingw32/bin/../lib/gcc/nios2-elf/5.3.0\libgcc.a(gesf2.o)
 .debug_aranges
                0x0000000000000088       0x20 d:/intelfpga_lite/17.1/nios2eds/bin/gnu/h-x86_64-mingw32/bin/../lib/gcc/nios2-elf/5.3.0\libgcc.a(lesf2.o)
 .debug_aranges
                0x00000000000000a8       0x20 d:/intelfpga_lite/17.1/nios2eds/bin/gnu/h-x86_64-mingw32/bin/../lib/gcc/nios2-elf/5.3.0\libgcc.a(subsf3.o)
 .debug_aranges
                0x00000000000000c8       0x20 d:/intelfpga_lite/17.1/nios2eds/bin/gnu/h-x86_64-mingw32/bin/../lib/gcc/nios2-elf/5.3.0\libgcc.a(fixsfsi.o)
 .debug_aranges
                0x00000000000000e8       0x20 d:/intelfpga_lite/17.1/nios2eds/bin/gnu/h-x86_64-mingw32/bin/../lib/gcc/nios2-elf/5.3.0\libgcc.a(floatsisf.o)
 .debug_aranges
                0x0000000000000108       0x20 d:/intelfpga_lite/17.1/nios2eds/bin/gnu/h-x86_64-mingw32/bin/../lib/gcc/nios2-elf/5.3.0\libgcc.a(_clzsi2.o)
 .debug_aranges
                0x0000000000000128       0x18 d:/intelfpga_lite/17.1/nios2eds/bin/gnu/h-x86_64-mingw32/bin/../lib/gcc/nios2-elf/5.3.0\libgcc.a(_clz.o)
 .debug_aranges
                0x0000000000000140       0x20 ../ECE_178_Project_app_bsp/\libhal_bsp.a(alt_iic.o)
 .debug_aranges
                0x0000000000000160       0x20 ../ECE_178_Project_app_bsp/\libhal_bsp.a(alt_iic_isr_register.o)
 .debug_aranges
                0x0000000000000180       0x30 ../ECE_178_Project_app_bsp/\libhal_bsp.a(alt_irq_entry.o)
 .debug_aranges
                0x00000000000001b0       0x20 ../ECE_178_Project_app_bsp/\libhal_bsp.a(alt_irq_handler.o)
 .debug_aranges
                0x00000000000001d0       0x18 ../ECE_178_Project_app_bsp/\libhal_bsp.a(alt_irq_vars.o)
 .debug_aranges
                0x00000000000001e8       0x20 ../ECE_178_Project_app_bsp/\libhal_bsp.a(alt_load.o)
 .debug_aranges
                0x0000000000000208       0x20 ../ECE_178_Project_app_bsp/\libhal_bsp.a(alt_main.o)
 .debug_aranges
                0x0000000000000228       0x20 ../ECE_178_Project_app_bsp/\libhal_bsp.a(alt_sys_init.o)
 .debug_aranges
                0x0000000000000248       0x20 ../ECE_178_Project_app_bsp/\libhal_bsp.a(altera_avalon_jtag_uart_fd.o)
 .debug_aranges
                0x0000000000000268       0x20 ../ECE_178_Project_app_bsp/\libhal_bsp.a(altera_avalon_jtag_uart_init.o)
 .debug_aranges
                0x0000000000000288       0x20 ../ECE_178_Project_app_bsp/\libhal_bsp.a(altera_avalon_jtag_uart_ioctl.o)
 .debug_aranges
                0x00000000000002a8       0x20 ../ECE_178_Project_app_bsp/\libhal_bsp.a(altera_avalon_jtag_uart_read.o)
 .debug_aranges
                0x00000000000002c8       0x20 ../ECE_178_Project_app_bsp/\libhal_bsp.a(altera_avalon_jtag_uart_write.o)
 .debug_aranges
                0x00000000000002e8       0x20 ../ECE_178_Project_app_bsp/\libhal_bsp.a(altera_avalon_timer_sc.o)
 .debug_aranges
                0x0000000000000308       0x20 ../ECE_178_Project_app_bsp/\libhal_bsp.a(altera_up_avalon_video_pixel_buffer_dma.o)
 .debug_aranges
                0x0000000000000328       0x20 ../ECE_178_Project_app_bsp/\libhal_bsp.a(alt_alarm_start.o)
 .debug_aranges
                0x0000000000000348       0x20 ../ECE_178_Project_app_bsp/\libhal_bsp.a(alt_close.o)
 .debug_aranges
                0x0000000000000368       0x20 ../ECE_178_Project_app_bsp/\libhal_bsp.a(alt_dcache_flush_all.o)
 .debug_aranges
                0x0000000000000388       0x20 ../ECE_178_Project_app_bsp/\libhal_bsp.a(alt_dev.o)
 .debug_aranges
                0x00000000000003a8       0x20 ../ECE_178_Project_app_bsp/\libhal_bsp.a(alt_dev_llist_insert.o)
 .debug_aranges
                0x00000000000003c8       0x20 ../ECE_178_Project_app_bsp/\libhal_bsp.a(alt_do_ctors.o)
 .debug_aranges
                0x00000000000003e8       0x20 ../ECE_178_Project_app_bsp/\libhal_bsp.a(alt_do_dtors.o)
 .debug_aranges
                0x0000000000000408       0x18 ../ECE_178_Project_app_bsp/\libhal_bsp.a(alt_errno.o)
 .debug_aranges
                0x0000000000000420       0x38 ../ECE_178_Project_app_bsp/\libhal_bsp.a(alt_exception_entry.o)
 .debug_aranges
                0x0000000000000458       0x20 ../ECE_178_Project_app_bsp/\libhal_bsp.a(alt_find_dev.o)
 .debug_aranges
                0x0000000000000478       0x20 ../ECE_178_Project_app_bsp/\libhal_bsp.a(alt_icache_flush_all.o)
 .debug_aranges
                0x0000000000000498       0x20 ../ECE_178_Project_app_bsp/\libhal_bsp.a(alt_io_redirect.o)
 .debug_aranges
                0x00000000000004b8       0x20 ../ECE_178_Project_app_bsp/\libhal_bsp.a(alt_open.o)
 .debug_aranges
                0x00000000000004d8       0x20 ../ECE_178_Project_app_bsp/\libhal_bsp.a(alt_release_fd.o)
 .debug_aranges
                0x00000000000004f8       0x20 ../ECE_178_Project_app_bsp/\libhal_bsp.a(alt_tick.o)
 .debug_aranges
                0x0000000000000518       0x20 ../ECE_178_Project_app_bsp/\libhal_bsp.a(altera_nios2_qsys_irq.o)
 .debug_aranges
                0x0000000000000538       0x20 ../ECE_178_Project_app_bsp/\libhal_bsp.a(alt_find_file.o)
 .debug_aranges
                0x0000000000000558       0x20 ../ECE_178_Project_app_bsp/\libhal_bsp.a(alt_get_fd.o)
 .debug_aranges
                0x0000000000000578       0x20 ../ECE_178_Project_app_bsp/\libhal_bsp.a(alt_icache_flush.o)
 .debug_aranges
                0x0000000000000598       0x20 d:/intelfpga_lite/17.1/nios2eds/bin/gnu/h-x86_64-mingw32/bin/../lib/gcc/nios2-elf/5.3.0/../../../../../H-x86_64-mingw32/nios2-elf/lib\libc.a(lib_a-atexit.o)
 .debug_aranges
                0x00000000000005b8       0x20 d:/intelfpga_lite/17.1/nios2eds/bin/gnu/h-x86_64-mingw32/bin/../lib/gcc/nios2-elf/5.3.0/../../../../../H-x86_64-mingw32/nios2-elf/lib\libc.a(lib_a-exit.o)
 .debug_aranges
                0x00000000000005d8       0x18 d:/intelfpga_lite/17.1/nios2eds/bin/gnu/h-x86_64-mingw32/bin/../lib/gcc/nios2-elf/5.3.0/../../../../../H-x86_64-mingw32/nios2-elf/lib\libc.a(lib_a-impure.o)
 .debug_aranges
                0x00000000000005f0       0x18 d:/intelfpga_lite/17.1/nios2eds/bin/gnu/h-x86_64-mingw32/bin/../lib/gcc/nios2-elf/5.3.0/../../../../../H-x86_64-mingw32/nios2-elf/lib\libc.a(lib_a-int_errno.o)
 .debug_aranges
                0x0000000000000608       0x20 d:/intelfpga_lite/17.1/nios2eds/bin/gnu/h-x86_64-mingw32/bin/../lib/gcc/nios2-elf/5.3.0/../../../../../H-x86_64-mingw32/nios2-elf/lib\libc.a(lib_a-memcmp.o)
 .debug_aranges
                0x0000000000000628       0x20 d:/intelfpga_lite/17.1/nios2eds/bin/gnu/h-x86_64-mingw32/bin/../lib/gcc/nios2-elf/5.3.0/../../../../../H-x86_64-mingw32/nios2-elf/lib\libc.a(lib_a-memcpy.o)
 .debug_aranges
                0x0000000000000648       0x20 d:/intelfpga_lite/17.1/nios2eds/bin/gnu/h-x86_64-mingw32/bin/../lib/gcc/nios2-elf/5.3.0/../../../../../H-x86_64-mingw32/nios2-elf/lib\libc.a(lib_a-strlen.o)
 .debug_aranges
                0x0000000000000668       0x20 d:/intelfpga_lite/17.1/nios2eds/bin/gnu/h-x86_64-mingw32/bin/../lib/gcc/nios2-elf/5.3.0/../../../../../H-x86_64-mingw32/nios2-elf/lib\libc.a(lib_a-__atexit.o)
 .debug_aranges
                0x0000000000000688       0x20 d:/intelfpga_lite/17.1/nios2eds/bin/gnu/h-x86_64-mingw32/bin/../lib/gcc/nios2-elf/5.3.0/../../../../../H-x86_64-mingw32/nios2-elf/lib\libc.a(lib_a-__call_atexit.o)
 .debug_aranges
                0x00000000000006a8       0x20 ../ECE_178_Project_app_bsp/\libhal_bsp.a(alt_exit.o)

.debug_pubnames
 *(.debug_pubnames)

.debug_info     0x0000000000000000     0x956c
 *(.debug_info .gnu.linkonce.wi.*)
 .debug_info    0x0000000000000000       0x85 ../ECE_178_Project_app_bsp//obj/HAL/src/crt0.o
 .debug_info    0x0000000000000085      0x604 obj/default/main.o
 .debug_info    0x0000000000000689      0x2b7 d:/intelfpga_lite/17.1/nios2eds/bin/gnu/h-x86_64-mingw32/bin/../lib/gcc/nios2-elf/5.3.0\libgcc.a(addsf3.o)
 .debug_info    0x0000000000000940      0x1d3 d:/intelfpga_lite/17.1/nios2eds/bin/gnu/h-x86_64-mingw32/bin/../lib/gcc/nios2-elf/5.3.0\libgcc.a(gesf2.o)
 .debug_info    0x0000000000000b13      0x1d5 d:/intelfpga_lite/17.1/nios2eds/bin/gnu/h-x86_64-mingw32/bin/../lib/gcc/nios2-elf/5.3.0\libgcc.a(lesf2.o)
 .debug_info    0x0000000000000ce8      0x2b7 d:/intelfpga_lite/17.1/nios2eds/bin/gnu/h-x86_64-mingw32/bin/../lib/gcc/nios2-elf/5.3.0\libgcc.a(subsf3.o)
 .debug_info    0x0000000000000f9f      0x18b d:/intelfpga_lite/17.1/nios2eds/bin/gnu/h-x86_64-mingw32/bin/../lib/gcc/nios2-elf/5.3.0\libgcc.a(fixsfsi.o)
 .debug_info    0x000000000000112a      0x1c7 d:/intelfpga_lite/17.1/nios2eds/bin/gnu/h-x86_64-mingw32/bin/../lib/gcc/nios2-elf/5.3.0\libgcc.a(floatsisf.o)
 .debug_info    0x00000000000012f1      0x124 d:/intelfpga_lite/17.1/nios2eds/bin/gnu/h-x86_64-mingw32/bin/../lib/gcc/nios2-elf/5.3.0\libgcc.a(_clzsi2.o)
 .debug_info    0x0000000000001415       0xb2 d:/intelfpga_lite/17.1/nios2eds/bin/gnu/h-x86_64-mingw32/bin/../lib/gcc/nios2-elf/5.3.0\libgcc.a(_clz.o)
 .debug_info    0x00000000000014c7      0x350 ../ECE_178_Project_app_bsp/\libhal_bsp.a(alt_iic.o)
 .debug_info    0x0000000000001817      0x1ef ../ECE_178_Project_app_bsp/\libhal_bsp.a(alt_iic_isr_register.o)
 .debug_info    0x0000000000001a06       0x8e ../ECE_178_Project_app_bsp/\libhal_bsp.a(alt_irq_entry.o)
 .debug_info    0x0000000000001a94      0x187 ../ECE_178_Project_app_bsp/\libhal_bsp.a(alt_irq_handler.o)
 .debug_info    0x0000000000001c1b       0x88 ../ECE_178_Project_app_bsp/\libhal_bsp.a(alt_irq_vars.o)
 .debug_info    0x0000000000001ca3      0x145 ../ECE_178_Project_app_bsp/\libhal_bsp.a(alt_load.o)
 .debug_info    0x0000000000001de8      0x131 ../ECE_178_Project_app_bsp/\libhal_bsp.a(alt_main.o)
 .debug_info    0x0000000000001f19      0x646 ../ECE_178_Project_app_bsp/\libhal_bsp.a(alt_sys_init.o)
 .debug_info    0x000000000000255f      0x52e ../ECE_178_Project_app_bsp/\libhal_bsp.a(altera_avalon_jtag_uart_fd.o)
 .debug_info    0x0000000000002a8d      0x3a0 ../ECE_178_Project_app_bsp/\libhal_bsp.a(altera_avalon_jtag_uart_init.o)
 .debug_info    0x0000000000002e2d      0x280 ../ECE_178_Project_app_bsp/\libhal_bsp.a(altera_avalon_jtag_uart_ioctl.o)
 .debug_info    0x00000000000030ad      0x345 ../ECE_178_Project_app_bsp/\libhal_bsp.a(altera_avalon_jtag_uart_read.o)
 .debug_info    0x00000000000033f2      0x340 ../ECE_178_Project_app_bsp/\libhal_bsp.a(altera_avalon_jtag_uart_write.o)
 .debug_info    0x0000000000003732      0x226 ../ECE_178_Project_app_bsp/\libhal_bsp.a(altera_avalon_timer_sc.o)
 .debug_info    0x0000000000003958      0xaa3 ../ECE_178_Project_app_bsp/\libhal_bsp.a(altera_up_avalon_video_pixel_buffer_dma.o)
 .debug_info    0x00000000000043fb      0x2cc ../ECE_178_Project_app_bsp/\libhal_bsp.a(alt_alarm_start.o)
 .debug_info    0x00000000000046c7      0x321 ../ECE_178_Project_app_bsp/\libhal_bsp.a(alt_close.o)
 .debug_info    0x00000000000049e8       0xa5 ../ECE_178_Project_app_bsp/\libhal_bsp.a(alt_dcache_flush_all.o)
 .debug_info    0x0000000000004a8d      0x49c ../ECE_178_Project_app_bsp/\libhal_bsp.a(alt_dev.o)
 .debug_info    0x0000000000004f29      0x1a9 ../ECE_178_Project_app_bsp/\libhal_bsp.a(alt_dev_llist_insert.o)
 .debug_info    0x00000000000050d2       0x83 ../ECE_178_Project_app_bsp/\libhal_bsp.a(alt_do_ctors.o)
 .debug_info    0x0000000000005155       0x83 ../ECE_178_Project_app_bsp/\libhal_bsp.a(alt_do_dtors.o)
 .debug_info    0x00000000000051d8       0xa6 ../ECE_178_Project_app_bsp/\libhal_bsp.a(alt_errno.o)
 .debug_info    0x000000000000527e       0x94 ../ECE_178_Project_app_bsp/\libhal_bsp.a(alt_exception_entry.o)
 .debug_info    0x0000000000005312      0x2e9 ../ECE_178_Project_app_bsp/\libhal_bsp.a(alt_find_dev.o)
 .debug_info    0x00000000000055fb       0x92 ../ECE_178_Project_app_bsp/\libhal_bsp.a(alt_icache_flush_all.o)
 .debug_info    0x000000000000568d      0x4a5 ../ECE_178_Project_app_bsp/\libhal_bsp.a(alt_io_redirect.o)
 .debug_info    0x0000000000005b32      0x3bb ../ECE_178_Project_app_bsp/\libhal_bsp.a(alt_open.o)
 .debug_info    0x0000000000005eed      0x2b0 ../ECE_178_Project_app_bsp/\libhal_bsp.a(alt_release_fd.o)
 .debug_info    0x000000000000619d      0x299 ../ECE_178_Project_app_bsp/\libhal_bsp.a(alt_tick.o)
 .debug_info    0x0000000000006436       0x92 ../ECE_178_Project_app_bsp/\libhal_bsp.a(altera_nios2_qsys_irq.o)
 .debug_info    0x00000000000064c8      0x2e6 ../ECE_178_Project_app_bsp/\libhal_bsp.a(alt_find_file.o)
 .debug_info    0x00000000000067ae      0x310 ../ECE_178_Project_app_bsp/\libhal_bsp.a(alt_get_fd.o)
 .debug_info    0x0000000000006abe       0xdc ../ECE_178_Project_app_bsp/\libhal_bsp.a(alt_icache_flush.o)
 .debug_info    0x0000000000006b9a       0xfe d:/intelfpga_lite/17.1/nios2eds/bin/gnu/h-x86_64-mingw32/bin/../lib/gcc/nios2-elf/5.3.0/../../../../../H-x86_64-mingw32/nios2-elf/lib\libc.a(lib_a-atexit.o)
 .debug_info    0x0000000000006c98      0x8e4 d:/intelfpga_lite/17.1/nios2eds/bin/gnu/h-x86_64-mingw32/bin/../lib/gcc/nios2-elf/5.3.0/../../../../../H-x86_64-mingw32/nios2-elf/lib\libc.a(lib_a-exit.o)
 .debug_info    0x000000000000757c      0x8a1 d:/intelfpga_lite/17.1/nios2eds/bin/gnu/h-x86_64-mingw32/bin/../lib/gcc/nios2-elf/5.3.0/../../../../../H-x86_64-mingw32/nios2-elf/lib\libc.a(lib_a-impure.o)
 .debug_info    0x0000000000007e1d       0x8a d:/intelfpga_lite/17.1/nios2eds/bin/gnu/h-x86_64-mingw32/bin/../lib/gcc/nios2-elf/5.3.0/../../../../../H-x86_64-mingw32/nios2-elf/lib\libc.a(lib_a-int_errno.o)
 .debug_info    0x0000000000007ea7      0x11a d:/intelfpga_lite/17.1/nios2eds/bin/gnu/h-x86_64-mingw32/bin/../lib/gcc/nios2-elf/5.3.0/../../../../../H-x86_64-mingw32/nios2-elf/lib\libc.a(lib_a-memcmp.o)
 .debug_info    0x0000000000007fc1      0x144 d:/intelfpga_lite/17.1/nios2eds/bin/gnu/h-x86_64-mingw32/bin/../lib/gcc/nios2-elf/5.3.0/../../../../../H-x86_64-mingw32/nios2-elf/lib\libc.a(lib_a-memcpy.o)
 .debug_info    0x0000000000008105       0xe2 d:/intelfpga_lite/17.1/nios2eds/bin/gnu/h-x86_64-mingw32/bin/../lib/gcc/nios2-elf/5.3.0/../../../../../H-x86_64-mingw32/nios2-elf/lib\libc.a(lib_a-strlen.o)
 .debug_info    0x00000000000081e7      0x934 d:/intelfpga_lite/17.1/nios2eds/bin/gnu/h-x86_64-mingw32/bin/../lib/gcc/nios2-elf/5.3.0/../../../../../H-x86_64-mingw32/nios2-elf/lib\libc.a(lib_a-__atexit.o)
 .debug_info    0x0000000000008b1b      0x965 d:/intelfpga_lite/17.1/nios2eds/bin/gnu/h-x86_64-mingw32/bin/../lib/gcc/nios2-elf/5.3.0/../../../../../H-x86_64-mingw32/nios2-elf/lib\libc.a(lib_a-__call_atexit.o)
 .debug_info    0x0000000000009480       0xec ../ECE_178_Project_app_bsp/\libhal_bsp.a(alt_exit.o)

.debug_abbrev   0x0000000000000000     0x34d7
 *(.debug_abbrev)
 .debug_abbrev  0x0000000000000000       0x12 ../ECE_178_Project_app_bsp//obj/HAL/src/crt0.o
 .debug_abbrev  0x0000000000000012      0x16e obj/default/main.o
 .debug_abbrev  0x0000000000000180      0x13c d:/intelfpga_lite/17.1/nios2eds/bin/gnu/h-x86_64-mingw32/bin/../lib/gcc/nios2-elf/5.3.0\libgcc.a(addsf3.o)
 .debug_abbrev  0x00000000000002bc      0x128 d:/intelfpga_lite/17.1/nios2eds/bin/gnu/h-x86_64-mingw32/bin/../lib/gcc/nios2-elf/5.3.0\libgcc.a(gesf2.o)
 .debug_abbrev  0x00000000000003e4      0x128 d:/intelfpga_lite/17.1/nios2eds/bin/gnu/h-x86_64-mingw32/bin/../lib/gcc/nios2-elf/5.3.0\libgcc.a(lesf2.o)
 .debug_abbrev  0x000000000000050c      0x13a d:/intelfpga_lite/17.1/nios2eds/bin/gnu/h-x86_64-mingw32/bin/../lib/gcc/nios2-elf/5.3.0\libgcc.a(subsf3.o)
 .debug_abbrev  0x0000000000000646      0x135 d:/intelfpga_lite/17.1/nios2eds/bin/gnu/h-x86_64-mingw32/bin/../lib/gcc/nios2-elf/5.3.0\libgcc.a(fixsfsi.o)
 .debug_abbrev  0x000000000000077b      0x147 d:/intelfpga_lite/17.1/nios2eds/bin/gnu/h-x86_64-mingw32/bin/../lib/gcc/nios2-elf/5.3.0\libgcc.a(floatsisf.o)
 .debug_abbrev  0x00000000000008c2       0xbe d:/intelfpga_lite/17.1/nios2eds/bin/gnu/h-x86_64-mingw32/bin/../lib/gcc/nios2-elf/5.3.0\libgcc.a(_clzsi2.o)
 .debug_abbrev  0x0000000000000980       0x5d d:/intelfpga_lite/17.1/nios2eds/bin/gnu/h-x86_64-mingw32/bin/../lib/gcc/nios2-elf/5.3.0\libgcc.a(_clz.o)
 .debug_abbrev  0x00000000000009dd      0x163 ../ECE_178_Project_app_bsp/\libhal_bsp.a(alt_iic.o)
 .debug_abbrev  0x0000000000000b40      0x169 ../ECE_178_Project_app_bsp/\libhal_bsp.a(alt_iic_isr_register.o)
 .debug_abbrev  0x0000000000000ca9       0x12 ../ECE_178_Project_app_bsp/\libhal_bsp.a(alt_irq_entry.o)
 .debug_abbrev  0x0000000000000cbb      0x122 ../ECE_178_Project_app_bsp/\libhal_bsp.a(alt_irq_handler.o)
 .debug_abbrev  0x0000000000000ddd       0x40 ../ECE_178_Project_app_bsp/\libhal_bsp.a(alt_irq_vars.o)
 .debug_abbrev  0x0000000000000e1d       0x9f ../ECE_178_Project_app_bsp/\libhal_bsp.a(alt_load.o)
 .debug_abbrev  0x0000000000000ebc       0xba ../ECE_178_Project_app_bsp/\libhal_bsp.a(alt_main.o)
 .debug_abbrev  0x0000000000000f76      0x178 ../ECE_178_Project_app_bsp/\libhal_bsp.a(alt_sys_init.o)
 .debug_abbrev  0x00000000000010ee      0x127 ../ECE_178_Project_app_bsp/\libhal_bsp.a(altera_avalon_jtag_uart_fd.o)
 .debug_abbrev  0x0000000000001215      0x19e ../ECE_178_Project_app_bsp/\libhal_bsp.a(altera_avalon_jtag_uart_init.o)
 .debug_abbrev  0x00000000000013b3      0x111 ../ECE_178_Project_app_bsp/\libhal_bsp.a(altera_avalon_jtag_uart_ioctl.o)
 .debug_abbrev  0x00000000000014c4      0x1aa ../ECE_178_Project_app_bsp/\libhal_bsp.a(altera_avalon_jtag_uart_read.o)
 .debug_abbrev  0x000000000000166e      0x1a8 ../ECE_178_Project_app_bsp/\libhal_bsp.a(altera_avalon_jtag_uart_write.o)
 .debug_abbrev  0x0000000000001816      0x155 ../ECE_178_Project_app_bsp/\libhal_bsp.a(altera_avalon_timer_sc.o)
 .debug_abbrev  0x000000000000196b      0x1b9 ../ECE_178_Project_app_bsp/\libhal_bsp.a(altera_up_avalon_video_pixel_buffer_dma.o)
 .debug_abbrev  0x0000000000001b24      0x162 ../ECE_178_Project_app_bsp/\libhal_bsp.a(alt_alarm_start.o)
 .debug_abbrev  0x0000000000001c86      0x11f ../ECE_178_Project_app_bsp/\libhal_bsp.a(alt_close.o)
 .debug_abbrev  0x0000000000001da5       0x5a ../ECE_178_Project_app_bsp/\libhal_bsp.a(alt_dcache_flush_all.o)
 .debug_abbrev  0x0000000000001dff       0xd9 ../ECE_178_Project_app_bsp/\libhal_bsp.a(alt_dev.o)
 .debug_abbrev  0x0000000000001ed8      0x114 ../ECE_178_Project_app_bsp/\libhal_bsp.a(alt_dev_llist_insert.o)
 .debug_abbrev  0x0000000000001fec       0x79 ../ECE_178_Project_app_bsp/\libhal_bsp.a(alt_do_ctors.o)
 .debug_abbrev  0x0000000000002065       0x79 ../ECE_178_Project_app_bsp/\libhal_bsp.a(alt_do_dtors.o)
 .debug_abbrev  0x00000000000020de       0x5a ../ECE_178_Project_app_bsp/\libhal_bsp.a(alt_errno.o)
 .debug_abbrev  0x0000000000002138       0x12 ../ECE_178_Project_app_bsp/\libhal_bsp.a(alt_exception_entry.o)
 .debug_abbrev  0x000000000000214a       0xf0 ../ECE_178_Project_app_bsp/\libhal_bsp.a(alt_find_dev.o)
 .debug_abbrev  0x000000000000223a       0x42 ../ECE_178_Project_app_bsp/\libhal_bsp.a(alt_icache_flush_all.o)
 .debug_abbrev  0x000000000000227c      0x114 ../ECE_178_Project_app_bsp/\libhal_bsp.a(alt_io_redirect.o)
 .debug_abbrev  0x0000000000002390      0x148 ../ECE_178_Project_app_bsp/\libhal_bsp.a(alt_open.o)
 .debug_abbrev  0x00000000000024d8       0xde ../ECE_178_Project_app_bsp/\libhal_bsp.a(alt_release_fd.o)
 .debug_abbrev  0x00000000000025b6      0x15a ../ECE_178_Project_app_bsp/\libhal_bsp.a(alt_tick.o)
 .debug_abbrev  0x0000000000002710       0x42 ../ECE_178_Project_app_bsp/\libhal_bsp.a(altera_nios2_qsys_irq.o)
 .debug_abbrev  0x0000000000002752       0xf0 ../ECE_178_Project_app_bsp/\libhal_bsp.a(alt_find_file.o)
 .debug_abbrev  0x0000000000002842      0x10d ../ECE_178_Project_app_bsp/\libhal_bsp.a(alt_get_fd.o)
 .debug_abbrev  0x000000000000294f       0x8c ../ECE_178_Project_app_bsp/\libhal_bsp.a(alt_icache_flush.o)
 .debug_abbrev  0x00000000000029db       0xaa d:/intelfpga_lite/17.1/nios2eds/bin/gnu/h-x86_64-mingw32/bin/../lib/gcc/nios2-elf/5.3.0/../../../../../H-x86_64-mingw32/nios2-elf/lib\libc.a(lib_a-atexit.o)
 .debug_abbrev  0x0000000000002a85      0x1e5 d:/intelfpga_lite/17.1/nios2eds/bin/gnu/h-x86_64-mingw32/bin/../lib/gcc/nios2-elf/5.3.0/../../../../../H-x86_64-mingw32/nios2-elf/lib\libc.a(lib_a-exit.o)
 .debug_abbrev  0x0000000000002c6a      0x18f d:/intelfpga_lite/17.1/nios2eds/bin/gnu/h-x86_64-mingw32/bin/../lib/gcc/nios2-elf/5.3.0/../../../../../H-x86_64-mingw32/nios2-elf/lib\libc.a(lib_a-impure.o)
 .debug_abbrev  0x0000000000002df9       0x37 d:/intelfpga_lite/17.1/nios2eds/bin/gnu/h-x86_64-mingw32/bin/../lib/gcc/nios2-elf/5.3.0/../../../../../H-x86_64-mingw32/nios2-elf/lib\libc.a(lib_a-int_errno.o)
 .debug_abbrev  0x0000000000002e30       0x7f d:/intelfpga_lite/17.1/nios2eds/bin/gnu/h-x86_64-mingw32/bin/../lib/gcc/nios2-elf/5.3.0/../../../../../H-x86_64-mingw32/nios2-elf/lib\libc.a(lib_a-memcmp.o)
 .debug_abbrev  0x0000000000002eaf       0xa3 d:/intelfpga_lite/17.1/nios2eds/bin/gnu/h-x86_64-mingw32/bin/../lib/gcc/nios2-elf/5.3.0/../../../../../H-x86_64-mingw32/nios2-elf/lib\libc.a(lib_a-memcpy.o)
 .debug_abbrev  0x0000000000002f52       0x90 d:/intelfpga_lite/17.1/nios2eds/bin/gnu/h-x86_64-mingw32/bin/../lib/gcc/nios2-elf/5.3.0/../../../../../H-x86_64-mingw32/nios2-elf/lib\libc.a(lib_a-strlen.o)
 .debug_abbrev  0x0000000000002fe2      0x21e d:/intelfpga_lite/17.1/nios2eds/bin/gnu/h-x86_64-mingw32/bin/../lib/gcc/nios2-elf/5.3.0/../../../../../H-x86_64-mingw32/nios2-elf/lib\libc.a(lib_a-__atexit.o)
 .debug_abbrev  0x0000000000003200      0x22e d:/intelfpga_lite/17.1/nios2eds/bin/gnu/h-x86_64-mingw32/bin/../lib/gcc/nios2-elf/5.3.0/../../../../../H-x86_64-mingw32/nios2-elf/lib\libc.a(lib_a-__call_atexit.o)
 .debug_abbrev  0x000000000000342e       0xa9 ../ECE_178_Project_app_bsp/\libhal_bsp.a(alt_exit.o)

.debug_line     0x0000000000000000     0x39b2
 *(.debug_line)
 .debug_line    0x0000000000000000       0x72 ../ECE_178_Project_app_bsp//obj/HAL/src/crt0.o
 .debug_line    0x0000000000000072      0x216 obj/default/main.o
 .debug_line    0x0000000000000288      0x287 d:/intelfpga_lite/17.1/nios2eds/bin/gnu/h-x86_64-mingw32/bin/../lib/gcc/nios2-elf/5.3.0\libgcc.a(addsf3.o)
 .debug_line    0x000000000000050f       0xbc d:/intelfpga_lite/17.1/nios2eds/bin/gnu/h-x86_64-mingw32/bin/../lib/gcc/nios2-elf/5.3.0\libgcc.a(gesf2.o)
 .debug_line    0x00000000000005cb       0xcc d:/intelfpga_lite/17.1/nios2eds/bin/gnu/h-x86_64-mingw32/bin/../lib/gcc/nios2-elf/5.3.0\libgcc.a(lesf2.o)
 .debug_line    0x0000000000000697      0x295 d:/intelfpga_lite/17.1/nios2eds/bin/gnu/h-x86_64-mingw32/bin/../lib/gcc/nios2-elf/5.3.0\libgcc.a(subsf3.o)
 .debug_line    0x000000000000092c       0x97 d:/intelfpga_lite/17.1/nios2eds/bin/gnu/h-x86_64-mingw32/bin/../lib/gcc/nios2-elf/5.3.0\libgcc.a(fixsfsi.o)
 .debug_line    0x00000000000009c3       0xb0 d:/intelfpga_lite/17.1/nios2eds/bin/gnu/h-x86_64-mingw32/bin/../lib/gcc/nios2-elf/5.3.0\libgcc.a(floatsisf.o)
 .debug_line    0x0000000000000a73       0xb7 d:/intelfpga_lite/17.1/nios2eds/bin/gnu/h-x86_64-mingw32/bin/../lib/gcc/nios2-elf/5.3.0\libgcc.a(_clzsi2.o)
 .debug_line    0x0000000000000b2a       0x53 d:/intelfpga_lite/17.1/nios2eds/bin/gnu/h-x86_64-mingw32/bin/../lib/gcc/nios2-elf/5.3.0\libgcc.a(_clz.o)
 .debug_line    0x0000000000000b7d       0xeb ../ECE_178_Project_app_bsp/\libhal_bsp.a(alt_iic.o)
 .debug_line    0x0000000000000c68       0xdb ../ECE_178_Project_app_bsp/\libhal_bsp.a(alt_iic_isr_register.o)
 .debug_line    0x0000000000000d43       0x6b ../ECE_178_Project_app_bsp/\libhal_bsp.a(alt_irq_entry.o)
 .debug_line    0x0000000000000dae       0xaa ../ECE_178_Project_app_bsp/\libhal_bsp.a(alt_irq_handler.o)
 .debug_line    0x0000000000000e58       0x50 ../ECE_178_Project_app_bsp/\libhal_bsp.a(alt_irq_vars.o)
 .debug_line    0x0000000000000ea8       0x8e ../ECE_178_Project_app_bsp/\libhal_bsp.a(alt_load.o)
 .debug_line    0x0000000000000f36       0xa4 ../ECE_178_Project_app_bsp/\libhal_bsp.a(alt_main.o)
 .debug_line    0x0000000000000fda      0x1d7 ../ECE_178_Project_app_bsp/\libhal_bsp.a(alt_sys_init.o)
 .debug_line    0x00000000000011b1      0x12f ../ECE_178_Project_app_bsp/\libhal_bsp.a(altera_avalon_jtag_uart_fd.o)
 .debug_line    0x00000000000012e0      0x18b ../ECE_178_Project_app_bsp/\libhal_bsp.a(altera_avalon_jtag_uart_init.o)
 .debug_line    0x000000000000146b      0x131 ../ECE_178_Project_app_bsp/\libhal_bsp.a(altera_avalon_jtag_uart_ioctl.o)
 .debug_line    0x000000000000159c      0x171 ../ECE_178_Project_app_bsp/\libhal_bsp.a(altera_avalon_jtag_uart_read.o)
 .debug_line    0x000000000000170d      0x170 ../ECE_178_Project_app_bsp/\libhal_bsp.a(altera_avalon_jtag_uart_write.o)
 .debug_line    0x000000000000187d       0xfd ../ECE_178_Project_app_bsp/\libhal_bsp.a(altera_avalon_timer_sc.o)
 .debug_line    0x000000000000197a      0x4be ../ECE_178_Project_app_bsp/\libhal_bsp.a(altera_up_avalon_video_pixel_buffer_dma.o)
 .debug_line    0x0000000000001e38       0xf9 ../ECE_178_Project_app_bsp/\libhal_bsp.a(alt_alarm_start.o)
 .debug_line    0x0000000000001f31      0x165 ../ECE_178_Project_app_bsp/\libhal_bsp.a(alt_close.o)
 .debug_line    0x0000000000002096       0x61 ../ECE_178_Project_app_bsp/\libhal_bsp.a(alt_dcache_flush_all.o)
 .debug_line    0x00000000000020f7       0xf8 ../ECE_178_Project_app_bsp/\libhal_bsp.a(alt_dev.o)
 .debug_line    0x00000000000021ef       0xcf ../ECE_178_Project_app_bsp/\libhal_bsp.a(alt_dev_llist_insert.o)
 .debug_line    0x00000000000022be       0x59 ../ECE_178_Project_app_bsp/\libhal_bsp.a(alt_do_ctors.o)
 .debug_line    0x0000000000002317       0x59 ../ECE_178_Project_app_bsp/\libhal_bsp.a(alt_do_dtors.o)
 .debug_line    0x0000000000002370       0x51 ../ECE_178_Project_app_bsp/\libhal_bsp.a(alt_errno.o)
 .debug_line    0x00000000000023c1       0xab ../ECE_178_Project_app_bsp/\libhal_bsp.a(alt_exception_entry.o)
 .debug_line    0x000000000000246c       0xb5 ../ECE_178_Project_app_bsp/\libhal_bsp.a(alt_find_dev.o)
 .debug_line    0x0000000000002521       0x50 ../ECE_178_Project_app_bsp/\libhal_bsp.a(alt_icache_flush_all.o)
 .debug_line    0x0000000000002571      0x133 ../ECE_178_Project_app_bsp/\libhal_bsp.a(alt_io_redirect.o)
 .debug_line    0x00000000000026a4      0x128 ../ECE_178_Project_app_bsp/\libhal_bsp.a(alt_open.o)
 .debug_line    0x00000000000027cc       0xae ../ECE_178_Project_app_bsp/\libhal_bsp.a(alt_release_fd.o)
 .debug_line    0x000000000000287a       0xff ../ECE_178_Project_app_bsp/\libhal_bsp.a(alt_tick.o)
 .debug_line    0x0000000000002979       0x51 ../ECE_178_Project_app_bsp/\libhal_bsp.a(altera_nios2_qsys_irq.o)
 .debug_line    0x00000000000029ca       0xd1 ../ECE_178_Project_app_bsp/\libhal_bsp.a(alt_find_file.o)
 .debug_line    0x0000000000002a9b       0xd4 ../ECE_178_Project_app_bsp/\libhal_bsp.a(alt_get_fd.o)
 .debug_line    0x0000000000002b6f       0x81 ../ECE_178_Project_app_bsp/\libhal_bsp.a(alt_icache_flush.o)
 .debug_line    0x0000000000002bf0       0xe4 d:/intelfpga_lite/17.1/nios2eds/bin/gnu/h-x86_64-mingw32/bin/../lib/gcc/nios2-elf/5.3.0/../../../../../H-x86_64-mingw32/nios2-elf/lib\libc.a(lib_a-atexit.o)
 .debug_line    0x0000000000002cd4      0x1f9 d:/intelfpga_lite/17.1/nios2eds/bin/gnu/h-x86_64-mingw32/bin/../lib/gcc/nios2-elf/5.3.0/../../../../../H-x86_64-mingw32/nios2-elf/lib\libc.a(lib_a-exit.o)
 .debug_line    0x0000000000002ecd      0x15d d:/intelfpga_lite/17.1/nios2eds/bin/gnu/h-x86_64-mingw32/bin/../lib/gcc/nios2-elf/5.3.0/../../../../../H-x86_64-mingw32/nios2-elf/lib\libc.a(lib_a-impure.o)
 .debug_line    0x000000000000302a       0x5c d:/intelfpga_lite/17.1/nios2eds/bin/gnu/h-x86_64-mingw32/bin/../lib/gcc/nios2-elf/5.3.0/../../../../../H-x86_64-mingw32/nios2-elf/lib\libc.a(lib_a-int_errno.o)
 .debug_line    0x0000000000003086      0x173 d:/intelfpga_lite/17.1/nios2eds/bin/gnu/h-x86_64-mingw32/bin/../lib/gcc/nios2-elf/5.3.0/../../../../../H-x86_64-mingw32/nios2-elf/lib\libc.a(lib_a-memcmp.o)
 .debug_line    0x00000000000031f9      0x189 d:/intelfpga_lite/17.1/nios2eds/bin/gnu/h-x86_64-mingw32/bin/../lib/gcc/nios2-elf/5.3.0/../../../../../H-x86_64-mingw32/nios2-elf/lib\libc.a(lib_a-memcpy.o)
 .debug_line    0x0000000000003382      0x16c d:/intelfpga_lite/17.1/nios2eds/bin/gnu/h-x86_64-mingw32/bin/../lib/gcc/nios2-elf/5.3.0/../../../../../H-x86_64-mingw32/nios2-elf/lib\libc.a(lib_a-strlen.o)
 .debug_line    0x00000000000034ee      0x21c d:/intelfpga_lite/17.1/nios2eds/bin/gnu/h-x86_64-mingw32/bin/../lib/gcc/nios2-elf/5.3.0/../../../../../H-x86_64-mingw32/nios2-elf/lib\libc.a(lib_a-__atexit.o)
 .debug_line    0x000000000000370a      0x237 d:/intelfpga_lite/17.1/nios2eds/bin/gnu/h-x86_64-mingw32/bin/../lib/gcc/nios2-elf/5.3.0/../../../../../H-x86_64-mingw32/nios2-elf/lib\libc.a(lib_a-__call_atexit.o)
 .debug_line    0x0000000000003941       0x71 ../ECE_178_Project_app_bsp/\libhal_bsp.a(alt_exit.o)

.debug_frame    0x0000000000000000      0xfec
 *(.debug_frame)
 .debug_frame   0x0000000000000000      0x1d0 obj/default/main.o
 .debug_frame   0x00000000000001d0       0x3c d:/intelfpga_lite/17.1/nios2eds/bin/gnu/h-x86_64-mingw32/bin/../lib/gcc/nios2-elf/5.3.0\libgcc.a(addsf3.o)
 .debug_frame   0x000000000000020c       0x20 d:/intelfpga_lite/17.1/nios2eds/bin/gnu/h-x86_64-mingw32/bin/../lib/gcc/nios2-elf/5.3.0\libgcc.a(gesf2.o)
 .debug_frame   0x000000000000022c       0x20 d:/intelfpga_lite/17.1/nios2eds/bin/gnu/h-x86_64-mingw32/bin/../lib/gcc/nios2-elf/5.3.0\libgcc.a(lesf2.o)
 .debug_frame   0x000000000000024c       0x40 d:/intelfpga_lite/17.1/nios2eds/bin/gnu/h-x86_64-mingw32/bin/../lib/gcc/nios2-elf/5.3.0\libgcc.a(subsf3.o)
 .debug_frame   0x000000000000028c       0x20 d:/intelfpga_lite/17.1/nios2eds/bin/gnu/h-x86_64-mingw32/bin/../lib/gcc/nios2-elf/5.3.0\libgcc.a(fixsfsi.o)
 .debug_frame   0x00000000000002ac       0x38 d:/intelfpga_lite/17.1/nios2eds/bin/gnu/h-x86_64-mingw32/bin/../lib/gcc/nios2-elf/5.3.0\libgcc.a(floatsisf.o)
 .debug_frame   0x00000000000002e4       0x20 d:/intelfpga_lite/17.1/nios2eds/bin/gnu/h-x86_64-mingw32/bin/../lib/gcc/nios2-elf/5.3.0\libgcc.a(_clzsi2.o)
 .debug_frame   0x0000000000000304       0xa4 ../ECE_178_Project_app_bsp/\libhal_bsp.a(alt_iic.o)
 .debug_frame   0x00000000000003a8       0x38 ../ECE_178_Project_app_bsp/\libhal_bsp.a(alt_iic_isr_register.o)
 .debug_frame   0x00000000000003e0       0x38 ../ECE_178_Project_app_bsp/\libhal_bsp.a(alt_irq_handler.o)
 .debug_frame   0x0000000000000418       0x5c ../ECE_178_Project_app_bsp/\libhal_bsp.a(alt_load.o)
 .debug_frame   0x0000000000000474       0x2c ../ECE_178_Project_app_bsp/\libhal_bsp.a(alt_main.o)
 .debug_frame   0x00000000000004a0       0x88 ../ECE_178_Project_app_bsp/\libhal_bsp.a(alt_sys_init.o)
 .debug_frame   0x0000000000000528       0xb0 ../ECE_178_Project_app_bsp/\libhal_bsp.a(altera_avalon_jtag_uart_fd.o)
 .debug_frame   0x00000000000005d8       0xa4 ../ECE_178_Project_app_bsp/\libhal_bsp.a(altera_avalon_jtag_uart_init.o)
 .debug_frame   0x000000000000067c       0x34 ../ECE_178_Project_app_bsp/\libhal_bsp.a(altera_avalon_jtag_uart_ioctl.o)
 .debug_frame   0x00000000000006b0       0x38 ../ECE_178_Project_app_bsp/\libhal_bsp.a(altera_avalon_jtag_uart_read.o)
 .debug_frame   0x00000000000006e8       0x38 ../ECE_178_Project_app_bsp/\libhal_bsp.a(altera_avalon_jtag_uart_write.o)
 .debug_frame   0x0000000000000720       0x60 ../ECE_178_Project_app_bsp/\libhal_bsp.a(altera_avalon_timer_sc.o)
 .debug_frame   0x0000000000000780      0x270 ../ECE_178_Project_app_bsp/\libhal_bsp.a(altera_up_avalon_video_pixel_buffer_dma.o)
 .debug_frame   0x00000000000009f0       0x34 ../ECE_178_Project_app_bsp/\libhal_bsp.a(alt_alarm_start.o)
 .debug_frame   0x0000000000000a24       0x60 ../ECE_178_Project_app_bsp/\libhal_bsp.a(alt_close.o)
 .debug_frame   0x0000000000000a84       0x34 ../ECE_178_Project_app_bsp/\libhal_bsp.a(alt_dcache_flush_all.o)
 .debug_frame   0x0000000000000ab8       0x34 ../ECE_178_Project_app_bsp/\libhal_bsp.a(alt_dev.o)
 .debug_frame   0x0000000000000aec       0x60 ../ECE_178_Project_app_bsp/\libhal_bsp.a(alt_dev_llist_insert.o)
 .debug_frame   0x0000000000000b4c       0x38 ../ECE_178_Project_app_bsp/\libhal_bsp.a(alt_do_ctors.o)
 .debug_frame   0x0000000000000b84       0x38 ../ECE_178_Project_app_bsp/\libhal_bsp.a(alt_do_dtors.o)
 .debug_frame   0x0000000000000bbc       0x38 ../ECE_178_Project_app_bsp/\libhal_bsp.a(alt_find_dev.o)
 .debug_frame   0x0000000000000bf4       0x38 ../ECE_178_Project_app_bsp/\libhal_bsp.a(alt_icache_flush_all.o)
 .debug_frame   0x0000000000000c2c       0x60 ../ECE_178_Project_app_bsp/\libhal_bsp.a(alt_io_redirect.o)
 .debug_frame   0x0000000000000c8c       0x84 ../ECE_178_Project_app_bsp/\libhal_bsp.a(alt_open.o)
 .debug_frame   0x0000000000000d10       0x34 ../ECE_178_Project_app_bsp/\libhal_bsp.a(alt_release_fd.o)
 .debug_frame   0x0000000000000d44       0x5c ../ECE_178_Project_app_bsp/\libhal_bsp.a(alt_tick.o)
 .debug_frame   0x0000000000000da0       0x34 ../ECE_178_Project_app_bsp/\libhal_bsp.a(altera_nios2_qsys_irq.o)
 .debug_frame   0x0000000000000dd4       0x38 ../ECE_178_Project_app_bsp/\libhal_bsp.a(alt_find_file.o)
 .debug_frame   0x0000000000000e0c       0x34 ../ECE_178_Project_app_bsp/\libhal_bsp.a(alt_get_fd.o)
 .debug_frame   0x0000000000000e40       0x34 ../ECE_178_Project_app_bsp/\libhal_bsp.a(alt_icache_flush.o)
 .debug_frame   0x0000000000000e74       0x20 d:/intelfpga_lite/17.1/nios2eds/bin/gnu/h-x86_64-mingw32/bin/../lib/gcc/nios2-elf/5.3.0/../../../../../H-x86_64-mingw32/nios2-elf/lib\libc.a(lib_a-atexit.o)
 .debug_frame   0x0000000000000e94       0x28 d:/intelfpga_lite/17.1/nios2eds/bin/gnu/h-x86_64-mingw32/bin/../lib/gcc/nios2-elf/5.3.0/../../../../../H-x86_64-mingw32/nios2-elf/lib\libc.a(lib_a-exit.o)
 .debug_frame   0x0000000000000ebc       0x20 d:/intelfpga_lite/17.1/nios2eds/bin/gnu/h-x86_64-mingw32/bin/../lib/gcc/nios2-elf/5.3.0/../../../../../H-x86_64-mingw32/nios2-elf/lib\libc.a(lib_a-memcmp.o)
 .debug_frame   0x0000000000000edc       0x38 d:/intelfpga_lite/17.1/nios2eds/bin/gnu/h-x86_64-mingw32/bin/../lib/gcc/nios2-elf/5.3.0/../../../../../H-x86_64-mingw32/nios2-elf/lib\libc.a(lib_a-memcpy.o)
 .debug_frame   0x0000000000000f14       0x20 d:/intelfpga_lite/17.1/nios2eds/bin/gnu/h-x86_64-mingw32/bin/../lib/gcc/nios2-elf/5.3.0/../../../../../H-x86_64-mingw32/nios2-elf/lib\libc.a(lib_a-strlen.o)
 .debug_frame   0x0000000000000f34       0x38 d:/intelfpga_lite/17.1/nios2eds/bin/gnu/h-x86_64-mingw32/bin/../lib/gcc/nios2-elf/5.3.0/../../../../../H-x86_64-mingw32/nios2-elf/lib\libc.a(lib_a-__atexit.o)
 .debug_frame   0x0000000000000f6c       0x54 d:/intelfpga_lite/17.1/nios2eds/bin/gnu/h-x86_64-mingw32/bin/../lib/gcc/nios2-elf/5.3.0/../../../../../H-x86_64-mingw32/nios2-elf/lib\libc.a(lib_a-__call_atexit.o)
 .debug_frame   0x0000000000000fc0       0x2c ../ECE_178_Project_app_bsp/\libhal_bsp.a(alt_exit.o)

.debug_str      0x0000000000000000     0x1e79
 *(.debug_str)
 .debug_str     0x0000000000000000      0x2eb obj/default/main.o
                                        0x37c (size before relaxing)
 .debug_str     0x00000000000002eb      0x1e4 d:/intelfpga_lite/17.1/nios2eds/bin/gnu/h-x86_64-mingw32/bin/../lib/gcc/nios2-elf/5.3.0\libgcc.a(addsf3.o)
                                        0x269 (size before relaxing)
 .debug_str     0x00000000000004cf       0x58 d:/intelfpga_lite/17.1/nios2eds/bin/gnu/h-x86_64-mingw32/bin/../lib/gcc/nios2-elf/5.3.0\libgcc.a(gesf2.o)
                                        0x1fd (size before relaxing)
 .debug_str     0x0000000000000527       0x34 d:/intelfpga_lite/17.1/nios2eds/bin/gnu/h-x86_64-mingw32/bin/../lib/gcc/nios2-elf/5.3.0\libgcc.a(lesf2.o)
                                        0x1fd (size before relaxing)
 .debug_str     0x000000000000055b       0x36 d:/intelfpga_lite/17.1/nios2eds/bin/gnu/h-x86_64-mingw32/bin/../lib/gcc/nios2-elf/5.3.0\libgcc.a(subsf3.o)
                                        0x269 (size before relaxing)
 .debug_str     0x0000000000000591       0x53 d:/intelfpga_lite/17.1/nios2eds/bin/gnu/h-x86_64-mingw32/bin/../lib/gcc/nios2-elf/5.3.0\libgcc.a(fixsfsi.o)
                                        0x1ff (size before relaxing)
 .debug_str     0x00000000000005e4       0x69 d:/intelfpga_lite/17.1/nios2eds/bin/gnu/h-x86_64-mingw32/bin/../lib/gcc/nios2-elf/5.3.0\libgcc.a(floatsisf.o)
                                        0x234 (size before relaxing)
 .debug_str     0x000000000000064d       0x6c d:/intelfpga_lite/17.1/nios2eds/bin/gnu/h-x86_64-mingw32/bin/../lib/gcc/nios2-elf/5.3.0\libgcc.a(_clzsi2.o)
                                        0x1e6 (size before relaxing)
 .debug_str     0x00000000000006b9      0x1c9 d:/intelfpga_lite/17.1/nios2eds/bin/gnu/h-x86_64-mingw32/bin/../lib/gcc/nios2-elf/5.3.0\libgcc.a(_clz.o)
 .debug_str     0x00000000000006b9      0x139 ../ECE_178_Project_app_bsp/\libhal_bsp.a(alt_iic.o)
                                        0x24f (size before relaxing)
 .debug_str     0x00000000000007f2       0x4c ../ECE_178_Project_app_bsp/\libhal_bsp.a(alt_iic_isr_register.o)
                                        0x1f9 (size before relaxing)
 .debug_str     0x000000000000083e       0x3a ../ECE_178_Project_app_bsp/\libhal_bsp.a(alt_irq_handler.o)
                                        0x1a8 (size before relaxing)
 .debug_str     0x0000000000000878       0x17 ../ECE_178_Project_app_bsp/\libhal_bsp.a(alt_irq_vars.o)
                                        0x14b (size before relaxing)
 .debug_str     0x000000000000088f       0xe9 ../ECE_178_Project_app_bsp/\libhal_bsp.a(alt_load.o)
                                        0x223 (size before relaxing)
 .debug_str     0x0000000000000978       0x44 ../ECE_178_Project_app_bsp/\libhal_bsp.a(alt_main.o)
                                        0x1ae (size before relaxing)
 .debug_str     0x00000000000009bc      0x246 ../ECE_178_Project_app_bsp/\libhal_bsp.a(alt_sys_init.o)
                                        0x512 (size before relaxing)
 .debug_str     0x0000000000000c02       0xb2 ../ECE_178_Project_app_bsp/\libhal_bsp.a(altera_avalon_jtag_uart_fd.o)
                                        0x3b5 (size before relaxing)
 .debug_str     0x0000000000000cb4       0xd1 ../ECE_178_Project_app_bsp/\libhal_bsp.a(altera_avalon_jtag_uart_init.o)
                                        0x349 (size before relaxing)
 .debug_str     0x0000000000000d85       0x4a ../ECE_178_Project_app_bsp/\libhal_bsp.a(altera_avalon_jtag_uart_ioctl.o)
                                        0x2a4 (size before relaxing)
 .debug_str     0x0000000000000dcf       0x48 ../ECE_178_Project_app_bsp/\libhal_bsp.a(altera_avalon_jtag_uart_read.o)
                                        0x2f9 (size before relaxing)
 .debug_str     0x0000000000000e17       0x4a ../ECE_178_Project_app_bsp/\libhal_bsp.a(altera_avalon_jtag_uart_write.o)
                                        0x2fa (size before relaxing)
 .debug_str     0x0000000000000e61       0x6d ../ECE_178_Project_app_bsp/\libhal_bsp.a(altera_avalon_timer_sc.o)
                                        0x25c (size before relaxing)
 .debug_str     0x0000000000000ece      0x270 ../ECE_178_Project_app_bsp/\libhal_bsp.a(altera_up_avalon_video_pixel_buffer_dma.o)
                                        0x522 (size before relaxing)
 .debug_str     0x000000000000113e       0x5f ../ECE_178_Project_app_bsp/\libhal_bsp.a(alt_alarm_start.o)
                                        0x28f (size before relaxing)
 .debug_str     0x000000000000119d       0x44 ../ECE_178_Project_app_bsp/\libhal_bsp.a(alt_close.o)
                                        0x21c (size before relaxing)
 .debug_str     0x00000000000011e1       0x34 ../ECE_178_Project_app_bsp/\libhal_bsp.a(alt_dcache_flush_all.o)
                                        0x166 (size before relaxing)
 .debug_str     0x0000000000001215      0x120 ../ECE_178_Project_app_bsp/\libhal_bsp.a(alt_dev.o)
                                        0x316 (size before relaxing)
 .debug_str     0x0000000000001335       0x34 ../ECE_178_Project_app_bsp/\libhal_bsp.a(alt_dev_llist_insert.o)
                                        0x1dd (size before relaxing)
 .debug_str     0x0000000000001369       0x48 ../ECE_178_Project_app_bsp/\libhal_bsp.a(alt_do_ctors.o)
                                         0xe1 (size before relaxing)
 .debug_str     0x00000000000013b1       0x4c ../ECE_178_Project_app_bsp/\libhal_bsp.a(alt_do_dtors.o)
                                         0xe0 (size before relaxing)
 .debug_str     0x00000000000013fd       0x14 ../ECE_178_Project_app_bsp/\libhal_bsp.a(alt_errno.o)
                                        0x156 (size before relaxing)
 .debug_str     0x0000000000001411       0x24 ../ECE_178_Project_app_bsp/\libhal_bsp.a(alt_find_dev.o)
                                        0x1fd (size before relaxing)
 .debug_str     0x0000000000001435       0x34 ../ECE_178_Project_app_bsp/\libhal_bsp.a(alt_icache_flush_all.o)
                                        0x166 (size before relaxing)
 .debug_str     0x0000000000001469       0x56 ../ECE_178_Project_app_bsp/\libhal_bsp.a(alt_io_redirect.o)
                                        0x327 (size before relaxing)
 .debug_str     0x00000000000014bf       0x2f ../ECE_178_Project_app_bsp/\libhal_bsp.a(alt_open.o)
                                        0x25c (size before relaxing)
 .debug_str     0x00000000000014ee       0x28 ../ECE_178_Project_app_bsp/\libhal_bsp.a(alt_release_fd.o)
                                        0x1e4 (size before relaxing)
 .debug_str     0x0000000000001516       0x4a ../ECE_178_Project_app_bsp/\libhal_bsp.a(alt_tick.o)
                                        0x263 (size before relaxing)
 .debug_str     0x0000000000001560       0x3b ../ECE_178_Project_app_bsp/\libhal_bsp.a(altera_nios2_qsys_irq.o)
                                        0x16d (size before relaxing)
 .debug_str     0x000000000000159b       0x26 ../ECE_178_Project_app_bsp/\libhal_bsp.a(alt_find_file.o)
                                        0x20b (size before relaxing)
 .debug_str     0x00000000000015c1       0x30 ../ECE_178_Project_app_bsp/\libhal_bsp.a(alt_get_fd.o)
                                        0x22d (size before relaxing)
 .debug_str     0x00000000000015f1       0x2c ../ECE_178_Project_app_bsp/\libhal_bsp.a(alt_icache_flush.o)
                                        0x16c (size before relaxing)
 .debug_str     0x000000000000161d      0x162 d:/intelfpga_lite/17.1/nios2eds/bin/gnu/h-x86_64-mingw32/bin/../lib/gcc/nios2-elf/5.3.0/../../../../../H-x86_64-mingw32/nios2-elf/lib\libc.a(lib_a-atexit.o)
                                        0x207 (size before relaxing)
 .debug_str     0x000000000000177f      0x3ac d:/intelfpga_lite/17.1/nios2eds/bin/gnu/h-x86_64-mingw32/bin/../lib/gcc/nios2-elf/5.3.0/../../../../../H-x86_64-mingw32/nios2-elf/lib\libc.a(lib_a-exit.o)
                                        0x5a4 (size before relaxing)
 .debug_str     0x0000000000001b2b       0xc8 d:/intelfpga_lite/17.1/nios2eds/bin/gnu/h-x86_64-mingw32/bin/../lib/gcc/nios2-elf/5.3.0/../../../../../H-x86_64-mingw32/nios2-elf/lib\libc.a(lib_a-impure.o)
                                        0x59b (size before relaxing)
 .debug_str     0x0000000000001bf3       0x3c d:/intelfpga_lite/17.1/nios2eds/bin/gnu/h-x86_64-mingw32/bin/../lib/gcc/nios2-elf/5.3.0/../../../../../H-x86_64-mingw32/nios2-elf/lib\libc.a(lib_a-int_errno.o)
                                        0x1c3 (size before relaxing)
 .debug_str     0x0000000000001c2f       0xcc d:/intelfpga_lite/17.1/nios2eds/bin/gnu/h-x86_64-mingw32/bin/../lib/gcc/nios2-elf/5.3.0/../../../../../H-x86_64-mingw32/nios2-elf/lib\libc.a(lib_a-memcmp.o)
                                        0x1ca (size before relaxing)
 .debug_str     0x0000000000001cfb       0x68 d:/intelfpga_lite/17.1/nios2eds/bin/gnu/h-x86_64-mingw32/bin/../lib/gcc/nios2-elf/5.3.0/../../../../../H-x86_64-mingw32/nios2-elf/lib\libc.a(lib_a-memcpy.o)
                                        0x1f1 (size before relaxing)
 .debug_str     0x0000000000001d63       0x4e d:/intelfpga_lite/17.1/nios2eds/bin/gnu/h-x86_64-mingw32/bin/../lib/gcc/nios2-elf/5.3.0/../../../../../H-x86_64-mingw32/nios2-elf/lib\libc.a(lib_a-strlen.o)
                                        0x1dd (size before relaxing)