Archive member included to satisfy reference by file (symbol)

../ECE_178_Project_app_bsp/\libhal_bsp.a(alt_load.o)
                              ../ECE_178_Project_app_bsp//obj/HAL/src/crt0.o (alt_load)
../ECE_178_Project_app_bsp/\libhal_bsp.a(alt_main.o)
                              ../ECE_178_Project_app_bsp//obj/HAL/src/crt0.o (alt_main)
../ECE_178_Project_app_bsp/\libhal_bsp.a(alt_sys_init.o)
                              ../ECE_178_Project_app_bsp/\libhal_bsp.a(alt_main.o) (alt_irq_init)
../ECE_178_Project_app_bsp/\libhal_bsp.a(altera_avalon_jtag_uart_fd.o)
                              ../ECE_178_Project_app_bsp/\libhal_bsp.a(alt_sys_init.o) (altera_avalon_jtag_uart_read_fd)
../ECE_178_Project_app_bsp/\libhal_bsp.a(altera_avalon_jtag_uart_init.o)
                              ../ECE_178_Project_app_bsp/\libhal_bsp.a(alt_sys_init.o) (altera_avalon_jtag_uart_init)
../ECE_178_Project_app_bsp/\libhal_bsp.a(altera_avalon_jtag_uart_ioctl.o)
                              ../ECE_178_Project_app_bsp/\libhal_bsp.a(altera_avalon_jtag_uart_fd.o) (altera_avalon_jtag_uart_ioctl)
../ECE_178_Project_app_bsp/\libhal_bsp.a(altera_avalon_jtag_uart_read.o)
                              ../ECE_178_Project_app_bsp/\libhal_bsp.a(altera_avalon_jtag_uart_fd.o) (altera_avalon_jtag_uart_read)
../ECE_178_Project_app_bsp/\libhal_bsp.a(altera_avalon_jtag_uart_write.o)
                              ../ECE_178_Project_app_bsp/\libhal_bsp.a(altera_avalon_jtag_uart_fd.o) (altera_avalon_jtag_uart_write)
../ECE_178_Project_app_bsp/\libhal_bsp.a(altera_avalon_timer_sc.o)
                              ../ECE_178_Project_app_bsp/\libhal_bsp.a(alt_sys_init.o) (alt_avalon_timer_sc_init)
../ECE_178_Project_app_bsp/\libhal_bsp.a(altera_up_avalon_video_character_buffer_with_dma.o)
                              ../ECE_178_Project_app_bsp/\libhal_bsp.a(alt_sys_init.o) (alt_up_char_buffer_init)
../ECE_178_Project_app_bsp/\libhal_bsp.a(alt_alarm_start.o)
                              ../ECE_178_Project_app_bsp/\libhal_bsp.a(altera_avalon_jtag_uart_init.o) (alt_alarm_start)
../ECE_178_Project_app_bsp/\libhal_bsp.a(alt_close.o)
                              ../ECE_178_Project_app_bsp/\libhal_bsp.a(alt_main.o) (close)
../ECE_178_Project_app_bsp/\libhal_bsp.a(alt_dcache_flush_all.o)
                              ../ECE_178_Project_app_bsp/\libhal_bsp.a(alt_load.o) (alt_dcache_flush_all)
../ECE_178_Project_app_bsp/\libhal_bsp.a(alt_dev.o)
                              ../ECE_178_Project_app_bsp/\libhal_bsp.a(alt_sys_init.o) (alt_dev_list)
../ECE_178_Project_app_bsp/\libhal_bsp.a(alt_dev_llist_insert.o)
                              ../ECE_178_Project_app_bsp/\libhal_bsp.a(alt_sys_init.o) (alt_dev_llist_insert)
../ECE_178_Project_app_bsp/\libhal_bsp.a(alt_do_ctors.o)
                              ../ECE_178_Project_app_bsp/\libhal_bsp.a(alt_main.o) (_do_ctors)
../ECE_178_Project_app_bsp/\libhal_bsp.a(alt_do_dtors.o)
                              ../ECE_178_Project_app_bsp/\libhal_bsp.a(alt_main.o) (_do_dtors)
../ECE_178_Project_app_bsp/\libhal_bsp.a(alt_errno.o)
                              ../ECE_178_Project_app_bsp/\libhal_bsp.a(alt_close.o) (alt_errno)
../ECE_178_Project_app_bsp/\libhal_bsp.a(alt_find_dev.o)
                              ../ECE_178_Project_app_bsp/\libhal_bsp.a(altera_up_avalon_video_character_buffer_with_dma.o) (alt_find_dev)
../ECE_178_Project_app_bsp/\libhal_bsp.a(alt_icache_flush_all.o)
                              ../ECE_178_Project_app_bsp/\libhal_bsp.a(alt_load.o) (alt_icache_flush_all)
../ECE_178_Project_app_bsp/\libhal_bsp.a(alt_iic.o)
                              ../ECE_178_Project_app_bsp/\libhal_bsp.a(altera_avalon_jtag_uart_init.o) (alt_ic_isr_register)
../ECE_178_Project_app_bsp/\libhal_bsp.a(alt_iic_isr_register.o)
                              ../ECE_178_Project_app_bsp/\libhal_bsp.a(alt_iic.o) (alt_iic_isr_register)
../ECE_178_Project_app_bsp/\libhal_bsp.a(alt_io_redirect.o)
                              ../ECE_178_Project_app_bsp/\libhal_bsp.a(alt_main.o) (alt_io_redirect)
../ECE_178_Project_app_bsp/\libhal_bsp.a(alt_irq_entry.o)
                              ../ECE_178_Project_app_bsp/\libhal_bsp.a(alt_iic_isr_register.o) (alt_irq_entry)
../ECE_178_Project_app_bsp/\libhal_bsp.a(alt_irq_handler.o)
                              ../ECE_178_Project_app_bsp/\libhal_bsp.a(alt_iic_isr_register.o) (alt_irq)
../ECE_178_Project_app_bsp/\libhal_bsp.a(alt_irq_vars.o)
                              ../ECE_178_Project_app_bsp/\libhal_bsp.a(alt_iic.o) (alt_irq_active)
../ECE_178_Project_app_bsp/\libhal_bsp.a(alt_open.o)
                              ../ECE_178_Project_app_bsp/\libhal_bsp.a(alt_io_redirect.o) (open)
../ECE_178_Project_app_bsp/\libhal_bsp.a(alt_release_fd.o)
                              ../ECE_178_Project_app_bsp/\libhal_bsp.a(alt_close.o) (alt_release_fd)
../ECE_178_Project_app_bsp/\libhal_bsp.a(alt_tick.o)
                              ../ECE_178_Project_app_bsp/\libhal_bsp.a(altera_avalon_jtag_uart_init.o) (_alt_tick_rate)
../ECE_178_Project_app_bsp/\libhal_bsp.a(altera_nios2_qsys_irq.o)
                              ../ECE_178_Project_app_bsp/\libhal_bsp.a(alt_sys_init.o) (altera_nios2_qsys_irq_init)
../ECE_178_Project_app_bsp/\libhal_bsp.a(alt_exception_entry.o)
                              ../ECE_178_Project_app_bsp/\libhal_bsp.a(alt_irq_entry.o) (alt_exception)
../ECE_178_Project_app_bsp/\libhal_bsp.a(alt_find_file.o)
                              ../ECE_178_Project_app_bsp/\libhal_bsp.a(alt_open.o) (alt_find_file)
../ECE_178_Project_app_bsp/\libhal_bsp.a(alt_get_fd.o)
                              ../ECE_178_Project_app_bsp/\libhal_bsp.a(alt_open.o) (alt_get_fd)
../ECE_178_Project_app_bsp/\libhal_bsp.a(alt_icache_flush.o)
                              ../ECE_178_Project_app_bsp/\libhal_bsp.a(alt_icache_flush_all.o) (alt_icache_flush)
d:/intelfpga_lite/17.1/nios2eds/bin/gnu/h-x86_64-mingw32/bin/../lib/gcc/nios2-elf/5.3.0/../../../../../H-x86_64-mingw32/nios2-elf/lib\libc.a(lib_a-atexit.o)
                              ../ECE_178_Project_app_bsp/\libhal_bsp.a(alt_main.o) (atexit)
d:/intelfpga_lite/17.1/nios2eds/bin/gnu/h-x86_64-mingw32/bin/../lib/gcc/nios2-elf/5.3.0/../../../../../H-x86_64-mingw32/nios2-elf/lib\libc.a(lib_a-exit.o)
                              ../ECE_178_Project_app_bsp/\libhal_bsp.a(alt_main.o) (exit)
d:/intelfpga_lite/17.1/nios2eds/bin/gnu/h-x86_64-mingw32/bin/../lib/gcc/nios2-elf/5.3.0/../../../../../H-x86_64-mingw32/nios2-elf/lib\libc.a(lib_a-impure.o)
                              d:/intelfpga_lite/17.1/nios2eds/bin/gnu/h-x86_64-mingw32/bin/../lib/gcc/nios2-elf/5.3.0/../../../../../H-x86_64-mingw32/nios2-elf/lib\libc.a(lib_a-exit.o) (_global_impure_ptr)
d:/intelfpga_lite/17.1/nios2eds/bin/gnu/h-x86_64-mingw32/bin/../lib/gcc/nios2-elf/5.3.0/../../../../../H-x86_64-mingw32/nios2-elf/lib\libc.a(lib_a-int_errno.o)
                              ../ECE_178_Project_app_bsp/\libhal_bsp.a(alt_close.o) (errno)
d:/intelfpga_lite/17.1/nios2eds/bin/gnu/h-x86_64-mingw32/bin/../lib/gcc/nios2-elf/5.3.0/../../../../../H-x86_64-mingw32/nios2-elf/lib\libc.a(lib_a-memcmp.o)
                              ../ECE_178_Project_app_bsp/\libhal_bsp.a(alt_find_dev.o) (memcmp)
d:/intelfpga_lite/17.1/nios2eds/bin/gnu/h-x86_64-mingw32/bin/../lib/gcc/nios2-elf/5.3.0/../../../../../H-x86_64-mingw32/nios2-elf/lib\libc.a(lib_a-memcpy.o)
                              ../ECE_178_Project_app_bsp/\libhal_bsp.a(altera_avalon_jtag_uart_read.o) (memcpy)
d:/intelfpga_lite/17.1/nios2eds/bin/gnu/h-x86_64-mingw32/bin/../lib/gcc/nios2-elf/5.3.0/../../../../../H-x86_64-mingw32/nios2-elf/lib\libc.a(lib_a-strcmp.o)
                              ../ECE_178_Project_app_bsp/\libhal_bsp.a(altera_up_avalon_video_character_buffer_with_dma.o) (strcmp)
d:/intelfpga_lite/17.1/nios2eds/bin/gnu/h-x86_64-mingw32/bin/../lib/gcc/nios2-elf/5.3.0/../../../../../H-x86_64-mingw32/nios2-elf/lib\libc.a(lib_a-strlen.o)
                              ../ECE_178_Project_app_bsp/\libhal_bsp.a(alt_find_dev.o) (strlen)
d:/intelfpga_lite/17.1/nios2eds/bin/gnu/h-x86_64-mingw32/bin/../lib/gcc/nios2-elf/5.3.0/../../../../../H-x86_64-mingw32/nios2-elf/lib\libc.a(lib_a-__atexit.o)
                              d:/intelfpga_lite/17.1/nios2eds/bin/gnu/h-x86_64-mingw32/bin/../lib/gcc/nios2-elf/5.3.0/../../../../../H-x86_64-mingw32/nios2-elf/lib\libc.a(lib_a-atexit.o) (__register_exitproc)
d:/intelfpga_lite/17.1/nios2eds/bin/gnu/h-x86_64-mingw32/bin/../lib/gcc/nios2-elf/5.3.0/../../../../../H-x86_64-mingw32/nios2-elf/lib\libc.a(lib_a-__call_atexit.o)
                              d:/intelfpga_lite/17.1/nios2eds/bin/gnu/h-x86_64-mingw32/bin/../lib/gcc/nios2-elf/5.3.0/../../../../../H-x86_64-mingw32/nios2-elf/lib\libc.a(lib_a-exit.o) (__call_exitprocs)
../ECE_178_Project_app_bsp/\libhal_bsp.a(alt_exit.o)
                              d:/intelfpga_lite/17.1/nios2eds/bin/gnu/h-x86_64-mingw32/bin/../lib/gcc/nios2-elf/5.3.0/../../../../../H-x86_64-mingw32/nios2-elf/lib\libc.a(lib_a-exit.o) (_exit)

Allocating common symbols
Common symbol       size              file

alt_irq             0x100             ../ECE_178_Project_app_bsp/\libhal_bsp.a(alt_irq_handler.o)
errno               0x4               d:/intelfpga_lite/17.1/nios2eds/bin/gnu/h-x86_64-mingw32/bin/../lib/gcc/nios2-elf/5.3.0/../../../../../H-x86_64-mingw32/nios2-elf/lib\libc.a(lib_a-int_errno.o)

Memory Configuration

Name             Origin             Length             Attributes
onchip_memory    0x0000000000000000 0x0000000000001000
reset            0x0000000008000000 0x0000000000000020
sdram_controller 0x0000000008000020 0x0000000007ffffe0
*default*        0x0000000000000000 0xffffffffffffffff

Linker script and memory map

LOAD ../ECE_178_Project_app_bsp//obj/HAL/src/crt0.o
LOAD obj/default/main.o
LOAD d:/intelfpga_lite/17.1/nios2eds/bin/gnu/h-x86_64-mingw32/bin/../lib/gcc/nios2-elf/5.3.0/../../../../../H-x86_64-mingw32/nios2-elf/lib\libstdc++.a
LOAD d:/intelfpga_lite/17.1/nios2eds/bin/gnu/h-x86_64-mingw32/bin/../lib/gcc/nios2-elf/5.3.0/../../../../../H-x86_64-mingw32/nios2-elf/lib\libm.a
LOAD d:/intelfpga_lite/17.1/nios2eds/bin/gnu/h-x86_64-mingw32/bin/../lib/gcc/nios2-elf/5.3.0\libgcc.a
START GROUP
LOAD d:/intelfpga_lite/17.1/nios2eds/bin/gnu/h-x86_64-mingw32/bin/../lib/gcc/nios2-elf/5.3.0/../../../../../H-x86_64-mingw32/nios2-elf/lib\libc.a
LOAD d:/intelfpga_lite/17.1/nios2eds/bin/gnu/h-x86_64-mingw32/bin/../lib/gcc/nios2-elf/5.3.0\libgcc.a
LOAD ../ECE_178_Project_app_bsp/\libhal_bsp.a
LOAD d:/intelfpga_lite/17.1/nios2eds/bin/gnu/h-x86_64-mingw32/bin/../lib/gcc/nios2-elf/5.3.0/../../../../../H-x86_64-mingw32/nios2-elf/lib\libm.a
END GROUP
LOAD d:/intelfpga_lite/17.1/nios2eds/bin/gnu/h-x86_64-mingw32/bin/../lib/gcc/nios2-elf/5.3.0\libgcc.a
                0x0000000000000000                __alt_mem_onchip_memory = 0x0
                0x0000000008000000                __alt_mem_sdram_controller = 0x8000000

.entry          0x0000000008000000       0x20
 *(.entry)
 .entry         0x0000000008000000       0x20 ../ECE_178_Project_app_bsp//obj/HAL/src/crt0.o
                0x0000000008000000                __reset

.exceptions     0x0000000008000020      0x1a0
                0x0000000008000020                PROVIDE (__ram_exceptions_start, ABSOLUTE (.))
                0x0000000008000020                . = ALIGN (0x20)
 *(.irq)
 *(.exceptions.entry.label)
 .exceptions.entry.label
                0x0000000008000020        0x0 ../ECE_178_Project_app_bsp/\libhal_bsp.a(alt_irq_entry.o)
                0x0000000008000020                alt_irq_entry
 .exceptions.entry.label
                0x0000000008000020        0x0 ../ECE_178_Project_app_bsp/\libhal_bsp.a(alt_exception_entry.o)
                0x0000000008000020                alt_exception
 *(.exceptions.entry.user)
 *(.exceptions.entry.ecc_fatal)
 *(.exceptions.entry)
 .exceptions.entry
                0x0000000008000020       0x54 ../ECE_178_Project_app_bsp/\libhal_bsp.a(alt_exception_entry.o)
 *(.exceptions.irqtest.user)
 *(.exceptions.irqtest)
 .exceptions.irqtest
                0x0000000008000074       0x10 ../ECE_178_Project_app_bsp/\libhal_bsp.a(alt_irq_entry.o)
 *(.exceptions.irqhandler.user)
 *(.exceptions.irqhandler)
 .exceptions.irqhandler
                0x0000000008000084        0x4 ../ECE_178_Project_app_bsp/\libhal_bsp.a(alt_irq_entry.o)
 *(.exceptions.irqreturn.user)
 *(.exceptions.irqreturn)
 .exceptions.irqreturn
                0x0000000008000088        0x4 ../ECE_178_Project_app_bsp/\libhal_bsp.a(alt_irq_entry.o)
 *(.exceptions.notirq.label)
 .exceptions.notirq.label
                0x000000000800008c        0x0 ../ECE_178_Project_app_bsp/\libhal_bsp.a(alt_irq_entry.o)
 *(.exceptions.notirq.user)
 *(.exceptions.notirq)
 .exceptions.notirq
                0x000000000800008c        0x8 ../ECE_178_Project_app_bsp/\libhal_bsp.a(alt_exception_entry.o)
 *(.exceptions.soft.user)
 *(.exceptions.soft)
 *(.exceptions.unknown.user)
 *(.exceptions.unknown)
 .exceptions.unknown
                0x0000000008000094        0x4 ../ECE_178_Project_app_bsp/\libhal_bsp.a(alt_exception_entry.o)
 *(.exceptions.exit.label)
 .exceptions.exit.label
                0x0000000008000098        0x0 ../ECE_178_Project_app_bsp/\libhal_bsp.a(alt_irq_entry.o)
 .exceptions.exit.label
                0x0000000008000098        0x0 ../ECE_178_Project_app_bsp/\libhal_bsp.a(alt_exception_entry.o)
 *(.exceptions.exit.user)
 *(.exceptions.exit)
 .exceptions.exit
                0x0000000008000098       0x54 ../ECE_178_Project_app_bsp/\libhal_bsp.a(alt_exception_entry.o)
 *(.exceptions)
 .exceptions    0x00000000080000ec       0xd4 ../ECE_178_Project_app_bsp/\libhal_bsp.a(alt_irq_handler.o)
                0x00000000080000ec                alt_irq_handler
                0x00000000080001c0                PROVIDE (__ram_exceptions_end, ABSOLUTE (.))
                0x0000000008000020                PROVIDE (__flash_exceptions_start, LOADADDR (.exceptions))

.text           0x00000000080001c0     0x2b80
                [!provide]                        PROVIDE (stext, ABSOLUTE (.))
 *(.interp)
 *(.hash)
 *(.dynsym)
 *(.dynstr)
 *(.gnu.version)
 *(.gnu.version_d)
 *(.gnu.version_r)
 *(.rel.init)
 *(.rela.init)
 *(.rel.text .rel.text.* .rel.gnu.linkonce.t.*)
 *(.rela.text .rela.text.* .rela.gnu.linkonce.t.*)
 *(.rel.fini)
 *(.rela.fini)
 *(.rel.rodata .rel.rodata.* .rel.gnu.linkonce.r.*)
 *(.rela.rodata .rela.rodata.* .rela.gnu.linkonce.r.*)
 *(.rel.data .rel.data.* .rel.gnu.linkonce.d.*)
 *(.rela.data .rela.data.* .rela.gnu.linkonce.d.*)
 *(.rel.tdata .rel.tdata.* .rel.gnu.linkonce.td.*)
 *(.rela.tdata .rela.tdata.* .rela.gnu.linkonce.td.*)
 *(.rel.tbss .rel.tbss.* .rel.gnu.linkonce.tb.*)
 *(.rela.tbss .rela.tbss.* .rela.gnu.linkonce.tb.*)
 *(.rel.ctors)
 *(.rela.ctors)
 *(.rel.dtors)
 *(.rela.dtors)
 *(.rel.got)
 *(.rela.got)
 *(.rel.sdata .rel.sdata.* .rel.gnu.linkonce.s.*)
 *(.rela.sdata .rela.sdata.* .rela.gnu.linkonce.s.*)
 *(.rel.sbss .rel.sbss.* .rel.gnu.linkonce.sb.*)
 *(.rela.sbss .rela.sbss.* .rela.gnu.linkonce.sb.*)
 *(.rel.sdata2 .rel.sdata2.* .rel.gnu.linkonce.s2.*)
 *(.rela.sdata2 .rela.sdata2.* .rela.gnu.linkonce.s2.*)
 *(.rel.sbss2 .rel.sbss2.* .rel.gnu.linkonce.sb2.*)
 *(.rela.sbss2 .rela.sbss2.* .rela.gnu.linkonce.sb2.*)
 *(.rel.bss .rel.bss.* .rel.gnu.linkonce.b.*)
 *(.rela.bss .rela.bss.* .rela.gnu.linkonce.b.*)
 *(.rel.plt)
 *(.rela.plt)
 *(.rel.dyn)
 *(.init)
 *(.plt)
 *(.text .stub .text.* .gnu.linkonce.t.*)
 .text          0x00000000080001c0       0x4c ../ECE_178_Project_app_bsp//obj/HAL/src/crt0.o
                0x00000000080001c0                _start
 .text          0x000000000800020c      0x158 obj/default/main.o
                0x000000000800020c                main
 .text          0x0000000008000364       0xec ../ECE_178_Project_app_bsp/\libhal_bsp.a(alt_load.o)
                0x00000000080003cc                alt_load
 .text          0x0000000008000450       0x7c ../ECE_178_Project_app_bsp/\libhal_bsp.a(alt_main.o)
                0x0000000008000450                alt_main
 .text          0x00000000080004cc      0x43c ../ECE_178_Project_app_bsp/\libhal_bsp.a(alt_sys_init.o)
                0x0000000008000500                alt_irq_init
                0x0000000008000538                alt_sys_init
 .text          0x0000000008000908      0x164 ../ECE_178_Project_app_bsp/\libhal_bsp.a(altera_avalon_jtag_uart_fd.o)
                0x0000000008000908                altera_avalon_jtag_uart_read_fd
                0x0000000008000968                altera_avalon_jtag_uart_write_fd
                0x00000000080009c8                altera_avalon_jtag_uart_close_fd
                0x0000000008000a18                altera_avalon_jtag_uart_ioctl_fd
 .text          0x0000000008000a6c      0x3d4 ../ECE_178_Project_app_bsp/\libhal_bsp.a(altera_avalon_jtag_uart_init.o)
                0x0000000008000a6c                altera_avalon_jtag_uart_init
                0x0000000008000dd8                altera_avalon_jtag_uart_close
 .text          0x0000000008000e40       0xf0 ../ECE_178_Project_app_bsp/\libhal_bsp.a(altera_avalon_jtag_uart_ioctl.o)
                0x0000000008000e40                altera_avalon_jtag_uart_ioctl
 .text          0x0000000008000f30      0x21c ../ECE_178_Project_app_bsp/\libhal_bsp.a(altera_avalon_jtag_uart_read.o)
                0x0000000008000f30                altera_avalon_jtag_uart_read
 .text          0x000000000800114c      0x224 ../ECE_178_Project_app_bsp/\libhal_bsp.a(altera_avalon_jtag_uart_write.o)
                0x000000000800114c                altera_avalon_jtag_uart_write
 .text          0x0000000008001370       0xf4 ../ECE_178_Project_app_bsp/\libhal_bsp.a(altera_avalon_timer_sc.o)
                0x00000000080013e8                alt_avalon_timer_sc_init
 .text          0x0000000008001464      0x2e0 ../ECE_178_Project_app_bsp/\libhal_bsp.a(altera_up_avalon_video_character_buffer_with_dma.o)
                0x0000000008001464                alt_up_char_buffer_init
                0x00000000080014e4                alt_up_char_buffer_open_dev
                0x0000000008001520                alt_up_char_buffer_draw
                0x00000000080015ec                alt_up_char_buffer_string
                0x00000000080016e8                alt_up_char_buffer_clear
 .text          0x0000000008001744      0x12c ../ECE_178_Project_app_bsp/\libhal_bsp.a(alt_alarm_start.o)
                0x0000000008001744                alt_alarm_start
 .text          0x0000000008001870      0x10c ../ECE_178_Project_app_bsp/\libhal_bsp.a(alt_close.o)
                0x00000000080018ac                close
 .text          0x000000000800197c       0x48 ../ECE_178_Project_app_bsp/\libhal_bsp.a(alt_dcache_flush_all.o)
                0x000000000800197c                alt_dcache_flush_all
 .text          0x00000000080019c4       0x2c ../ECE_178_Project_app_bsp/\libhal_bsp.a(alt_dev.o)
 .text          0x00000000080019f0       0xe0 ../ECE_178_Project_app_bsp/\libhal_bsp.a(alt_dev_llist_insert.o)
                0x0000000008001a2c                alt_dev_llist_insert
 .text          0x0000000008001ad0       0x60 ../ECE_178_Project_app_bsp/\libhal_bsp.a(alt_do_ctors.o)
                0x0000000008001ad0                _do_ctors
 .text          0x0000000008001b30       0x60 ../ECE_178_Project_app_bsp/\libhal_bsp.a(alt_do_dtors.o)
                0x0000000008001b30                _do_dtors
 .text          0x0000000008001b90        0x0 ../ECE_178_Project_app_bsp/\libhal_bsp.a(alt_errno.o)
 .text          0x0000000008001b90       0x90 ../ECE_178_Project_app_bsp/\libhal_bsp.a(alt_find_dev.o)
                0x0000000008001b90                alt_find_dev
 .text          0x0000000008001c20       0x34 ../ECE_178_Project_app_bsp/\libhal_bsp.a(alt_icache_flush_all.o)
                0x0000000008001c20                alt_icache_flush_all
 .text          0x0000000008001c54      0x1b0 ../ECE_178_Project_app_bsp/\libhal_bsp.a(alt_iic.o)
                0x0000000008001c54                alt_ic_isr_register
                0x0000000008001ca4                alt_ic_irq_enable
                0x0000000008001d2c                alt_ic_irq_disable
                0x0000000008001db8                alt_ic_irq_enabled
 .text          0x0000000008001e04       0xf0 ../ECE_178_Project_app_bsp/\libhal_bsp.a(alt_iic_isr_register.o)
                0x0000000008001e04                alt_iic_isr_register
 .text          0x0000000008001ef4      0x140 ../ECE_178_Project_app_bsp/\libhal_bsp.a(alt_io_redirect.o)
                0x0000000008001fb8                alt_io_redirect
 .text          0x0000000008002034        0x0 ../ECE_178_Project_app_bsp/\libhal_bsp.a(alt_irq_entry.o)
 .text          0x0000000008002034        0x0 ../ECE_178_Project_app_bsp/\libhal_bsp.a(alt_irq_handler.o)
 .text          0x0000000008002034        0x0 ../ECE_178_Project_app_bsp/\libhal_bsp.a(alt_irq_vars.o)
 .text          0x0000000008002034      0x254 ../ECE_178_Project_app_bsp/\libhal_bsp.a(alt_open.o)
                0x0000000008002134                open
 .text          0x0000000008002288       0x64 ../ECE_178_Project_app_bsp/\libhal_bsp.a(alt_release_fd.o)
                0x0000000008002288                alt_release_fd
 .text          0x00000000080022ec      0x1a4 ../ECE_178_Project_app_bsp/\libhal_bsp.a(alt_tick.o)
                0x00000000080022ec                alt_alarm_stop
                0x0000000008002388                alt_tick
 .text          0x0000000008002490       0x24 ../ECE_178_Project_app_bsp/\libhal_bsp.a(altera_nios2_qsys_irq.o)
                0x0000000008002490                altera_nios2_qsys_irq_init
 .text          0x00000000080024b4        0x0 ../ECE_178_Project_app_bsp/\libhal_bsp.a(alt_exception_entry.o)
 .text          0x00000000080024b4      0x108 ../ECE_178_Project_app_bsp/\libhal_bsp.a(alt_find_file.o)
                0x00000000080024b4                alt_find_file
 .text          0x00000000080025bc       0xa4 ../ECE_178_Project_app_bsp/\libhal_bsp.a(alt_get_fd.o)
                0x00000000080025bc                alt_get_fd
 .text          0x0000000008002660       0x90 ../ECE_178_Project_app_bsp/\libhal_bsp.a(alt_icache_flush.o)
                0x0000000008002660                alt_icache_flush
 .text          0x00000000080026f0        0x0 d:/intelfpga_lite/17.1/nios2eds/bin/gnu/h-x86_64-mingw32/bin/../lib/gcc/nios2-elf/5.3.0/../../../../../H-x86_64-mingw32/nios2-elf/lib\libc.a(lib_a-atexit.o)
 .text.atexit   0x00000000080026f0       0x14 d:/intelfpga_lite/17.1/nios2eds/bin/gnu/h-x86_64-mingw32/bin/../lib/gcc/nios2-elf/5.3.0/../../../../../H-x86_64-mingw32/nios2-elf/lib\libc.a(lib_a-atexit.o)
                0x00000000080026f0                atexit
 .text          0x0000000008002704        0x0 d:/intelfpga_lite/17.1/nios2eds/bin/gnu/h-x86_64-mingw32/bin/../lib/gcc/nios2-elf/5.3.0/../../../../../H-x86_64-mingw32/nios2-elf/lib\libc.a(lib_a-exit.o)
 .text.exit     0x0000000008002704       0x38 d:/intelfpga_lite/17.1/nios2eds/bin/gnu/h-x86_64-mingw32/bin/../lib/gcc/nios2-elf/5.3.0/../../../../../H-x86_64-mingw32/nios2-elf/lib\libc.a(lib_a-exit.o)
                0x0000000008002704                exit
 .text          0x000000000800273c        0x0 d:/intelfpga_lite/17.1/nios2eds/bin/gnu/h-x86_64-mingw32/bin/../lib/gcc/nios2-elf/5.3.0/../../../../../H-x86_64-mingw32/nios2-elf/lib\libc.a(lib_a-impure.o)
 .text          0x000000000800273c        0x0 d:/intelfpga_lite/17.1/nios2eds/bin/gnu/h-x86_64-mingw32/bin/../lib/gcc/nios2-elf/5.3.0/../../../../../H-x86_64-mingw32/nios2-elf/lib\libc.a(lib_a-int_errno.o)
 .text          0x000000000800273c        0x0 d:/intelfpga_lite/17.1/nios2eds/bin/gnu/h-x86_64-mingw32/bin/../lib/gcc/nios2-elf/5.3.0/../../../../../H-x86_64-mingw32/nios2-elf/lib\libc.a(lib_a-memcmp.o)
 .text.memcmp   0x000000000800273c       0x7c d:/intelfpga_lite/17.1/nios2eds/bin/gnu/h-x86_64-mingw32/bin/../lib/gcc/nios2-elf/5.3.0/../../../../../H-x86_64-mingw32/nios2-elf/lib\libc.a(lib_a-memcmp.o)
                0x000000000800273c                memcmp
 .text          0x00000000080027b8        0x0 d:/intelfpga_lite/17.1/nios2eds/bin/gnu/h-x86_64-mingw32/bin/../lib/gcc/nios2-elf/5.3.0/../../../../../H-x86_64-mingw32/nios2-elf/lib\libc.a(lib_a-memcpy.o)
 .text.memcpy   0x00000000080027b8      0x148 d:/intelfpga_lite/17.1/nios2eds/bin/gnu/h-x86_64-mingw32/bin/../lib/gcc/nios2-elf/5.3.0/../../../../../H-x86_64-mingw32/nios2-elf/lib\libc.a(lib_a-memcpy.o)
                0x00000000080027b8                memcpy
 .text          0x0000000008002900        0x0 d:/intelfpga_lite/17.1/nios2eds/bin/gnu/h-x86_64-mingw32/bin/../lib/gcc/nios2-elf/5.3.0/../../../../../H-x86_64-mingw32/nios2-elf/lib\libc.a(lib_a-strcmp.o)
 .text.strcmp   0x0000000008002900       0xdc d:/intelfpga_lite/17.1/nios2eds/bin/gnu/h-x86_64-mingw32/bin/../lib/gcc/nios2-elf/5.3.0/../../../../../H-x86_64-mingw32/nios2-elf/lib\libc.a(lib_a-strcmp.o)
                0x0000000008002900                strcmp
 .text          0x00000000080029dc        0x0 d:/intelfpga_lite/17.1/nios2eds/bin/gnu/h-x86_64-mingw32/bin/../lib/gcc/nios2-elf/5.3.0/../../../../../H-x86_64-mingw32/nios2-elf/lib\libc.a(lib_a-strlen.o)
 .text.strlen   0x00000000080029dc       0x98 d:/intelfpga_lite/17.1/nios2eds/bin/gnu/h-x86_64-mingw32/bin/../lib/gcc/nios2-elf/5.3.0/../../../../../H-x86_64-mingw32/nios2-elf/lib\libc.a(lib_a-strlen.o)
                0x00000000080029dc                strlen
 .text          0x0000000008002a74        0x0 d:/intelfpga_lite/17.1/nios2eds/bin/gnu/h-x86_64-mingw32/bin/../lib/gcc/nios2-elf/5.3.0/../../../../../H-x86_64-mingw32/nios2-elf/lib\libc.a(lib_a-__atexit.o)
 .text.__register_exitproc
                0x0000000008002a74      0x118 d:/intelfpga_lite/17.1/nios2eds/bin/gnu/h-x86_64-mingw32/bin/../lib/gcc/nios2-elf/5.3.0/../../../../../H-x86_64-mingw32/nios2-elf/lib\libc.a(lib_a-__atexit.o)
                0x0000000008002a74                __register_exitproc
 .text          0x0000000008002b8c        0x0 d:/intelfpga_lite/17.1/nios2eds/bin/gnu/h-x86_64-mingw32/bin/../lib/gcc/nios2-elf/5.3.0/../../../../../H-x86_64-mingw32/nios2-elf/lib\libc.a(lib_a-__call_atexit.o)
 .text.__call_exitprocs
                0x0000000008002b8c      0x180 d:/intelfpga_lite/17.1/nios2eds/bin/gnu/h-x86_64-mingw32/bin/../lib/gcc/nios2-elf/5.3.0/../../../../../H-x86_64-mingw32/nios2-elf/lib\libc.a(lib_a-__call_atexit.o)
                0x0000000008002b8c                __call_exitprocs
 .text          0x0000000008002d0c       0x34 ../ECE_178_Project_app_bsp/\libhal_bsp.a(alt_exit.o)
                0x0000000008002d0c                _exit
 *(.gnu.warning.*)
 *(.fini)
                [!provide]                        PROVIDE (__etext, ABSOLUTE (.))
                [!provide]                        PROVIDE (_etext, ABSOLUTE (.))
                [!provide]                        PROVIDE (etext, ABSOLUTE (.))
 *(.eh_frame_hdr)
                0x0000000008002d40                . = ALIGN (0x4)
                [!provide]                        PROVIDE (__preinit_array_start, ABSOLUTE (.))
 *(.preinit_array)
                [!provide]                        PROVIDE (__preinit_array_end, ABSOLUTE (.))
                [!provide]                        PROVIDE (__init_array_start, ABSOLUTE (.))
 *(.init_array)
                [!provide]                        PROVIDE (__init_array_end, ABSOLUTE (.))
                [!provide]                        PROVIDE (__fini_array_start, ABSOLUTE (.))
 *(.fini_array)
                [!provide]                        PROVIDE (__fini_array_end, ABSOLUTE (.))
 *(.eh_frame)
 *(.gcc_except_table .gcc_except_table.*)
 *(.dynamic)
                0x0000000008002d40                PROVIDE (__CTOR_LIST__, ABSOLUTE (.))
 *(.ctors)
 *(SORT(.ctors.*))
                0x0000000008002d40                PROVIDE (__CTOR_END__, ABSOLUTE (.))
                0x0000000008002d40                PROVIDE (__DTOR_LIST__, ABSOLUTE (.))
 *(.dtors)
 *(SORT(.dtors.*))
                0x0000000008002d40                PROVIDE (__DTOR_END__, ABSOLUTE (.))
 *(.jcr)
                0x0000000008002d40                . = ALIGN (0x4)

.rodata         0x0000000008002d40       0xc4
                0x0000000008002d40                PROVIDE (__ram_rodata_start, ABSOLUTE (.))
                0x0000000008002d40                . = ALIGN (0x4)
 *(.rodata .rodata.* .gnu.linkonce.r.*)
 .rodata        0x0000000008002d40        0xf ../ECE_178_Project_app_bsp/\libhal_bsp.a(alt_main.o)
 *fill*         0x0000000008002d4f        0x1 
 .rodata        0x0000000008002d50       0x85 ../ECE_178_Project_app_bsp/\libhal_bsp.a(alt_sys_init.o)
 *fill*         0x0000000008002dd5        0x3 
 .rodata        0x0000000008002dd8       0x1a ../ECE_178_Project_app_bsp/\libhal_bsp.a(altera_up_avalon_video_character_buffer_with_dma.o)
 *fill*         0x0000000008002df2        0x2 
 .rodata        0x0000000008002df4        0xa ../ECE_178_Project_app_bsp/\libhal_bsp.a(alt_dev.o)
 *fill*         0x0000000008002dfe        0x2 
 .rodata.str1.4
                0x0000000008002e00        0x4 d:/intelfpga_lite/17.1/nios2eds/bin/gnu/h-x86_64-mingw32/bin/../lib/gcc/nios2-elf/5.3.0/../../../../../H-x86_64-mingw32/nios2-elf/lib\libc.a(lib_a-impure.o)
                                          0x2 (size before relaxing)
 *(.rodata1)
                0x0000000008002e04                . = ALIGN (0x4)
                0x0000000008002e04                PROVIDE (__ram_rodata_end, ABSOLUTE (.))
                0x0000000008002d40                PROVIDE (__flash_rodata_start, LOADADDR (.rodata))

.rwdata         0x0000000008002e04     0x1738 load address 0x000000000800453c
                0x0000000008002e04                PROVIDE (__ram_rwdata_start, ABSOLUTE (.))
                0x0000000008002e04                . = ALIGN (0x4)
 *(.got.plt)
 *(.got)
 *(.data1)
 *(.data .data.* .gnu.linkonce.d.*)
 .data          0x0000000008002e04        0x0 ../ECE_178_Project_app_bsp//obj/HAL/src/crt0.o
 .data          0x0000000008002e04        0x0 obj/default/main.o
 .data          0x0000000008002e04        0x0 ../ECE_178_Project_app_bsp/\libhal_bsp.a(alt_load.o)
 .data          0x0000000008002e04        0x0 ../ECE_178_Project_app_bsp/\libhal_bsp.a(alt_main.o)
 .data          0x0000000008002e04     0x1140 ../ECE_178_Project_app_bsp/\libhal_bsp.a(alt_sys_init.o)
 .data          0x0000000008003f44        0x0 ../ECE_178_Project_app_bsp/\libhal_bsp.a(altera_avalon_jtag_uart_fd.o)
 .data          0x0000000008003f44        0x0 ../ECE_178_Project_app_bsp/\libhal_bsp.a(altera_avalon_jtag_uart_init.o)
 .data          0x0000000008003f44        0x0 ../ECE_178_Project_app_bsp/\libhal_bsp.a(altera_avalon_jtag_uart_ioctl.o)
 .data          0x0000000008003f44        0x0 ../ECE_178_Project_app_bsp/\libhal_bsp.a(altera_avalon_jtag_uart_read.o)
 .data          0x0000000008003f44        0x0 ../ECE_178_Project_app_bsp/\libhal_bsp.a(altera_avalon_jtag_uart_write.o)
 .data          0x0000000008003f44        0x0 ../ECE_178_Project_app_bsp/\libhal_bsp.a(altera_avalon_timer_sc.o)
 .data          0x0000000008003f44        0x0 ../ECE_178_Project_app_bsp/\libhal_bsp.a(altera_up_avalon_video_character_buffer_with_dma.o)
 .data          0x0000000008003f44        0x0 ../ECE_178_Project_app_bsp/\libhal_bsp.a(alt_alarm_start.o)
 .data          0x0000000008003f44        0x0 ../ECE_178_Project_app_bsp/\libhal_bsp.a(alt_close.o)
 .data          0x0000000008003f44        0x0 ../ECE_178_Project_app_bsp/\libhal_bsp.a(alt_dcache_flush_all.o)
 .data          0x0000000008003f44      0x1a8 ../ECE_178_Project_app_bsp/\libhal_bsp.a(alt_dev.o)
                0x0000000008003f44                alt_dev_null
                0x0000000008003f6c                alt_fd_list
 .data          0x00000000080040ec        0x0 ../ECE_178_Project_app_bsp/\libhal_bsp.a(alt_dev_llist_insert.o)
 .data          0x00000000080040ec        0x0 ../ECE_178_Project_app_bsp/\libhal_bsp.a(alt_do_ctors.o)
 .data          0x00000000080040ec        0x0 ../ECE_178_Project_app_bsp/\libhal_bsp.a(alt_do_dtors.o)
 .data          0x00000000080040ec        0x0 ../ECE_178_Project_app_bsp/\libhal_bsp.a(alt_errno.o)
 .data          0x00000000080040ec        0x0 ../ECE_178_Project_app_bsp/\libhal_bsp.a(alt_find_dev.o)
 .data          0x00000000080040ec        0x0 ../ECE_178_Project_app_bsp/\libhal_bsp.a(alt_icache_flush_all.o)
 .data          0x00000000080040ec        0x0 ../ECE_178_Project_app_bsp/\libhal_bsp.a(alt_iic.o)
 .data          0x00000000080040ec        0x0 ../ECE_178_Project_app_bsp/\libhal_bsp.a(alt_iic_isr_register.o)
 .data          0x00000000080040ec        0x0 ../ECE_178_Project_app_bsp/\libhal_bsp.a(alt_io_redirect.o)
 .data          0x00000000080040ec        0x0 ../ECE_178_Project_app_bsp/\libhal_bsp.a(alt_irq_entry.o)
 .data          0x00000000080040ec        0x0 ../ECE_178_Project_app_bsp/\libhal_bsp.a(alt_irq_handler.o)
 .data          0x00000000080040ec        0x0 ../ECE_178_Project_app_bsp/\libhal_bsp.a(alt_irq_vars.o)
 .data          0x00000000080040ec        0x0 ../ECE_178_Project_app_bsp/\libhal_bsp.a(alt_open.o)
 .data          0x00000000080040ec        0x0 ../ECE_178_Project_app_bsp/\libhal_bsp.a(alt_release_fd.o)
 .data          0x00000000080040ec        0x0 ../ECE_178_Project_app_bsp/\libhal_bsp.a(alt_tick.o)
 .data          0x00000000080040ec        0x0 ../ECE_178_Project_app_bsp/\libhal_bsp.a(altera_nios2_qsys_irq.o)
 .data          0x00000000080040ec        0x0 ../ECE_178_Project_app_bsp/\libhal_bsp.a(alt_exception_entry.o)
 .data          0x00000000080040ec        0x0 ../ECE_178_Project_app_bsp/\libhal_bsp.a(alt_find_file.o)
 .data          0x00000000080040ec        0x0 ../ECE_178_Project_app_bsp/\libhal_bsp.a(alt_get_fd.o)
 .data          0x00000000080040ec        0x0 ../ECE_178_Project_app_bsp/\libhal_bsp.a(alt_icache_flush.o)
 .data          0x00000000080040ec        0x0 d:/intelfpga_lite/17.1/nios2eds/bin/gnu/h-x86_64-mingw32/bin/../lib/gcc/nios2-elf/5.3.0/../../../../../H-x86_64-mingw32/nios2-elf/lib\libc.a(lib_a-atexit.o)
 .data          0x00000000080040ec        0x0 d:/intelfpga_lite/17.1/nios2eds/bin/gnu/h-x86_64-mingw32/bin/../lib/gcc/nios2-elf/5.3.0/../../../../../H-x86_64-mingw32/nios2-elf/lib\libc.a(lib_a-exit.o)
 .data          0x00000000080040ec        0x0 d:/intelfpga_lite/17.1/nios2eds/bin/gnu/h-x86_64-mingw32/bin/../lib/gcc/nios2-elf/5.3.0/../../../../../H-x86_64-mingw32/nios2-elf/lib\libc.a(lib_a-impure.o)
 .data.impure_data
                0x00000000080040ec      0x424 d:/intelfpga_lite/17.1/nios2eds/bin/gnu/h-x86_64-mingw32/bin/../lib/gcc/nios2-elf/5.3.0/../../../../../H-x86_64-mingw32/nios2-elf/lib\libc.a(lib_a-impure.o)
 .data          0x0000000008004510        0x0 d:/intelfpga_lite/17.1/nios2eds/bin/gnu/h-x86_64-mingw32/bin/../lib/gcc/nios2-elf/5.3.0/../../../../../H-x86_64-mingw32/nios2-elf/lib\libc.a(lib_a-int_errno.o)
 .data          0x0000000008004510        0x0 d:/intelfpga_lite/17.1/nios2eds/bin/gnu/h-x86_64-mingw32/bin/../lib/gcc/nios2-elf/5.3.0/../../../../../H-x86_64-mingw32/nios2-elf/lib\libc.a(lib_a-memcmp.o)
 .data          0x0000000008004510        0x0 d:/intelfpga_lite/17.1/nios2eds/bin/gnu/h-x86_64-mingw32/bin/../lib/gcc/nios2-elf/5.3.0/../../../../../H-x86_64-mingw32/nios2-elf/lib\libc.a(lib_a-memcpy.o)
 .data          0x0000000008004510        0x0 d:/intelfpga_lite/17.1/nios2eds/bin/gnu/h-x86_64-mingw32/bin/../lib/gcc/nios2-elf/5.3.0/../../../../../H-x86_64-mingw32/nios2-elf/lib\libc.a(lib_a-strcmp.o)
 .data          0x0000000008004510        0x0 d:/intelfpga_lite/17.1/nios2eds/bin/gnu/h-x86_64-mingw32/bin/../lib/gcc/nios2-elf/5.3.0/../../../../../H-x86_64-mingw32/nios2-elf/lib\libc.a(lib_a-strlen.o)
 .data          0x0000000008004510        0x0 d:/intelfpga_lite/17.1/nios2eds/bin/gnu/h-x86_64-mingw32/bin/../lib/gcc/nios2-elf/5.3.0/../../../../../H-x86_64-mingw32/nios2-elf/lib\libc.a(lib_a-__atexit.o)
 .data          0x0000000008004510        0x0 d:/intelfpga_lite/17.1/nios2eds/bin/gnu/h-x86_64-mingw32/bin/../lib/gcc/nios2-elf/5.3.0/../../../../../H-x86_64-mingw32/nios2-elf/lib\libc.a(lib_a-__call_atexit.o)
 .data          0x0000000008004510        0x0 ../ECE_178_Project_app_bsp/\libhal_bsp.a(alt_exit.o)
                0x000000000800c510                _gp = ABSOLUTE ((. + 0x8000))
                [!provide]                        PROVIDE (gp, _gp)
 *(.rwdata .rwdata.*)
 *(.sdata .sdata.* .gnu.linkonce.s.*)
 .sdata         0x0000000008004510       0x14 ../ECE_178_Project_app_bsp/\libhal_bsp.a(alt_dev.o)
                0x0000000008004510                alt_fs_list
                0x0000000008004518                alt_dev_list
                0x0000000008004520                alt_max_fd
 .sdata         0x0000000008004524        0x4 ../ECE_178_Project_app_bsp/\libhal_bsp.a(alt_errno.o)
                0x0000000008004524                alt_errno
 .sdata         0x0000000008004528        0x4 ../ECE_178_Project_app_bsp/\libhal_bsp.a(alt_irq_vars.o)
                0x0000000008004528                alt_priority_mask
 .sdata         0x000000000800452c        0x8 ../ECE_178_Project_app_bsp/\libhal_bsp.a(alt_tick.o)
                0x000000000800452c                alt_alarm_list
 .sdata._global_impure_ptr
                0x0000000008004534        0x4 d:/intelfpga_lite/17.1/nios2eds/bin/gnu/h-x86_64-mingw32/bin/../lib/gcc/nios2-elf/5.3.0/../../../../../H-x86_64-mingw32/nios2-elf/lib\libc.a(lib_a-impure.o)
                0x0000000008004534                _global_impure_ptr
 .sdata._impure_ptr
                0x0000000008004538        0x4 d:/intelfpga_lite/17.1/nios2eds/bin/gnu/h-x86_64-mingw32/bin/../lib/gcc/nios2-elf/5.3.0/../../../../../H-x86_64-mingw32/nios2-elf/lib\libc.a(lib_a-impure.o)
                0x0000000008004538                _impure_ptr
 *(.sdata2 .sdata2.* .gnu.linkonce.s2.*)
                0x000000000800453c                . = ALIGN (0x4)
                0x000000000800453c                _edata = ABSOLUTE (.)
                [!provide]                        PROVIDE (edata, ABSOLUTE (.))
                0x000000000800453c                PROVIDE (__ram_rwdata_end, ABSOLUTE (.))
                0x000000000800453c                PROVIDE (__flash_rwdata_start, LOADADDR (.rwdata))

.bss            0x0000000008005c74      0x11c
                0x0000000008005c74                __bss_start = ABSOLUTE (.)
                [!provide]                        PROVIDE (__sbss_start, ABSOLUTE (.))
                [!provide]                        PROVIDE (___sbss_start, ABSOLUTE (.))
 *(.dynsbss)
 *(.sbss .sbss.* .gnu.linkonce.sb.*)
 .sbss          0x0000000008005c74        0xc ../ECE_178_Project_app_bsp/\libhal_bsp.a(alt_main.o)
                0x0000000008005c74                alt_argc
                0x0000000008005c78                alt_argv
                0x0000000008005c7c                alt_envp
 .sbss          0x0000000008005c80        0x4 ../ECE_178_Project_app_bsp/\libhal_bsp.a(alt_irq_vars.o)
                0x0000000008005c80                alt_irq_active
 .sbss          0x0000000008005c84        0x8 ../ECE_178_Project_app_bsp/\libhal_bsp.a(alt_tick.o)
                0x0000000008005c84                _alt_tick_rate
                0x0000000008005c88                _alt_nticks
 .sbss          0x0000000008005c8c        0x4 d:/intelfpga_lite/17.1/nios2eds/bin/gnu/h-x86_64-mingw32/bin/../lib/gcc/nios2-elf/5.3.0/../../../../../H-x86_64-mingw32/nios2-elf/lib\libc.a(lib_a-int_errno.o)
                0x0000000008005c8c                errno
 *(.sbss2 .sbss2.* .gnu.linkonce.sb2.*)
 *(.scommon)
                [!provide]                        PROVIDE (__sbss_end, ABSOLUTE (.))
                [!provide]                        PROVIDE (___sbss_end, ABSOLUTE (.))
 *(.dynbss)
 *(.bss .bss.* .gnu.linkonce.b.*)
 .bss           0x0000000008005c90        0x0 ../ECE_178_Project_app_bsp//obj/HAL/src/crt0.o
 .bss           0x0000000008005c90        0x0 obj/default/main.o
 .bss           0x0000000008005c90        0x0 ../ECE_178_Project_app_bsp/\libhal_bsp.a(alt_load.o)
 .bss           0x0000000008005c90        0x0 ../ECE_178_Project_app_bsp/\libhal_bsp.a(alt_main.o)
 .bss           0x0000000008005c90        0x0 ../ECE_178_Project_app_bsp/\libhal_bsp.a(alt_sys_init.o)
 .bss           0x0000000008005c90        0x0 ../ECE_178_Project_app_bsp/\libhal_bsp.a(altera_avalon_jtag_uart_fd.o)
 .bss           0x0000000008005c90        0x0 ../ECE_178_Project_app_bsp/\libhal_bsp.a(altera_avalon_jtag_uart_init.o)
 .bss           0x0000000008005c90        0x0 ../ECE_178_Project_app_bsp/\libhal_bsp.a(altera_avalon_jtag_uart_ioctl.o)
 .bss           0x0000000008005c90        0x0 ../ECE_178_Project_app_bsp/\libhal_bsp.a(altera_avalon_jtag_uart_read.o)
 .bss           0x0000000008005c90        0x0 ../ECE_178_Project_app_bsp/\libhal_bsp.a(altera_avalon_jtag_uart_write.o)
 .bss           0x0000000008005c90        0x0 ../ECE_178_Project_app_bsp/\libhal_bsp.a(altera_avalon_timer_sc.o)
 .bss           0x0000000008005c90        0x0 ../ECE_178_Project_app_bsp/\libhal_bsp.a(altera_up_avalon_video_character_buffer_with_dma.o)
 .bss           0x0000000008005c90        0x0 ../ECE_178_Project_app_bsp/\libhal_bsp.a(alt_alarm_start.o)
 .bss           0x0000000008005c90        0x0 ../ECE_178_Project_app_bsp/\libhal_bsp.a(alt_close.o)
 .bss           0x0000000008005c90        0x0 ../ECE_178_Project_app_bsp/\libhal_bsp.a(alt_dcache_flush_all.o)
 .bss           0x0000000008005c90        0x0 ../ECE_178_Project_app_bsp/\libhal_bsp.a(alt_dev.o)
 .bss           0x0000000008005c90        0x0 ../ECE_178_Project_app_bsp/\libhal_bsp.a(alt_dev_llist_insert.o)
 .bss           0x0000000008005c90        0x0 ../ECE_178_Project_app_bsp/\libhal_bsp.a(alt_do_ctors.o)
 .bss           0x0000000008005c90        0x0 ../ECE_178_Project_app_bsp/\libhal_bsp.a(alt_do_dtors.o)
 .bss           0x0000000008005c90        0x0 ../ECE_178_Project_app_bsp/\libhal_bsp.a(alt_errno.o)
 .bss           0x0000000008005c90        0x0 ../ECE_178_Project_app_bsp/\libhal_bsp.a(alt_find_dev.o)
 .bss           0x0000000008005c90        0x0 ../ECE_178_Project_app_bsp/\libhal_bsp.a(alt_icache_flush_all.o)
 .bss           0x0000000008005c90        0x0 ../ECE_178_Project_app_bsp/\libhal_bsp.a(alt_iic.o)
 .bss           0x0000000008005c90        0x0 ../ECE_178_Project_app_bsp/\libhal_bsp.a(alt_iic_isr_register.o)
 .bss           0x0000000008005c90        0x0 ../ECE_178_Project_app_bsp/\libhal_bsp.a(alt_io_redirect.o)
 .bss           0x0000000008005c90        0x0 ../ECE_178_Project_app_bsp/\libhal_bsp.a(alt_irq_entry.o)
 .bss           0x0000000008005c90        0x0 ../ECE_178_Project_app_bsp/\libhal_bsp.a(alt_irq_handler.o)
 .bss           0x0000000008005c90        0x0 ../ECE_178_Project_app_bsp/\libhal_bsp.a(alt_irq_vars.o)
 .bss           0x0000000008005c90        0x0 ../ECE_178_Project_app_bsp/\libhal_bsp.a(alt_open.o)
 .bss           0x0000000008005c90        0x0 ../ECE_178_Project_app_bsp/\libhal_bsp.a(alt_release_fd.o)
 .bss           0x0000000008005c90        0x0 ../ECE_178_Project_app_bsp/\libhal_bsp.a(alt_tick.o)
 .bss           0x0000000008005c90        0x0 ../ECE_178_Project_app_bsp/\libhal_bsp.a(altera_nios2_qsys_irq.o)
 .bss           0x0000000008005c90        0x0 ../ECE_178_Project_app_bsp/\libhal_bsp.a(alt_exception_entry.o)
 .bss           0x0000000008005c90        0x0 ../ECE_178_Project_app_bsp/\libhal_bsp.a(alt_find_file.o)
 .bss           0x0000000008005c90        0x0 ../ECE_178_Project_app_bsp/\libhal_bsp.a(alt_get_fd.o)
 .bss           0x0000000008005c90        0x0 ../ECE_178_Project_app_bsp/\libhal_bsp.a(alt_icache_flush.o)
 .bss           0x0000000008005c90        0x0 d:/intelfpga_lite/17.1/nios2eds/bin/gnu/h-x86_64-mingw32/bin/../lib/gcc/nios2-elf/5.3.0/../../../../../H-x86_64-mingw32/nios2-elf/lib\libc.a(lib_a-atexit.o)
 .bss           0x0000000008005c90        0x0 d:/intelfpga_lite/17.1/nios2eds/bin/gnu/h-x86_64-mingw32/bin/../lib/gcc/nios2-elf/5.3.0/../../../../../H-x86_64-mingw32/nios2-elf/lib\libc.a(lib_a-exit.o)
 .bss           0x0000000008005c90        0x0 d:/intelfpga_lite/17.1/nios2eds/bin/gnu/h-x86_64-mingw32/bin/../lib/gcc/nios2-elf/5.3.0/../../../../../H-x86_64-mingw32/nios2-elf/lib\libc.a(lib_a-impure.o)
 .bss           0x0000000008005c90        0x0 d:/intelfpga_lite/17.1/nios2eds/bin/gnu/h-x86_64-mingw32/bin/../lib/gcc/nios2-elf/5.3.0/../../../../../H-x86_64-mingw32/nios2-elf/lib\libc.a(lib_a-int_errno.o)
 .bss           0x0000000008005c90        0x0 d:/intelfpga_lite/17.1/nios2eds/bin/gnu/h-x86_64-mingw32/bin/../lib/gcc/nios2-elf/5.3.0/../../../../../H-x86_64-mingw32/nios2-elf/lib\libc.a(lib_a-memcmp.o)
 .bss           0x0000000008005c90        0x0 d:/intelfpga_lite/17.1/nios2eds/bin/gnu/h-x86_64-mingw32/bin/../lib/gcc/nios2-elf/5.3.0/../../../../../H-x86_64-mingw32/nios2-elf/lib\libc.a(lib_a-memcpy.o)
 .bss           0x0000000008005c90        0x0 d:/intelfpga_lite/17.1/nios2eds/bin/gnu/h-x86_64-mingw32/bin/../lib/gcc/nios2-elf/5.3.0/../../../../../H-x86_64-mingw32/nios2-elf/lib\libc.a(lib_a-strcmp.o)
 .bss           0x0000000008005c90        0x0 d:/intelfpga_lite/17.1/nios2eds/bin/gnu/h-x86_64-mingw32/bin/../lib/gcc/nios2-elf/5.3.0/../../../../../H-x86_64-mingw32/nios2-elf/lib\libc.a(lib_a-strlen.o)
 .bss           0x0000000008005c90        0x0 d:/intelfpga_lite/17.1/nios2eds/bin/gnu/h-x86_64-mingw32/bin/../lib/gcc/nios2-elf/5.3.0/../../../../../H-x86_64-mingw32/nios2-elf/lib\libc.a(lib_a-__atexit.o)
 .bss           0x0000000008005c90        0x0 d:/intelfpga_lite/17.1/nios2eds/bin/gnu/h-x86_64-mingw32/bin/../lib/gcc/nios2-elf/5.3.0/../../../../../H-x86_64-mingw32/nios2-elf/lib\libc.a(lib_a-__call_atexit.o)
 .bss           0x0000000008005c90        0x0 ../ECE_178_Project_app_bsp/\libhal_bsp.a(alt_exit.o)
 *(COMMON)
 COMMON         0x0000000008005c90      0x100 ../ECE_178_Project_app_bsp/\libhal_bsp.a(alt_irq_handler.o)
                0x0000000008005c90                alt_irq
                0x0000000008005d90                . = ALIGN (0x4)
                0x0000000008005d90                __bss_end = ABSOLUTE (.)

.onchip_memory  0x0000000000000000        0x0 load address 0x0000000008005d90
                [!provide]                        PROVIDE (_alt_partition_onchip_memory_start, ABSOLUTE (.))
 *(.onchip_memory .onchip_memory. onchip_memory.*)
                0x0000000000000000                . = ALIGN (0x4)
                [!provide]                        PROVIDE (_alt_partition_onchip_memory_end, ABSOLUTE (.))
                [!provide]                        PROVIDE (_alt_partition_onchip_memory_load_addr, LOADADDR (.onchip_memory))

.sdram_controller
                0x0000000008005d90        0x0
                [!provide]                        PROVIDE (_alt_partition_sdram_controller_start, ABSOLUTE (.))
 *(.sdram_controller .sdram_controller. sdram_controller.*)
                0x0000000008005d90                . = ALIGN (0x4)
                [!provide]                        PROVIDE (_alt_partition_sdram_controller_end, ABSOLUTE (.))
                0x0000000008005d90                _end = ABSOLUTE (.)
                0x0000000008005d90                end = ABSOLUTE (.)
                0x0000000008005d90                __alt_stack_base = ABSOLUTE (.)
                [!provide]                        PROVIDE (_alt_partition_sdram_controller_load_addr, LOADADDR (.sdram_controller))

.stab
 *(.stab)

.stabstr
 *(.stabstr)

.stab.excl
 *(.stab.excl)

.stab.exclstr
 *(.stab.exclstr)

.stab.index
 *(.stab.index)

.stab.indexstr
 *(.stab.indexstr)

.comment        0x0000000000000000       0x23
 *(.comment)
 .comment       0x0000000000000000       0x23 obj/default/main.o
                                         0x24 (size before relaxing)
 .comment       0x0000000000000023       0x24 ../ECE_178_Project_app_bsp/\libhal_bsp.a(alt_load.o)
 .comment       0x0000000000000023       0x24 ../ECE_178_Project_app_bsp/\libhal_bsp.a(alt_main.o)
 .comment       0x0000000000000023       0x24 ../ECE_178_Project_app_bsp/\libhal_bsp.a(alt_sys_init.o)
 .comment       0x0000000000000023       0x24 ../ECE_178_Project_app_bsp/\libhal_bsp.a(altera_avalon_jtag_uart_fd.o)
 .comment       0x0000000000000023       0x24 ../ECE_178_Project_app_bsp/\libhal_bsp.a(altera_avalon_jtag_uart_init.o)
 .comment       0x0000000000000023       0x24 ../ECE_178_Project_app_bsp/\libhal_bsp.a(altera_avalon_jtag_uart_ioctl.o)
 .comment       0x0000000000000023       0x24 ../ECE_178_Project_app_bsp/\libhal_bsp.a(altera_avalon_jtag_uart_read.o)
 .comment       0x0000000000000023       0x24 ../ECE_178_Project_app_bsp/\libhal_bsp.a(altera_avalon_jtag_uart_write.o)
 .comment       0x0000000000000023       0x24 ../ECE_178_Project_app_bsp/\libhal_bsp.a(altera_avalon_timer_sc.o)
 .comment       0x0000000000000023       0x24 ../ECE_178_Project_app_bsp/\libhal_bsp.a(altera_up_avalon_video_character_buffer_with_dma.o)
 .comment       0x0000000000000023       0x24 ../ECE_178_Project_app_bsp/\libhal_bsp.a(alt_alarm_start.o)
 .comment       0x0000000000000023       0x24 ../ECE_178_Project_app_bsp/\libhal_bsp.a(alt_close.o)
 .comment       0x0000000000000023       0x24 ../ECE_178_Project_app_bsp/\libhal_bsp.a(alt_dcache_flush_all.o)
 .comment       0x0000000000000023       0x24 ../ECE_178_Project_app_bsp/\libhal_bsp.a(alt_dev.o)
 .comment       0x0000000000000023       0x24 ../ECE_178_Project_app_bsp/\libhal_bsp.a(alt_dev_llist_insert.o)
 .comment       0x0000000000000023       0x24 ../ECE_178_Project_app_bsp/\libhal_bsp.a(alt_do_ctors.o)
 .comment       0x0000000000000023       0x24 ../ECE_178_Project_app_bsp/\libhal_bsp.a(alt_do_dtors.o)
 .comment       0x0000000000000023       0x24 ../ECE_178_Project_app_bsp/\libhal_bsp.a(alt_errno.o)
 .comment       0x0000000000000023       0x24 ../ECE_178_Project_app_bsp/\libhal_bsp.a(alt_find_dev.o)
 .comment       0x0000000000000023       0x24 ../ECE_178_Project_app_bsp/\libhal_bsp.a(alt_icache_flush_all.o)
 .comment       0x0000000000000023       0x24 ../ECE_178_Project_app_bsp/\libhal_bsp.a(alt_iic.o)
 .comment       0x0000000000000023       0x24 ../ECE_178_Project_app_bsp/\libhal_bsp.a(alt_iic_isr_register.o)
 .comment       0x0000000000000023       0x24 ../ECE_178_Project_app_bsp/\libhal_bsp.a(alt_io_redirect.o)
 .comment       0x0000000000000023       0x24 ../ECE_178_Project_app_bsp/\libhal_bsp.a(alt_irq_handler.o)
 .comment       0x0000000000000023       0x24 ../ECE_178_Project_app_bsp/\libhal_bsp.a(alt_irq_vars.o)
 .comment       0x0000000000000023       0x24 ../ECE_178_Project_app_bsp/\libhal_bsp.a(alt_open.o)
 .comment       0x0000000000000023       0x24 ../ECE_178_Project_app_bsp/\libhal_bsp.a(alt_release_fd.o)
 .comment       0x0000000000000023       0x24 ../ECE_178_Project_app_bsp/\libhal_bsp.a(alt_tick.o)
 .comment       0x0000000000000023       0x24 ../ECE_178_Project_app_bsp/\libhal_bsp.a(altera_nios2_qsys_irq.o)
 .comment       0x0000000000000023       0x24 ../ECE_178_Project_app_bsp/\libhal_bsp.a(alt_find_file.o)
 .comment       0x0000000000000023       0x24 ../ECE_178_Project_app_bsp/\libhal_bsp.a(alt_get_fd.o)
 .comment       0x0000000000000023       0x24 ../ECE_178_Project_app_bsp/\libhal_bsp.a(alt_icache_flush.o)
 .comment       0x0000000000000023       0x24 d:/intelfpga_lite/17.1/nios2eds/bin/gnu/h-x86_64-mingw32/bin/../lib/gcc/nios2-elf/5.3.0/../../../../../H-x86_64-mingw32/nios2-elf/lib\libc.a(lib_a-atexit.o)
 .comment       0x0000000000000023       0x24 d:/intelfpga_lite/17.1/nios2eds/bin/gnu/h-x86_64-mingw32/bin/../lib/gcc/nios2-elf/5.3.0/../../../../../H-x86_64-mingw32/nios2-elf/lib\libc.a(lib_a-exit.o)
 .comment       0x0000000000000023       0x24 d:/intelfpga_lite/17.1/nios2eds/bin/gnu/h-x86_64-mingw32/bin/../lib/gcc/nios2-elf/5.3.0/../../../../../H-x86_64-mingw32/nios2-elf/lib\libc.a(lib_a-impure.o)
 .comment       0x0000000000000023       0x24 d:/intelfpga_lite/17.1/nios2eds/bin/gnu/h-x86_64-mingw32/bin/../lib/gcc/nios2-elf/5.3.0/../../../../../H-x86_64-mingw32/nios2-elf/lib\libc.a(lib_a-int_errno.o)
 .comment       0x0000000000000023       0x24 d:/intelfpga_lite/17.1/nios2eds/bin/gnu/h-x86_64-mingw32/bin/../lib/gcc/nios2-elf/5.3.0/../../../../../H-x86_64-mingw32/nios2-elf/lib\libc.a(lib_a-memcmp.o)
 .comment       0x0000000000000023       0x24 d:/intelfpga_lite/17.1/nios2eds/bin/gnu/h-x86_64-mingw32/bin/../lib/gcc/nios2-elf/5.3.0/../../../../../H-x86_64-mingw32/nios2-elf/lib\libc.a(lib_a-memcpy.o)
 .comment       0x0000000000000023       0x24 d:/intelfpga_lite/17.1/nios2eds/bin/gnu/h-x86_64-mingw32/bin/../lib/gcc/nios2-elf/5.3.0/../../../../../H-x86_64-mingw32/nios2-elf/lib\libc.a(lib_a-strcmp.o)
 .comment       0x0000000000000023       0x24 d:/intelfpga_lite/17.1/nios2eds/bin/gnu/h-x86_64-mingw32/bin/../lib/gcc/nios2-elf/5.3.0/../../../../../H-x86_64-mingw32/nios2-elf/lib\libc.a(lib_a-strlen.o)
 .comment       0x0000000000000023       0x24 d:/intelfpga_lite/17.1/nios2eds/bin/gnu/h-x86_64-mingw32/bin/../lib/gcc/nios2-elf/5.3.0/../../../../../H-x86_64-mingw32/nios2-elf/lib\libc.a(lib_a-__atexit.o)
 .comment       0x0000000000000023       0x24 d:/intelfpga_lite/17.1/nios2eds/bin/gnu/h-x86_64-mingw32/bin/../lib/gcc/nios2-elf/5.3.0/../../../../../H-x86_64-mingw32/nios2-elf/lib\libc.a(lib_a-__call_atexit.o)
 .comment       0x0000000000000023       0x24 ../ECE_178_Project_app_bsp/\libhal_bsp.a(alt_exit.o)

.debug
 *(.debug)

.line
 *(.line)

.debug_srcinfo
 *(.debug_srcinfo)

.debug_sfnames
 *(.debug_sfnames)

.debug_aranges  0x0000000000000000      0x5f0
 *(.debug_aranges)
 .debug_aranges
                0x0000000000000000       0x28 ../ECE_178_Project_app_bsp//obj/HAL/src/crt0.o
 .debug_aranges
                0x0000000000000028       0x20 obj/default/main.o
 .debug_aranges
                0x0000000000000048       0x20 ../ECE_178_Project_app_bsp/\libhal_bsp.a(alt_load.o)
 .debug_aranges
                0x0000000000000068       0x20 ../ECE_178_Project_app_bsp/\libhal_bsp.a(alt_main.o)
 .debug_aranges
                0x0000000000000088       0x20 ../ECE_178_Project_app_bsp/\libhal_bsp.a(alt_sys_init.o)
 .debug_aranges
                0x00000000000000a8       0x20 ../ECE_178_Project_app_bsp/\libhal_bsp.a(altera_avalon_jtag_uart_fd.o)
 .debug_aranges
                0x00000000000000c8       0x20 ../ECE_178_Project_app_bsp/\libhal_bsp.a(altera_avalon_jtag_uart_init.o)
 .debug_aranges
                0x00000000000000e8       0x20 ../ECE_178_Project_app_bsp/\libhal_bsp.a(altera_avalon_jtag_uart_ioctl.o)
 .debug_aranges
                0x0000000000000108       0x20 ../ECE_178_Project_app_bsp/\libhal_bsp.a(altera_avalon_jtag_uart_read.o)
 .debug_aranges
                0x0000000000000128       0x20 ../ECE_178_Project_app_bsp/\libhal_bsp.a(altera_avalon_jtag_uart_write.o)
 .debug_aranges
                0x0000000000000148       0x20 ../ECE_178_Project_app_bsp/\libhal_bsp.a(altera_avalon_timer_sc.o)
 .debug_aranges
                0x0000000000000168       0x20 ../ECE_178_Project_app_bsp/\libhal_bsp.a(altera_up_avalon_video_character_buffer_with_dma.o)
 .debug_aranges
                0x0000000000000188       0x20 ../ECE_178_Project_app_bsp/\libhal_bsp.a(alt_alarm_start.o)
 .debug_aranges
                0x00000000000001a8       0x20 ../ECE_178_Project_app_bsp/\libhal_bsp.a(alt_close.o)
 .debug_aranges
                0x00000000000001c8       0x20 ../ECE_178_Project_app_bsp/\libhal_bsp.a(alt_dcache_flush_all.o)
 .debug_aranges
                0x00000000000001e8       0x20 ../ECE_178_Project_app_bsp/\libhal_bsp.a(alt_dev.o)
 .debug_aranges
                0x0000000000000208       0x20 ../ECE_178_Project_app_bsp/\libhal_bsp.a(alt_dev_llist_insert.o)
 .debug_aranges
                0x0000000000000228       0x20 ../ECE_178_Project_app_bsp/\libhal_bsp.a(alt_do_ctors.o)
 .debug_aranges
                0x0000000000000248       0x20 ../ECE_178_Project_app_bsp/\libhal_bsp.a(alt_do_dtors.o)
 .debug_aranges
                0x0000000000000268       0x18 ../ECE_178_Project_app_bsp/\libhal_bsp.a(alt_errno.o)
 .debug_aranges
                0x0000000000000280       0x20 ../ECE_178_Project_app_bsp/\libhal_bsp.a(alt_find_dev.o)
 .debug_aranges
                0x00000000000002a0       0x20 ../ECE_178_Project_app_bsp/\libhal_bsp.a(alt_icache_flush_all.o)
 .debug_aranges
                0x00000000000002c0       0x20 ../ECE_178_Project_app_bsp/\libhal_bsp.a(alt_iic.o)
 .debug_aranges
                0x00000000000002e0       0x20 ../ECE_178_Project_app_bsp/\libhal_bsp.a(alt_iic_isr_register.o)
 .debug_aranges
                0x0000000000000300       0x20 ../ECE_178_Project_app_bsp/\libhal_bsp.a(alt_io_redirect.o)
 .debug_aranges
                0x0000000000000320       0x30 ../ECE_178_Project_app_bsp/\libhal_bsp.a(alt_irq_entry.o)
 .debug_aranges
                0x0000000000000350       0x20 ../ECE_178_Project_app_bsp/\libhal_bsp.a(alt_irq_handler.o)
 .debug_aranges
                0x0000000000000370       0x18 ../ECE_178_Project_app_bsp/\libhal_bsp.a(alt_irq_vars.o)
 .debug_aranges
                0x0000000000000388       0x20 ../ECE_178_Project_app_bsp/\libhal_bsp.a(alt_open.o)
 .debug_aranges
                0x00000000000003a8       0x20 ../ECE_178_Project_app_bsp/\libhal_bsp.a(alt_release_fd.o)
 .debug_aranges
                0x00000000000003c8       0x20 ../ECE_178_Project_app_bsp/\libhal_bsp.a(alt_tick.o)
 .debug_aranges
                0x00000000000003e8       0x20 ../ECE_178_Project_app_bsp/\libhal_bsp.a(altera_nios2_qsys_irq.o)
 .debug_aranges
                0x0000000000000408       0x38 ../ECE_178_Project_app_bsp/\libhal_bsp.a(alt_exception_entry.o)
 .debug_aranges
                0x0000000000000440       0x20 ../ECE_178_Project_app_bsp/\libhal_bsp.a(alt_find_file.o)
 .debug_aranges
                0x0000000000000460       0x20 ../ECE_178_Project_app_bsp/\libhal_bsp.a(alt_get_fd.o)
 .debug_aranges
                0x0000000000000480       0x20 ../ECE_178_Project_app_bsp/\libhal_bsp.a(alt_icache_flush.o)
 .debug_aranges
                0x00000000000004a0       0x20 d:/intelfpga_lite/17.1/nios2eds/bin/gnu/h-x86_64-mingw32/bin/../lib/gcc/nios2-elf/5.3.0/../../../../../H-x86_64-mingw32/nios2-elf/lib\libc.a(lib_a-atexit.o)
 .debug_aranges
                0x00000000000004c0       0x20 d:/intelfpga_lite/17.1/nios2eds/bin/gnu/h-x86_64-mingw32/bin/../lib/gcc/nios2-elf/5.3.0/../../../../../H-x86_64-mingw32/nios2-elf/lib\libc.a(lib_a-exit.o)
 .debug_aranges
                0x00000000000004e0       0x18 d:/intelfpga_lite/17.1/nios2eds/bin/gnu/h-x86_64-mingw32/bin/../lib/gcc/nios2-elf/5.3.0/../../../../../H-x86_64-mingw32/nios2-elf/lib\libc.a(lib_a-impure.o)
 .debug_aranges
                0x00000000000004f8       0x18 d:/intelfpga_lite/17.1/nios2eds/bin/gnu/h-x86_64-mingw32/bin/../lib/gcc/nios2-elf/5.3.0/../../../../../H-x86_64-mingw32/nios2-elf/lib\libc.a(lib_a-int_errno.o)
 .debug_aranges
                0x0000000000000510       0x20 d:/intelfpga_lite/17.1/nios2eds/bin/gnu/h-x86_64-mingw32/bin/../lib/gcc/nios2-elf/5.3.0/../../../../../H-x86_64-mingw32/nios2-elf/lib\libc.a(lib_a-memcmp.o)
 .debug_aranges
                0x0000000000000530       0x20 d:/intelfpga_lite/17.1/nios2eds/bin/gnu/h-x86_64-mingw32/bin/../lib/gcc/nios2-elf/5.3.0/../../../../../H-x86_64-mingw32/nios2-elf/lib\libc.a(lib_a-memcpy.o)
 .debug_aranges
                0x0000000000000550       0x20 d:/intelfpga_lite/17.1/nios2eds/bin/gnu/h-x86_64-mingw32/bin/../lib/gcc/nios2-elf/5.3.0/../../../../../H-x86_64-mingw32/nios2-elf/lib\libc.a(lib_a-strcmp.o)
 .debug_aranges
                0x0000000000000570       0x20 d:/intelfpga_lite/17.1/nios2eds/bin/gnu/h-x86_64-mingw32/bin/../lib/gcc/nios2-elf/5.3.0/../../../../../H-x86_64-mingw32/nios2-elf/lib\libc.a(lib_a-strlen.o)
 .debug_aranges
                0x0000000000000590       0x20 d:/intelfpga_lite/17.1/nios2eds/bin/gnu/h-x86_64-mingw32/bin/../lib/gcc/nios2-elf/5.3.0/../../../../../H-x86_64-mingw32/nios2-elf/lib\libc.a(lib_a-__atexit.o)
 .debug_aranges
                0x00000000000005b0       0x20 d:/intelfpga_lite/17.1/nios2eds/bin/gnu/h-x86_64-mingw32/bin/../lib/gcc/nios2-elf/5.3.0/../../../../../H-x86_64-mingw32/nios2-elf/lib\libc.a(lib_a-__call_atexit.o)
 .debug_aranges
                0x00000000000005d0       0x20 ../ECE_178_Project_app_bsp/\libhal_bsp.a(alt_exit.o)

.debug_pubnames
 *(.debug_pubnames)

.debug_info     0x0000000000000000     0x7d23
 *(.debug_info .gnu.linkonce.wi.*)
 .debug_info    0x0000000000000000       0x85 ../ECE_178_Project_app_bsp//obj/HAL/src/crt0.o
 .debug_info    0x0000000000000085       0xbb obj/default/main.o
 .debug_info    0x0000000000000140      0x145 ../ECE_178_Project_app_bsp/\libhal_bsp.a(alt_load.o)
 .debug_info    0x0000000000000285      0x131 ../ECE_178_Project_app_bsp/\libhal_bsp.a(alt_main.o)
 .debug_info    0x00000000000003b6      0x6db ../ECE_178_Project_app_bsp/\libhal_bsp.a(alt_sys_init.o)
 .debug_info    0x0000000000000a91      0x52e ../ECE_178_Project_app_bsp/\libhal_bsp.a(altera_avalon_jtag_uart_fd.o)
 .debug_info    0x0000000000000fbf      0x3a0 ../ECE_178_Project_app_bsp/\libhal_bsp.a(altera_avalon_jtag_uart_init.o)
 .debug_info    0x000000000000135f      0x280 ../ECE_178_Project_app_bsp/\libhal_bsp.a(altera_avalon_jtag_uart_ioctl.o)
 .debug_info    0x00000000000015df      0x345 ../ECE_178_Project_app_bsp/\libhal_bsp.a(altera_avalon_jtag_uart_read.o)
 .debug_info    0x0000000000001924      0x340 ../ECE_178_Project_app_bsp/\libhal_bsp.a(altera_avalon_jtag_uart_write.o)
 .debug_info    0x0000000000001c64      0x226 ../ECE_178_Project_app_bsp/\libhal_bsp.a(altera_avalon_timer_sc.o)
 .debug_info    0x0000000000001e8a      0x468 ../ECE_178_Project_app_bsp/\libhal_bsp.a(altera_up_avalon_video_character_buffer_with_dma.o)
 .debug_info    0x00000000000022f2      0x2cc ../ECE_178_Project_app_bsp/\libhal_bsp.a(alt_alarm_start.o)
 .debug_info    0x00000000000025be      0x321 ../ECE_178_Project_app_bsp/\libhal_bsp.a(alt_close.o)
 .debug_info    0x00000000000028df       0xa5 ../ECE_178_Project_app_bsp/\libhal_bsp.a(alt_dcache_flush_all.o)
 .debug_info    0x0000000000002984      0x49c ../ECE_178_Project_app_bsp/\libhal_bsp.a(alt_dev.o)
 .debug_info    0x0000000000002e20      0x1a9 ../ECE_178_Project_app_bsp/\libhal_bsp.a(alt_dev_llist_insert.o)
 .debug_info    0x0000000000002fc9       0x83 ../ECE_178_Project_app_bsp/\libhal_bsp.a(alt_do_ctors.o)
 .debug_info    0x000000000000304c       0x83 ../ECE_178_Project_app_bsp/\libhal_bsp.a(alt_do_dtors.o)
 .debug_info    0x00000000000030cf       0xa6 ../ECE_178_Project_app_bsp/\libhal_bsp.a(alt_errno.o)
 .debug_info    0x0000000000003175      0x2e9 ../ECE_178_Project_app_bsp/\libhal_bsp.a(alt_find_dev.o)
 .debug_info    0x000000000000345e       0x92 ../ECE_178_Project_app_bsp/\libhal_bsp.a(alt_icache_flush_all.o)
 .debug_info    0x00000000000034f0      0x350 ../ECE_178_Project_app_bsp/\libhal_bsp.a(alt_iic.o)
 .debug_info    0x0000000000003840      0x1ef ../ECE_178_Project_app_bsp/\libhal_bsp.a(alt_iic_isr_register.o)
 .debug_info    0x0000000000003a2f      0x4a5 ../ECE_178_Project_app_bsp/\libhal_bsp.a(alt_io_redirect.o)
 .debug_info    0x0000000000003ed4       0x8e ../ECE_178_Project_app_bsp/\libhal_bsp.a(alt_irq_entry.o)
 .debug_info    0x0000000000003f62      0x187 ../ECE_178_Project_app_bsp/\libhal_bsp.a(alt_irq_handler.o)
 .debug_info    0x00000000000040e9       0x88 ../ECE_178_Project_app_bsp/\libhal_bsp.a(alt_irq_vars.o)
 .debug_info    0x0000000000004171      0x3bb ../ECE_178_Project_app_bsp/\libhal_bsp.a(alt_open.o)
 .debug_info    0x000000000000452c      0x2b0 ../ECE_178_Project_app_bsp/\libhal_bsp.a(alt_release_fd.o)
 .debug_info    0x00000000000047dc      0x299 ../ECE_178_Project_app_bsp/\libhal_bsp.a(alt_tick.o)
 .debug_info    0x0000000000004a75       0x92 ../ECE_178_Project_app_bsp/\libhal_bsp.a(altera_nios2_qsys_irq.o)
 .debug_info    0x0000000000004b07       0x94 ../ECE_178_Project_app_bsp/\libhal_bsp.a(alt_exception_entry.o)
 .debug_info    0x0000000000004b9b      0x2e6 ../ECE_178_Project_app_bsp/\libhal_bsp.a(alt_find_file.o)
 .debug_info    0x0000000000004e81      0x310 ../ECE_178_Project_app_bsp/\libhal_bsp.a(alt_get_fd.o)
 .debug_info    0x0000000000005191       0xdc ../ECE_178_Project_app_bsp/\libhal_bsp.a(alt_icache_flush.o)
 .debug_info    0x000000000000526d       0xfe d:/intelfpga_lite/17.1/nios2eds/bin/gnu/h-x86_64-mingw32/bin/../lib/gcc/nios2-elf/5.3.0/../../../../../H-x86_64-mingw32/nios2-elf/lib\libc.a(lib_a-atexit.o)
 .debug_info    0x000000000000536b      0x8e4 d:/intelfpga_lite/17.1/nios2eds/bin/gnu/h-x86_64-mingw32/bin/../lib/gcc/nios2-elf/5.3.0/../../../../../H-x86_64-mingw32/nios2-elf/lib\libc.a(lib_a-exit.o)
 .debug_info    0x0000000000005c4f      0x8a1 d:/intelfpga_lite/17.1/nios2eds/bin/gnu/h-x86_64-mingw32/bin/../lib/gcc/nios2-elf/5.3.0/../../../../../H-x86_64-mingw32/nios2-elf/lib\libc.a(lib_a-impure.o)
 .debug_info    0x00000000000064f0       0x8a d:/intelfpga_lite/17.1/nios2eds/bin/gnu/h-x86_64-mingw32/bin/../lib/gcc/nios2-elf/5.3.0/../../../../../H-x86_64-mingw32/nios2-elf/lib\libc.a(lib_a-int_errno.o)
 .debug_info    0x000000000000657a      0x11a d:/intelfpga_lite/17.1/nios2eds/bin/gnu/h-x86_64-mingw32/bin/../lib/gcc/nios2-elf/5.3.0/../../../../../H-x86_64-mingw32/nios2-elf/lib\libc.a(lib_a-memcmp.o)
 .debug_info    0x0000000000006694      0x144 d:/intelfpga_lite/17.1/nios2eds/bin/gnu/h-x86_64-mingw32/bin/../lib/gcc/nios2-elf/5.3.0/../../../../../H-x86_64-mingw32/nios2-elf/lib\libc.a(lib_a-memcpy.o)
 .debug_info    0x00000000000067d8       0xe4 d:/intelfpga_lite/17.1/nios2eds/bin/gnu/h-x86_64-mingw32/bin/../lib/gcc/nios2-elf/5.3.0/../../../../../H-x86_64-mingw32/nios2-elf/lib\libc.a(lib_a-strcmp.o)
 .debug_info    0x00000000000068bc       0xe2 d:/intelfpga_lite/17.1/nios2eds/bin/gnu/h-x86_64-mingw32/bin/../lib/gcc/nios2-elf/5.3.0/../../../../../H-x86_64-mingw32/nios2-elf/lib\libc.a(lib_a-strlen.o)
 .debug_info    0x000000000000699e      0x934 d:/intelfpga_lite/17.1/nios2eds/bin/gnu/h-x86_64-mingw32/bin/../lib/gcc/nios2-elf/5.3.0/../../../../../H-x86_64-mingw32/nios2-elf/lib\libc.a(lib_a-__atexit.o)
 .debug_info    0x00000000000072d2      0x965 d:/intelfpga_lite/17.1/nios2eds/bin/gnu/h-x86_64-mingw32/bin/../lib/gcc/nios2-elf/5.3.0/../../../../../H-x86_64-mingw32/nios2-elf/lib\libc.a(lib_a-__call_atexit.o)
 .debug_info    0x0000000000007c37       0xec ../ECE_178_Project_app_bsp/\libhal_bsp.a(alt_exit.o)

.debug_abbrev   0x0000000000000000     0x2b6b
 *(.debug_abbrev)
 .debug_abbrev  0x0000000000000000       0x12 ../ECE_178_Project_app_bsp//obj/HAL/src/crt0.o
 .debug_abbrev  0x0000000000000012       0x6f obj/default/main.o
 .debug_abbrev  0x0000000000000081       0x9f ../ECE_178_Project_app_bsp/\libhal_bsp.a(alt_load.o)
 .debug_abbrev  0x0000000000000120       0xba ../ECE_178_Project_app_bsp/\libhal_bsp.a(alt_main.o)
 .debug_abbrev  0x00000000000001da      0x178 ../ECE_178_Project_app_bsp/\libhal_bsp.a(alt_sys_init.o)
 .debug_abbrev  0x0000000000000352      0x127 ../ECE_178_Project_app_bsp/\libhal_bsp.a(altera_avalon_jtag_uart_fd.o)
 .debug_abbrev  0x0000000000000479      0x19e ../ECE_178_Project_app_bsp/\libhal_bsp.a(altera_avalon_jtag_uart_init.o)
 .debug_abbrev  0x0000000000000617      0x111 ../ECE_178_Project_app_bsp/\libhal_bsp.a(altera_avalon_jtag_uart_ioctl.o)
 .debug_abbrev  0x0000000000000728      0x1aa ../ECE_178_Project_app_bsp/\libhal_bsp.a(altera_avalon_jtag_uart_read.o)
 .debug_abbrev  0x00000000000008d2      0x1a8 ../ECE_178_Project_app_bsp/\libhal_bsp.a(altera_avalon_jtag_uart_write.o)
 .debug_abbrev  0x0000000000000a7a      0x155 ../ECE_178_Project_app_bsp/\libhal_bsp.a(altera_avalon_timer_sc.o)
 .debug_abbrev  0x0000000000000bcf      0x135 ../ECE_178_Project_app_bsp/\libhal_bsp.a(altera_up_avalon_video_character_buffer_with_dma.o)
 .debug_abbrev  0x0000000000000d04      0x162 ../ECE_178_Project_app_bsp/\libhal_bsp.a(alt_alarm_start.o)
 .debug_abbrev  0x0000000000000e66      0x11f ../ECE_178_Project_app_bsp/\libhal_bsp.a(alt_close.o)
 .debug_abbrev  0x0000000000000f85       0x5a ../ECE_178_Project_app_bsp/\libhal_bsp.a(alt_dcache_flush_all.o)
 .debug_abbrev  0x0000000000000fdf       0xd9 ../ECE_178_Project_app_bsp/\libhal_bsp.a(alt_dev.o)
 .debug_abbrev  0x00000000000010b8      0x114 ../ECE_178_Project_app_bsp/\libhal_bsp.a(alt_dev_llist_insert.o)
 .debug_abbrev  0x00000000000011cc       0x79 ../ECE_178_Project_app_bsp/\libhal_bsp.a(alt_do_ctors.o)
 .debug_abbrev  0x0000000000001245       0x79 ../ECE_178_Project_app_bsp/\libhal_bsp.a(alt_do_dtors.o)
 .debug_abbrev  0x00000000000012be       0x5a ../ECE_178_Project_app_bsp/\libhal_bsp.a(alt_errno.o)
 .debug_abbrev  0x0000000000001318       0xf0 ../ECE_178_Project_app_bsp/\libhal_bsp.a(alt_find_dev.o)
 .debug_abbrev  0x0000000000001408       0x42 ../ECE_178_Project_app_bsp/\libhal_bsp.a(alt_icache_flush_all.o)
 .debug_abbrev  0x000000000000144a      0x163 ../ECE_178_Project_app_bsp/\libhal_bsp.a(alt_iic.o)
 .debug_abbrev  0x00000000000015ad      0x169 ../ECE_178_Project_app_bsp/\libhal_bsp.a(alt_iic_isr_register.o)
 .debug_abbrev  0x0000000000001716      0x114 ../ECE_178_Project_app_bsp/\libhal_bsp.a(alt_io_redirect.o)
 .debug_abbrev  0x000000000000182a       0x12 ../ECE_178_Project_app_bsp/\libhal_bsp.a(alt_irq_entry.o)
 .debug_abbrev  0x000000000000183c      0x122 ../ECE_178_Project_app_bsp/\libhal_bsp.a(alt_irq_handler.o)
 .debug_abbrev  0x000000000000195e       0x40 ../ECE_178_Project_app_bsp/\libhal_bsp.a(alt_irq_vars.o)
 .debug_abbrev  0x000000000000199e      0x148 ../ECE_178_Project_app_bsp/\libhal_bsp.a(alt_open.o)
 .debug_abbrev  0x0000000000001ae6       0xde ../ECE_178_Project_app_bsp/\libhal_bsp.a(alt_release_fd.o)
 .debug_abbrev  0x0000000000001bc4      0x15a ../ECE_178_Project_app_bsp/\libhal_bsp.a(alt_tick.o)
 .debug_abbrev  0x0000000000001d1e       0x42 ../ECE_178_Project_app_bsp/\libhal_bsp.a(altera_nios2_qsys_irq.o)
 .debug_abbrev  0x0000000000001d60       0x12 ../ECE_178_Project_app_bsp/\libhal_bsp.a(alt_exception_entry.o)
 .debug_abbrev  0x0000000000001d72       0xf0 ../ECE_178_Project_app_bsp/\libhal_bsp.a(alt_find_file.o)
 .debug_abbrev  0x0000000000001e62      0x10d ../ECE_178_Project_app_bsp/\libhal_bsp.a(alt_get_fd.o)
 .debug_abbrev  0x0000000000001f6f       0x8c ../ECE_178_Project_app_bsp/\libhal_bsp.a(alt_icache_flush.o)
 .debug_abbrev  0x0000000000001ffb       0xaa d:/intelfpga_lite/17.1/nios2eds/bin/gnu/h-x86_64-mingw32/bin/../lib/gcc/nios2-elf/5.3.0/../../../../../H-x86_64-mingw32/nios2-elf/lib\libc.a(lib_a-atexit.o)
 .debug_abbrev  0x00000000000020a5      0x1e5 d:/intelfpga_lite/17.1/nios2eds/bin/gnu/h-x86_64-mingw32/bin/../lib/gcc/nios2-elf/5.3.0/../../../../../H-x86_64-mingw32/nios2-elf/lib\libc.a(lib_a-exit.o)
 .debug_abbrev  0x000000000000228a      0x18f d:/intelfpga_lite/17.1/nios2eds/bin/gnu/h-x86_64-mingw32/bin/../lib/gcc/nios2-elf/5.3.0/../../../../../H-x86_64-mingw32/nios2-elf/lib\libc.a(lib_a-impure.o)
 .debug_abbrev  0x0000000000002419       0x37 d:/intelfpga_lite/17.1/nios2eds/bin/gnu/h-x86_64-mingw32/bin/../lib/gcc/nios2-elf/5.3.0/../../../../../H-x86_64-mingw32/nios2-elf/lib\libc.a(lib_a-int_errno.o)
 .debug_abbrev  0x0000000000002450       0x7f d:/intelfpga_lite/17.1/nios2eds/bin/gnu/h-x86_64-mingw32/bin/../lib/gcc/nios2-elf/5.3.0/../../../../../H-x86_64-mingw32/nios2-elf/lib\libc.a(lib_a-memcmp.o)
 .debug_abbrev  0x00000000000024cf       0xa3 d:/intelfpga_lite/17.1/nios2eds/bin/gnu/h-x86_64-mingw32/bin/../lib/gcc/nios2-elf/5.3.0/../../../../../H-x86_64-mingw32/nios2-elf/lib\libc.a(lib_a-memcpy.o)
 .debug_abbrev  0x0000000000002572       0x74 d:/intelfpga_lite/17.1/nios2eds/bin/gnu/h-x86_64-mingw32/bin/../lib/gcc/nios2-elf/5.3.0/../../../../../H-x86_64-mingw32/nios2-elf/lib\libc.a(lib_a-strcmp.o)
 .debug_abbrev  0x00000000000025e6       0x90 d:/intelfpga_lite/17.1/nios2eds/bin/gnu/h-x86_64-mingw32/bin/../lib/gcc/nios2-elf/5.3.0/../../../../../H-x86_64-mingw32/nios2-elf/lib\libc.a(lib_a-strlen.o)
 .debug_abbrev  0x0000000000002676      0x21e d:/intelfpga_lite/17.1/nios2eds/bin/gnu/h-x86_64-mingw32/bin/../lib/gcc/nios2-elf/5.3.0/../../../../../H-x86_64-mingw32/nios2-elf/lib\libc.a(lib_a-__atexit.o)
 .debug_abbrev  0x0000000000002894      0x22e d:/intelfpga_lite/17.1/nios2eds/bin/gnu/h-x86_64-mingw32/bin/../lib/gcc/nios2-elf/5.3.0/../../../../../H-x86_64-mingw32/nios2-elf/lib\libc.a(lib_a-__call_atexit.o)
 .debug_abbrev  0x0000000000002ac2       0xa9 ../ECE_178_Project_app_bsp/\libhal_bsp.a(alt_exit.o)

.debug_line     0x0000000000000000     0x2d56
 *(.debug_line)
 .debug_line    0x0000000000000000       0x72 ../ECE_178_Project_app_bsp//obj/HAL/src/crt0.o
 .debug_line    0x0000000000000072       0xad obj/default/main.o
 .debug_line    0x000000000000011f       0x8e ../ECE_178_Project_app_bsp/\libhal_bsp.a(alt_load.o)
 .debug_line    0x00000000000001ad       0xa4 ../ECE_178_Project_app_bsp/\libhal_bsp.a(alt_main.o)
 .debug_line    0x0000000000000251      0x22d ../ECE_178_Project_app_bsp/\libhal_bsp.a(alt_sys_init.o)
 .debug_line    0x000000000000047e      0x12f ../ECE_178_Project_app_bsp/\libhal_bsp.a(altera_avalon_jtag_uart_fd.o)
 .debug_line    0x00000000000005ad      0x18b ../ECE_178_Project_app_bsp/\libhal_bsp.a(altera_avalon_jtag_uart_init.o)
 .debug_line    0x0000000000000738      0x131 ../ECE_178_Project_app_bsp/\libhal_bsp.a(altera_avalon_jtag_uart_ioctl.o)
 .debug_line    0x0000000000000869      0x171 ../ECE_178_Project_app_bsp/\libhal_bsp.a(altera_avalon_jtag_uart_read.o)
 .debug_line    0x00000000000009da      0x170 ../ECE_178_Project_app_bsp/\libhal_bsp.a(altera_avalon_jtag_uart_write.o)
 .debug_line    0x0000000000000b4a       0xfd ../ECE_178_Project_app_bsp/\libhal_bsp.a(altera_avalon_timer_sc.o)
 .debug_line    0x0000000000000c47      0x16c ../ECE_178_Project_app_bsp/\libhal_bsp.a(altera_up_avalon_video_character_buffer_with_dma.o)
 .debug_line    0x0000000000000db3       0xf9 ../ECE_178_Project_app_bsp/\libhal_bsp.a(alt_alarm_start.o)
 .debug_line    0x0000000000000eac      0x165 ../ECE_178_Project_app_bsp/\libhal_bsp.a(alt_close.o)
 .debug_line    0x0000000000001011       0x61 ../ECE_178_Project_app_bsp/\libhal_bsp.a(alt_dcache_flush_all.o)
 .debug_line    0x0000000000001072       0xf8 ../ECE_178_Project_app_bsp/\libhal_bsp.a(alt_dev.o)
 .debug_line    0x000000000000116a       0xcf ../ECE_178_Project_app_bsp/\libhal_bsp.a(alt_dev_llist_insert.o)
 .debug_line    0x0000000000001239       0x59 ../ECE_178_Project_app_bsp/\libhal_bsp.a(alt_do_ctors.o)
 .debug_line    0x0000000000001292       0x59 ../ECE_178_Project_app_bsp/\libhal_bsp.a(alt_do_dtors.o)
 .debug_line    0x00000000000012eb       0x51 ../ECE_178_Project_app_bsp/\libhal_bsp.a(alt_errno.o)
 .debug_line    0x000000000000133c       0xb5 ../ECE_178_Project_app_bsp/\libhal_bsp.a(alt_find_dev.o)
 .debug_line    0x00000000000013f1       0x50 ../ECE_178_Project_app_bsp/\libhal_bsp.a(alt_icache_flush_all.o)
 .debug_line    0x0000000000001441       0xeb ../ECE_178_Project_app_bsp/\libhal_bsp.a(alt_iic.o)
 .debug_line    0x000000000000152c       0xdb ../ECE_178_Project_app_bsp/\libhal_bsp.a(alt_iic_isr_register.o)
 .debug_line    0x0000000000001607      0x133 ../ECE_178_Project_app_bsp/\libhal_bsp.a(alt_io_redirect.o)
 .debug_line    0x000000000000173a       0x6b ../ECE_178_Project_app_bsp/\libhal_bsp.a(alt_irq_entry.o)
 .debug_line    0x00000000000017a5       0xaa ../ECE_178_Project_app_bsp/\libhal_bsp.a(alt_irq_handler.o)
 .debug_line    0x000000000000184f       0x50 ../ECE_178_Project_app_bsp/\libhal_bsp.a(alt_irq_vars.o)
 .debug_line    0x000000000000189f      0x128 ../ECE_178_Project_app_bsp/\libhal_bsp.a(alt_open.o)
 .debug_line    0x00000000000019c7       0xae ../ECE_178_Project_app_bsp/\libhal_bsp.a(alt_release_fd.o)
 .debug_line    0x0000000000001a75       0xff ../ECE_178_Project_app_bsp/\libhal_bsp.a(alt_tick.o)
 .debug_line    0x0000000000001b74       0x51 ../ECE_178_Project_app_bsp/\libhal_bsp.a(altera_nios2_qsys_irq.o)
 .debug_line    0x0000000000001bc5       0xab ../ECE_178_Project_app_bsp/\libhal_bsp.a(alt_exception_entry.o)
 .debug_line    0x0000000000001c70       0xd1 ../ECE_178_Project_app_bsp/\libhal_bsp.a(alt_find_file.o)
 .debug_line    0x0000000000001d41       0xd4 ../ECE_178_Project_app_bsp/\libhal_bsp.a(alt_get_fd.o)
 .debug_line    0x0000000000001e15       0x81 ../ECE_178_Project_app_bsp/\libhal_bsp.a(alt_icache_flush.o)
 .debug_line    0x0000000000001e96       0xe4 d:/intelfpga_lite/17.1/nios2eds/bin/gnu/h-x86_64-mingw32/bin/../lib/gcc/nios2-elf/5.3.0/../../../../../H-x86_64-mingw32/nios2-elf/lib\libc.a(lib_a-atexit.o)
 .debug_line    0x0000000000001f7a      0x1f9 d:/intelfpga_lite/17.1/nios2eds/bin/gnu/h-x86_64-mingw32/bin/../lib/gcc/nios2-elf/5.3.0/../../../../../H-x86_64-mingw32/nios2-elf/lib\libc.a(lib_a-exit.o)
 .debug_line    0x0000000000002173      0x15d d:/intelfpga_lite/17.1/nios2eds/bin/gnu/h-x86_64-mingw32/bin/../lib/gcc/nios2-elf/5.3.0/../../../../../H-x86_64-mingw32/nios2-elf/lib\libc.a(lib_a-impure.o)
 .debug_line    0x00000000000022d0       0x5c d:/intelfpga_lite/17.1/nios2eds/bin/gnu/h-x86_64-mingw32/bin/../lib/gcc/nios2-elf/5.3.0/../../../../../H-x86_64-mingw32/nios2-elf/lib\libc.a(lib_a-int_errno.o)
 .debug_line    0x000000000000232c      0x173 d:/intelfpga_lite/17.1/nios2eds/bin/gnu/h-x86_64-mingw32/bin/../lib/gcc/nios2-elf/5.3.0/../../../../../H-x86_64-mingw32/nios2-elf/lib\libc.a(lib_a-memcmp.o)
 .debug_line    0x000000000000249f      0x189 d:/intelfpga_lite/17.1/nios2eds/bin/gnu/h-x86_64-mingw32/bin/../lib/gcc/nios2-elf/5.3.0/../../../../../H-x86_64-mingw32/nios2-elf/lib\libc.a(lib_a-memcpy.o)
 .debug_line    0x0000000000002628       0xfe d:/intelfpga_lite/17.1/nios2eds/bin/gnu/h-x86_64-mingw32/bin/../lib/gcc/nios2-elf/5.3.0/../../../../../H-x86_64-mingw32/nios2-elf/lib\libc.a(lib_a-strcmp.o)
 .debug_line    0x0000000000002726      0x16c d:/intelfpga_lite/17.1/nios2eds/bin/gnu/h-x86_64-mingw32/bin/../lib/gcc/nios2-elf/5.3.0/../../../../../H-x86_64-mingw32/nios2-elf/lib\libc.a(lib_a-strlen.o)
 .debug_line    0x0000000000002892      0x21c d:/intelfpga_lite/17.1/nios2eds/bin/gnu/h-x86_64-mingw32/bin/../lib/gcc/nios2-elf/5.3.0/../../../../../H-x86_64-mingw32/nios2-elf/lib\libc.a(lib_a-__atexit.o)
 .debug_line    0x0000000000002aae      0x237 d:/intelfpga_lite/17.1/nios2eds/bin/gnu/h-x86_64-mingw32/bin/../lib/gcc/nios2-elf/5.3.0/../../../../../H-x86_64-mingw32/nios2-elf/lib\libc.a(lib_a-__call_atexit.o)
 .debug_line    0x0000000000002ce5       0x71 ../ECE_178_Project_app_bsp/\libhal_bsp.a(alt_exit.o)

.debug_frame    0x0000000000000000      0xb90
 *(.debug_frame)
 .debug_frame   0x0000000000000000       0x2c obj/default/main.o
 .debug_frame   0x000000000000002c       0x5c ../ECE_178_Project_app_bsp/\libhal_bsp.a(alt_load.o)
 .debug_frame   0x0000000000000088       0x2c ../ECE_178_Project_app_bsp/\libhal_bsp.a(alt_main.o)
 .debug_frame   0x00000000000000b4       0x88 ../ECE_178_Project_app_bsp/\libhal_bsp.a(alt_sys_init.o)
 .debug_frame   0x000000000000013c       0xb0 ../ECE_178_Project_app_bsp/\libhal_bsp.a(altera_avalon_jtag_uart_fd.o)
 .debug_frame   0x00000000000001ec       0xa4 ../ECE_178_Project_app_bsp/\libhal_bsp.a(altera_avalon_jtag_uart_init.o)
 .debug_frame   0x0000000000000290       0x34 ../ECE_178_Project_app_bsp/\libhal_bsp.a(altera_avalon_jtag_uart_ioctl.o)
 .debug_frame   0x00000000000002c4       0x38 ../ECE_178_Project_app_bsp/\libhal_bsp.a(altera_avalon_jtag_uart_read.o)
 .debug_frame   0x00000000000002fc       0x38 ../ECE_178_Project_app_bsp/\libhal_bsp.a(altera_avalon_jtag_uart_write.o)
 .debug_frame   0x0000000000000334       0x60 ../ECE_178_Project_app_bsp/\libhal_bsp.a(altera_avalon_timer_sc.o)
 .debug_frame   0x0000000000000394       0xcc ../ECE_178_Project_app_bsp/\libhal_bsp.a(altera_up_avalon_video_character_buffer_with_dma.o)
 .debug_frame   0x0000000000000460       0x34 ../ECE_178_Project_app_bsp/\libhal_bsp.a(alt_alarm_start.o)
 .debug_frame   0x0000000000000494       0x60 ../ECE_178_Project_app_bsp/\libhal_bsp.a(alt_close.o)
 .debug_frame   0x00000000000004f4       0x34 ../ECE_178_Project_app_bsp/\libhal_bsp.a(alt_dcache_flush_all.o)
 .debug_frame   0x0000000000000528       0x34 ../ECE_178_Project_app_bsp/\libhal_bsp.a(alt_dev.o)
 .debug_frame   0x000000000000055c       0x60 ../ECE_178_Project_app_bsp/\libhal_bsp.a(alt_dev_llist_insert.o)
 .debug_frame   0x00000000000005bc       0x38 ../ECE_178_Project_app_bsp/\libhal_bsp.a(alt_do_ctors.o)
 .debug_frame   0x00000000000005f4       0x38 ../ECE_178_Project_app_bsp/\libhal_bsp.a(alt_do_dtors.o)
 .debug_frame   0x000000000000062c       0x38 ../ECE_178_Project_app_bsp/\libhal_bsp.a(alt_find_dev.o)
 .debug_frame   0x0000000000000664       0x38 ../ECE_178_Project_app_bsp/\libhal_bsp.a(alt_icache_flush_all.o)
 .debug_frame   0x000000000000069c       0xa4 ../ECE_178_Project_app_bsp/\libhal_bsp.a(alt_iic.o)
 .debug_frame   0x0000000000000740       0x38 ../ECE_178_Project_app_bsp/\libhal_bsp.a(alt_iic_isr_register.o)
 .debug_frame   0x0000000000000778       0x60 ../ECE_178_Project_app_bsp/\libhal_bsp.a(alt_io_redirect.o)
 .debug_frame   0x00000000000007d8       0x38 ../ECE_178_Project_app_bsp/\libhal_bsp.a(alt_irq_handler.o)
 .debug_frame   0x0000000000000810       0x84 ../ECE_178_Project_app_bsp/\libhal_bsp.a(alt_open.o)
 .debug_frame   0x0000000000000894       0x34 ../ECE_178_Project_app_bsp/\libhal_bsp.a(alt_release_fd.o)
 .debug_frame   0x00000000000008c8       0x5c ../ECE_178_Project_app_bsp/\libhal_bsp.a(alt_tick.o)
 .debug_frame   0x0000000000000924       0x34 ../ECE_178_Project_app_bsp/\libhal_bsp.a(altera_nios2_qsys_irq.o)
 .debug_frame   0x0000000000000958       0x38 ../ECE_178_Project_app_bsp/\libhal_bsp.a(alt_find_file.o)
 .debug_frame   0x0000000000000990       0x34 ../ECE_178_Project_app_bsp/\libhal_bsp.a(alt_get_fd.o)
 .debug_frame   0x00000000000009c4       0x34 ../ECE_178_Project_app_bsp/\libhal_bsp.a(alt_icache_flush.o)
 .debug_frame   0x00000000000009f8       0x20 d:/intelfpga_lite/17.1/nios2eds/bin/gnu/h-x86_64-mingw32/bin/../lib/gcc/nios2-elf/5.3.0/../../../../../H-x86_64-mingw32/nios2-elf/lib\libc.a(lib_a-atexit.o)
 .debug_frame   0x0000000000000a18       0x28 d:/intelfpga_lite/17.1/nios2eds/bin/gnu/h-x86_64-mingw32/bin/../lib/gcc/nios2-elf/5.3.0/../../../../../H-x86_64-mingw32/nios2-elf/lib\libc.a(lib_a-exit.o)
 .debug_frame   0x0000000000000a40       0x20 d:/intelfpga_lite/17.1/nios2eds/bin/gnu/h-x86_64-mingw32/bin/../lib/gcc/nios2-elf/5.3.0/../../../../../H-x86_64-mingw32/nios2-elf/lib\libc.a(lib_a-memcmp.o)
 .debug_frame   0x0000000000000a60       0x38 d:/intelfpga_lite/17.1/nios2eds/bin/gnu/h-x86_64-mingw32/bin/../lib/gcc/nios2-elf/5.3.0/../../../../../H-x86_64-mingw32/nios2-elf/lib\libc.a(lib_a-memcpy.o)
 .debug_frame   0x0000000000000a98       0x20 d:/intelfpga_lite/17.1/nios2eds/bin/gnu/h-x86_64-mingw32/bin/../lib/gcc/nios2-elf/5.3.0/../../../../../H-x86_64-mingw32/nios2-elf/lib\libc.a(lib_a-strcmp.o)
 .debug_frame   0x0000000000000ab8       0x20 d:/intelfpga_lite/17.1/nios2eds/bin/gnu/h-x86_64-mingw32/bin/../lib/gcc/nios2-elf/5.3.0/../../../../../H-x86_64-mingw32/nios2-elf/lib\libc.a(lib_a-strlen.o)
 .debug_frame   0x0000000000000ad8       0x38 d:/intelfpga_lite/17.1/nios2eds/bin/gnu/h-x86_64-mingw32/bin/../lib/gcc/nios2-elf/5.3.0/../../../../../H-x86_64-mingw32/nios2-elf/lib\libc.a(lib_a-__atexit.o)
 .debug_frame   0x0000000000000b10       0x54 d:/intelfpga_lite/17.1/nios2eds/bin/gnu/h-x86_64-mingw32/bin/../lib/gcc/nios2-elf/5.3.0/../../../../../H-x86_64-mingw32/nios2-elf/lib\libc.a(lib_a-__call_atexit.o)
 .debug_frame   0x0000000000000b64       0x2c ../ECE_178_Project_app_bsp/\libhal_bsp.a(alt_exit.o)

.debug_str      0x0000000000000000     0x18e7
 *(.debug_str)
 .debug_str     0x0000000000000000       0xf0 obj/default/main.o
                                        0x130 (size before relaxing)
 .debug_str     0x00000000000000f0      0x157 ../ECE_178_Project_app_bsp/\libhal_bsp.a(alt_load.o)
                                        0x223 (size before relaxing)
 .debug_str     0x0000000000000247       0x70 ../ECE_178_Project_app_bsp/\libhal_bsp.a(alt_main.o)
                                        0x1ae (size before relaxing)
 .debug_str     0x00000000000002b7      0x386 ../ECE_178_Project_app_bsp/\libhal_bsp.a(alt_sys_init.o)
                                        0x569 (size before relaxing)
 .debug_str     0x000000000000063d       0xb2 ../ECE_178_Project_app_bsp/\libhal_bsp.a(altera_avalon_jtag_uart_fd.o)
                                        0x3b5 (size before relaxing)
 .debug_str     0x00000000000006ef       0xd1 ../ECE_178_Project_app_bsp/\libhal_bsp.a(altera_avalon_jtag_uart_init.o)
                                        0x349 (size before relaxing)
 .debug_str     0x00000000000007c0       0x4a ../ECE_178_Project_app_bsp/\libhal_bsp.a(altera_avalon_jtag_uart_ioctl.o)
                                        0x2a4 (size before relaxing)
 .debug_str     0x000000000000080a       0x7f ../ECE_178_Project_app_bsp/\libhal_bsp.a(altera_avalon_jtag_uart_read.o)
                                        0x2f9 (size before relaxing)
 .debug_str     0x0000000000000889       0x4a ../ECE_178_Project_app_bsp/\libhal_bsp.a(altera_avalon_jtag_uart_write.o)
                                        0x2fa (size before relaxing)
 .debug_str     0x00000000000008d3       0x6d ../ECE_178_Project_app_bsp/\libhal_bsp.a(altera_avalon_timer_sc.o)
                                        0x25c (size before relaxing)
 .debug_str     0x0000000000000940       0xca ../ECE_178_Project_app_bsp/\libhal_bsp.a(altera_up_avalon_video_character_buffer_with_dma.o)
                                        0x333 (size before relaxing)
 .debug_str     0x0000000000000a0a       0x5f ../ECE_178_Project_app_bsp/\libhal_bsp.a(alt_alarm_start.o)
                                        0x28f (size before relaxing)
 .debug_str     0x0000000000000a69       0x44 ../ECE_178_Project_app_bsp/\libhal_bsp.a(alt_close.o)
                                        0x21c (size before relaxing)
 .debug_str     0x0000000000000aad       0x34 ../ECE_178_Project_app_bsp/\libhal_bsp.a(alt_dcache_flush_all.o)
                                        0x166 (size before relaxing)
 .debug_str     0x0000000000000ae1      0x120 ../ECE_178_Project_app_bsp/\libhal_bsp.a(alt_dev.o)
                                        0x316 (size before relaxing)
 .debug_str     0x0000000000000c01       0x34 ../ECE_178_Project_app_bsp/\libhal_bsp.a(alt_dev_llist_insert.o)
                                        0x1dd (size before relaxing)
 .debug_str     0x0000000000000c35       0x48 ../ECE_178_Project_app_bsp/\libhal_bsp.a(alt_do_ctors.o)
                                         0xe1 (size before relaxing)
 .debug_str     0x0000000000000c7d       0x4c ../ECE_178_Project_app_bsp/\libhal_bsp.a(alt_do_dtors.o)
                                         0xe0 (size before relaxing)
 .debug_str     0x0000000000000cc9       0x14 ../ECE_178_Project_app_bsp/\libhal_bsp.a(alt_errno.o)
                                        0x156 (size before relaxing)
 .debug_str     0x0000000000000cdd       0x24 ../ECE_178_Project_app_bsp/\libhal_bsp.a(alt_find_dev.o)
                                        0x1fd (size before relaxing)
 .debug_str     0x0000000000000d01       0x34 ../ECE_178_Project_app_bsp/\libhal_bsp.a(alt_icache_flush_all.o)
                                        0x166 (size before relaxing)
 .debug_str     0x0000000000000d35       0xc4 ../ECE_178_Project_app_bsp/\libhal_bsp.a(alt_iic.o)
                                        0x24f (size before relaxing)
 .debug_str     0x0000000000000df9       0x4c ../ECE_178_Project_app_bsp/\libhal_bsp.a(alt_iic_isr_register.o)
                                        0x1f9 (size before relaxing)
 .debug_str     0x0000000000000e45       0x56 ../ECE_178_Project_app_bsp/\libhal_bsp.a(alt_io_redirect.o)
                                        0x327 (size before relaxing)
 .debug_str     0x0000000000000e9b       0x3a ../ECE_178_Project_app_bsp/\libhal_bsp.a(alt_irq_handler.o)
                                        0x1a8 (size before relaxing)
 .debug_str     0x0000000000000ed5       0x17 ../ECE_178_Project_app_bsp/\libhal_bsp.a(alt_irq_vars.o)
                                        0x14b (size before relaxing)
 .debug_str     0x0000000000000eec       0x2f ../ECE_178_Project_app_bsp/\libhal_bsp.a(alt_open.o)
                                        0x25c (size before relaxing)
 .debug_str     0x0000000000000f1b       0x28 ../ECE_178_Project_app_bsp/\libhal_bsp.a(alt_release_fd.o)
                                        0x1e4 (size before relaxing)
 .debug_str     0x0000000000000f43       0x4a ../ECE_178_Project_app_bsp/\libhal_bsp.a(alt_tick.o)
                                        0x263 (size before relaxing)
 .debug_str     0x0000000000000f8d       0x3b ../ECE_178_Project_app_bsp/\libhal_bsp.a(altera_nios2_qsys_irq.o)
                                        0x16d (size before relaxing)
 .debug_str     0x0000000000000fc8       0x26 ../ECE_178_Project_app_bsp/\libhal_bsp.a(alt_find_file.o)
                                        0x20b (size before relaxing)
 .debug_str     0x0000000000000fee       0x30 ../ECE_178_Project_app_bsp/\libhal_bsp.a(alt_get_fd.o)
                                        0x22d (size before relaxing)
 .debug_str     0x000000000000101e       0x2c ../ECE_178_Project_app_bsp/\libhal_bsp.a(alt_icache_flush.o)
                                        0x16c (size before relaxing)
 .debug_str     0x000000000000104a      0x162 d:/intelfpga_lite/17.1/nios2eds/bin/gnu/h-x86_64-mingw32/bin/../lib/gcc/nios2-elf/5.3.0/../../../../../H-x86_64-mingw32/nios2-elf/lib\libc.a(lib_a-atexit.o)
                                        0x207 (size before relaxing)
 .debug_str     0x00000000000011ac      0x3ac d:/intelfpga_lite/17.1/nios2eds/bin/gnu/h-x86_64-mingw32/bin/../lib/gcc/nios2-elf/5.3.0/../../../../../H-x86_64-mingw32/nios2-elf/lib\libc.a(lib_a-exit.o)
                                        0x5a4 (size before relaxing)
 .debug_str     0x0000000000001558       0xc8 d:/intelfpga_lite/17.1/nios2eds/bin/gnu/h-x86_64-mingw32/bin/../lib/gcc/nios2-elf/5.3.0/../../../../../H-x86_64-mingw32/nios2-elf/lib\libc.a(lib_a-impure.o)
                                        0x59b (size before relaxing)
 .debug_str     0x0000000000001620       0x3c d:/intelfpga_lite/17.1/nios2eds/bin/gnu/h-x86_64-mingw32/bin/../lib/gcc/nios2-elf/5.3.0/../../../../../H-x86_64-mingw32/nios2-elf/lib\libc.a(lib_a-int_errno.o)
                                        0x1c3 (size before relaxing)
 .debug_str     0x000000000000165c       0xcc d:/intelfpga_lite/17.1/nios2eds/bin/gnu/h-x86_64-mingw32/bin/../lib/gcc/nios2-elf/5.3.0/../../../../../H-x86_64-mingw32/nios2-elf/lib\libc.a(lib_a-memcmp.o)
                                        0x1ca (size before relaxing)
 .debug_str     0x0000000000001728       0x68 d:/intelfpga_lite/17.1/nios2eds/bin/gnu/h-x86_64-mingw32/bin/../lib/gcc/nios2-elf/5.3.0/../../../../../H-x86_64-mingw32/nios2-elf/lib\libc.a(lib_a-memcpy.o)
                                        0x1f1 (size before relaxing)
 .debug_str     0x0000000000001790       0x41 d:/intelfpga_lite/17.1/nios2eds/bin/gnu/h-x86_64-mingw32/bin/../lib/gcc/nios2-elf/5.3.0/../../../../../H-x86_64-mingw32/nios2-elf/lib\libc.a(lib_a-strcmp.o)
                                        0x1c3 (size before relaxing)
 .debug_str     0x00000000000017d1       0x4e d:/intelfpga_lite/17.1/nios2eds/bin/gnu/h-x86_64-mingw32/bin/../lib/gcc/nios2-elf/5.3.0/../../../../../H-x86_64-mingw32/nios2-elf/lib\libc.a(lib_a-strlen.o)
                                        0x1dd (size before relaxing)
 .debug_str     0x000000000000181f       0x3c d:/intelfpga_lite/17.1/nios2eds/bin/gnu/h-x86_64-mingw32/bin/../lib/gcc/nios2-elf/5.3.0/../../../../../H-x86_64-mingw32/nios2-elf/lib\libc.a(lib_a-__atexit.o)
                                        0x5dc (size before relaxing)
 .debug_str     0x000000000000185b       0x62 d:/intelfpga_lite/17.1/nios2eds/bin/gnu/h-x86_64-mingw32/bin/../lib/gcc/nios2-elf/5.3.0/../../../../../H-x86_64-mingw32/nios2-elf/lib\libc.a(lib_a-__call_atexit.o)
                                        0x5c8 (size before relaxing)
 .debug_str     0x00000000000018bd       0x2a ../ECE_178_Project_app_bsp/\libhal_bsp.a(alt_exit.o)
                                        0x162 (size before relaxing)

.debug_loc      0x0000000000000000      0x836
 *(.debug_loc)
 .debug_loc     0x0000000000000000       0x2c d:/intelfpga_lite/17.1/nios2eds/bin/gnu/h-x86_64-mingw32/bin/../lib/gcc/nios2-elf/5.3.0/../../../../../H-x86_64-mingw32/nios2-elf/lib\libc.a(lib_a-atexit.o)
 .debug_loc     0x000000000000002c       0x1e d:/intelfpga_lite/17.1/nios2eds/bin/gnu/h-x86_64-mingw32/bin/../lib/gcc/nios2-elf/5.3.0/../../../../../H-x86_64-mingw32/nios2-elf/lib\libc.a(lib_a-exit.o)
 .debug_loc     0x000000000000004a      0x126 d:/intelfpga_lite/17.1/nios2eds/bin/gnu/h-x86_64-mingw32/bin/../lib/gcc/nios2-elf/5.3.0/../../../../../H-x86_64-mingw32/nios2-elf/lib\libc.a(lib_a-memcmp.o)
 .debug_loc     0x0000000000000170      0x266 d:/intelfpga_lite/17.1/nios2eds/bin/gnu/h-x86_64-mingw32/bin/../lib/gcc/nios2-elf/5.3.0/../../../../../H-x86_64-mingw32/nios2-elf/lib\libc.a(lib_a-memcpy.o)
 .debug_loc     0x00000000000003d6       0xc6 d:/intelfpga_lite/17.1/nios2eds/bin/gnu/h-x86_64-mingw32/bin/../lib/gcc/nios2-elf/5.3.0/../../../../../H-x86_64-mingw32/nios2-elf/lib\libc.a(lib_a-strcmp.o)
 .debug_loc     0x000000000000049c       0x47 d:/intelfpga_lite/17.1/nios2eds/bin/gnu/h-x86_64-mingw32/bin/../lib/gcc/nios2-elf/5.3.0/../../../../../H-x86_64-mingw32/nios2-elf/lib\libc.a(lib_a-strlen.o)
 .debug_loc     0x00000000000004e3      0x185 d:/intelfpga_lite/17.1/nios2eds/bin/gnu/h-x86_64-mingw32/bin/../lib/gcc/nios2-elf/5.3.0/../../../../../H-x86_64-mingw32/nios2-elf/lib\libc.a(lib_a-__atexit.o)
 .debug_loc     0x0000000000000668      0x1ce d:/intelfpga_lite/17.1/nios2eds/bin/gnu/h-x86_64-mingw32/bin/../lib/gcc/nios2-elf/5.3.0/../../../../../H-x86_64-mingw32/nios2-elf/lib\libc.a(lib_a-__call_atexit.o)

.debug_macinfo
 *(.debug_macinfo)

.debug_weaknames
 *(.debug_weaknames)

.debug_funcnames
 *(.debug_funcnames)

.debug_typenames
 *(.debug_typenames)

.debug_varnames
 *(.debug_varnames)

.debug_alt_sim_info
                0x0000000000000000       0x30
 *(.debug_alt_sim_info)
 .debug_alt_sim_info
                0x0000000000000000       0x30 ../ECE_178_Project_app_bsp//obj/HAL/src/crt0.o
                0x0000000010000000                __alt_data_end = 0x10000000
                0x0000000010000000                PROVIDE (__alt_stack_pointer, __alt_data_end)
                [!provide]                        PROVIDE (__alt_stack_limit, __alt_stack_base)
                [!provide]                        PROVIDE (__alt_heap_start, end)
                [!provide]                        PROVIDE (__alt_heap_limit, 0x10000000)
OUTPUT(ECE_178_Project_app.elf elf32-littlenios2)

.debug_ranges   0x0000000000000000      0x170
 .debug_ranges  0x0000000000000000       0x20 ../ECE_178_Project_app_bsp//obj/HAL/src/crt0.o
 .debug_ranges  0x0000000000000020       0x30 ../ECE_178_Project_app_bsp/\libhal_bsp.a(altera_avalon_jtag_uart_init.o)
 .debug_ranges  0x0000000000000050       0x18 ../ECE_178_Project_app_bsp/\libhal_bsp.a(altera_avalon_jtag_uart_read.o)
 .debug_ranges  0x0000000000000068       0x28 ../ECE_178_Project_app_bsp/\libhal_bsp.a(alt_irq_entry.o)
 .debug_ranges  0x0000000000000090       0x10 ../ECE_178_Project_app_bsp/\libhal_bsp.a(alt_irq_handler.o)
 .debug_ranges  0x00000000000000a0       0x30 ../ECE_178_Project_app_bsp/\libhal_bsp.a(alt_exception_entry.o)
 .debug_ranges  0x00000000000000d0       0x10 d:/intelfpga_lite/17.1/nios2eds/bin/gnu/h-x86_64-mingw32/bin/../lib/gcc/nios2-elf/5.3.0/../../../../../H-x86_64-mingw32/nios2-elf/lib\libc.a(lib_a-atexit.o)
 .debug_ranges  0x00000000000000e0       0x10 d:/intelfpga_lite/17.1/nios2eds/bin/gnu/h-x86_64-mingw32/bin/../lib/gcc/nios2-elf/5.3.0/../../../../../H-x86_64-mingw32/nios2-elf/lib\libc.a(lib_a-exit.o)
 .debug_ranges  0x00000000000000f0       0x10 d:/intelfpga_lite/17.1/nios2eds/bin/gnu/h-x86_64-mingw32/bin/../lib/gcc/nios2-elf/5.3.0/../../../../../H-x86_64-mingw32/nios2-elf/lib\libc.a(lib_a-memcmp.o)
 .debug_ranges  0x0000000000000100       0x10 d:/intelfpga_lite/17.1/nios2eds/bin/gnu/h-x86_64-mingw32/bin/../lib/gcc/nios2-elf/5.3.0/../../../../../H-x86_64-mingw32/nios2-elf/lib\libc.a(lib_a-memcpy.o)
 .debug_ranges  0x0000000000000110       0x10 d:/intelfpga_lite/17.1/nios2eds/bin/gnu/h-x86_64-mingw32/bin/../lib/gcc/nios2-elf/5.3.0/../../../../../H-x86_64-mingw32/nios2-elf/lib\libc.a(lib_a-strcmp.o)
 .debug_ranges  0x0000000000000120       0x10 d:/intelfpga_lite/17.1/nios2eds/bin/gnu/h-x86_64-mingw32/bin/../lib/gcc/nios2-elf/5.3.0/../../../../../H-x86_64-mingw32/nios2-elf/lib\libc.a(lib_a-strlen.o)
 .debug_ranges  0x0000000000000130       0x10 d:/intelfpga_lite/17.1/nios2eds/bin/gnu/h-x86_64-mingw32/bin/../lib/gcc/nios2-elf/5.3.0/../../../../../H-x86_64-mingw32/nios2-elf/lib\libc.a(lib_a-__atexit.o)
 .debug_ranges  0x0000000000000140       0x30 d:/intelfpga_lite/17.1/nios2eds/bin/gnu/h-x86_64-mingw32/bin/../lib/gcc/nios2-elf/5.3.0/../../../../../H-x86_64-mingw32/nios2-elf/lib\libc.a(lib_a-__call_atexit.o)
